03-14 15:30:20.261  1519  1519 W ResourceType: No package identifier when getting value for resource number 0x00000000
03-14 15:30:20.271  1519  1519 W ResourceType: No package identifier when getting value for resource number 0x00000000
03-14 15:30:20.281  1519  1519 W ResourceType: No package identifier when getting value for resource number 0x00000000
03-14 15:30:20.291  1519  1519 W ResourceType: No package identifier when getting value for resource number 0x00000000
03-14 15:30:20.301  1519  1519 W ResourceType: No package identifier when getting value for resource number 0x00000000
03-14 15:30:20.311  2053  2053 F libc    : Fatal signal 13 (SIGPIPE) at 0x00000805 (code=0), thread 2053 (sh)
03-14 15:30:20.331  1519  1519 W ResourceType: No package identifier when getting value for resource number 0x00000000
03-14 15:30:20.331  1519  1519 W ResourceType: No package identifier when getting value for resource number 0x00000000
03-14 15:30:20.351  1519  1519 W ResourceType: No package identifier when getting value for resource number 0x00000000
03-14 15:30:20.351  1519  1519 W ResourceType: No package identifier when getting value for resource number 0x00000000
03-14 15:30:20.351  1519  1519 W ResourceType: No package identifier when getting value for resource number 0x00000000
03-14 15:30:20.391  1519  1521 D dalvikvm: GC_CONCURRENT freed 5219K, 49% free 14370K/28039K, paused 12ms+31ms, total 153ms
03-14 15:30:20.391  1519  1519 W ResourceType: No package identifier when getting value for resource number 0x00000000
03-14 15:30:20.391  1519  1519 W ResourceType: No package identifier when getting value for resource number 0x00000000
03-14 15:30:20.391  1519  1519 W ResourceType: No package identifier when getting value for resource number 0x00000000
03-14 15:30:20.401  1519  1519 W ResourceType: No package identifier when getting value for resource number 0x00000000
03-14 15:30:20.411  1519  1519 W ResourceType: No package identifier when getting value for resource number 0x00000000
03-14 15:30:20.411   342   342 I DEBUG   : *** *** *** *** *** *** *** *** *** *** *** *** *** *** *** ***
03-14 15:30:20.411   342   342 I DEBUG   : Build fingerprint: 'motorola/XT897_us_spr/asanti_c:4.1.2/9.8.2Q-122_XT897_FFW-8/9:user/release-keys'
03-14 15:30:20.411   342   342 I DEBUG   : pid: 2053, tid: 2053, name: sh  >>> /system/bin/sh <<<
03-14 15:30:20.411   342   342 I DEBUG   : signal 13 (SIGPIPE), code -6 (?), fault addr --------
03-14 15:30:20.411   342   342 I DEBUG   :     r0 ffffffe0  r1 41f89fe0  r2 00000ff1  r3 00000000
03-14 15:30:20.411   342   342 I DEBUG   :     r4 00000000  r5 00000003  r6 41f89fbc  r7 00000004
03-14 15:30:20.411   342   342 I DEBUG   :     r8 41f89fe0  r9 41f89f30  sl 41f89fe0  fp 40022cb8
03-14 15:30:20.411   342   342 I DEBUG   :     ip 40026f40  sp bedd2710  lr 4000f501  pc 400c09f8  cpsr 00000010
03-14 15:30:20.411   342   342 I DEBUG   :     d0  762f3a6e6962732f  d1  69622f726f646e65
03-14 15:30:20.411   342   342 I DEBUG   :     d2  65747379732f3a6e  d3  2f3a6e6962732f6d
03-14 15:30:20.411   342   342 I DEBUG   :     d4  0000000000000000  d5  0000000000000000
03-14 15:30:20.411   342   342 I DEBUG   :     d6  0000000000000000  d7  514ea85a00000000
03-14 15:30:20.411   342   342 I DEBUG   :     d8  0000000000000000  d9  0000000000000000
03-14 15:30:20.411   342   342 I DEBUG   :     d10 0000000000000000  d11 0000000000000000
03-14 15:30:20.411   342   342 I DEBUG   :     d12 0000000000000000  d13 0000000000000000
03-14 15:30:20.411   342   342 I DEBUG   :     d14 0000000000000000  d15 0000000000000000
03-14 15:30:20.411   342   342 I DEBUG   :     d16 4150243d48544150  d17 6d6f63202e3a4854
03-14 15:30:20.411   342   342 I DEBUG   :     d18 6a2e6e6f6464612e  d19 747379732f3a7261
03-14 15:30:20.411   342   342 I DEBUG   :     d20 656d6172662f6d65  d21 6d6f632f6b726f77
03-14 15:30:20.411   342   342 I DEBUG   :     d22 6c6f726f746f6d2e  d23 696f72646e612e61
03-14 15:30:20.411   342   342 I DEBUG   :     d24 0000000000000000  d25 0000000000000000
03-14 15:30:20.411   342   342 I DEBUG   :     d26 0000000000000000  d27 0000000000000000
03-14 15:30:20.411   342   342 I DEBUG   :     d28 0000000000000000  d29 0000000000000000
03-14 15:30:20.411   342   342 I DEBUG   :     d30 0000000000000000  d31 0000000000000000
03-14 15:30:20.411   342   342 I DEBUG   :     scr 00000010
03-14 15:30:20.411   342   342 I DEBUG   : 
03-14 15:30:20.411   342   342 I DEBUG   : backtrace:
03-14 15:30:20.411   342   342 I DEBUG   :     #00  pc 0000c9f8  /system/lib/libc.so (write+12)
03-14 15:30:20.411   342   342 I DEBUG   :     #01  pc 0000e4fd  /system/bin/mksh
03-14 15:30:20.411   342   342 I DEBUG   : 
03-14 15:30:20.411   342   342 I DEBUG   : stack:
03-14 15:30:20.411   342   342 I DEBUG   :          bedd26d0  0000100b  
03-14 15:30:20.411   342   342 I DEBUG   :          bedd26d4  400c9597  /system/lib/libc.so (dlmalloc+5322)
03-14 15:30:20.411   342   342 I DEBUG   :          bedd26d8  00000000  
03-14 15:30:20.411   342   342 I DEBUG   :          bedd26dc  00000004  
03-14 15:30:20.411   342   342 I DEBUG   :          bedd26e0  41f89f90  [heap]
03-14 15:30:20.411   342   342 I DEBUG   :          bedd26e4  400c9597  /system/lib/libc.so (dlmalloc+5322)
03-14 15:30:20.411   342   342 I DEBUG   :          bedd26e8  00000000  
03-14 15:30:20.411   342   342 I DEBUG   :          bedd26ec  40026eac  /system/bin/mksh
03-14 15:30:20.411   342   342 I DEBUG   :          bedd26f0  41f89f28  [heap]
03-14 15:30:20.411   342   342 I DEBUG   :          bedd26f4  4002bcc4  
03-14 15:30:20.411   342   342 I DEBUG   :          bedd26f8  00000000  
03-14 15:30:20.411   342   342 I DEBUG   :          bedd26fc  41f89fe0  [heap]
03-14 15:30:20.411   342   342 I DEBUG   :          bedd2700  00000000  
03-14 15:30:20.411   342   342 I DEBUG   :          bedd2704  00000003  
03-14 15:30:20.411   342   342 I DEBUG   :          bedd2708  df0027ad  
03-14 15:30:20.411   342   342 I DEBUG   :          bedd270c  00000000  
03-14 15:30:20.411   342   342 I DEBUG   :     #00  bedd2710  00000000  
03-14 15:30:20.411   342   342 I DEBUG   :          bedd2714  00000ff1  
03-14 15:30:20.411   342   342 I DEBUG   :     #01  bedd2718  41f89f28  [heap]
03-14 15:30:20.411   342   342 I DEBUG   :          bedd271c  00013804  
03-14 15:30:20.411   342   342 I DEBUG   :          bedd2720  00000001  
03-14 15:30:20.411   342   342 I DEBUG   :          bedd2724  40026eac  /system/bin/mksh
03-14 15:30:20.411   342   342 I DEBUG   :          bedd2728  4002bd84  
03-14 15:30:20.411   342   342 I DEBUG   :          bedd272c  4002bd88  
03-14 15:30:20.411   342   342 I DEBUG   :          bedd2730  4002bbb0  
03-14 15:30:20.411   342   342 I DEBUG   :          bedd2734  41f89f28  [heap]
03-14 15:30:20.411   342   342 I DEBUG   :          bedd2738  41f86f9c  [heap]
03-14 15:30:20.411   342   342 I DEBUG   :          bedd273c  4002bdf6  
03-14 15:30:20.411   342   342 I DEBUG   :          bedd2740  00000001  
03-14 15:30:20.411   342   342 I DEBUG   :          bedd2744  4000c5cd  /system/bin/mksh
03-14 15:30:20.411   342   342 I DEBUG   :          bedd2748  41f89f28  [heap]
03-14 15:30:20.411   342   342 I DEBUG   :          bedd274c  0000001f  
03-14 15:30:20.411   342   342 I DEBUG   :          bedd2750  41f89fac  [heap]
03-14 15:30:20.411   342   342 I DEBUG   :          bedd2754  41f89b3c  [heap]
03-14 15:30:20.411   342   342 I DEBUG   : 
03-14 15:30:20.411   342   342 I DEBUG   : memory near r1:
03-14 15:30:20.411   342   342 I DEBUG   :     41f89fc0 656e2f63 74782f74 6174715f 64697567  c/net/xt_qtaguid
03-14 15:30:20.411   342   342 I DEBUG   :     41f89fd0 6174732f 00007374 00000000 0000100b  /stats..........
03-14 15:30:20.411   342   342 I DEBUG   :     41f89fe0 20786469 63616669 63612065 745f7463  idx iface acct_t
03-14 15:30:20.411   342   342 I DEBUG   :     41f89ff0 685f6761 75207865 745f6469 695f6761  ag_hex uid_tag_i
03-14 15:30:20.411   342   342 I DEBUG   :     41f8a000 6320746e 735f746e 72207465 79625f78  nt cnt_set rx_by
03-14 15:30:20.411   342   342 I DEBUG   : 
03-14 15:30:20.411   342   342 I DEBUG   : memory near r6:
03-14 15:30:20.411   342   342 I DEBUG   :     41f89f9c 400fd5b4 00000010 00000012 00000000  ...@............
03-14 15:30:20.411   342   342 I DEBUG   :     41f89fac 00746163 00000000 0000002b 41f89fa8  cat.....+......A
03-14 15:30:20.411   342   342 I DEBUG   :     41f89fbc 6f72702f 656e2f63 74782f74 6174715f  /proc/net/xt_qta
03-14 15:30:20.411   342   342 I DEBUG   :     41f89fcc 64697567 6174732f 00007374 00000000  guid/stats......
03-14 15:30:20.411   342   342 I DEBUG   :     41f89fdc 0000100b 20786469 63616669 63612065  ....idx iface ac
03-14 15:30:20.411   342   342 I DEBUG   : 
03-14 15:30:20.411   342   342 I DEBUG   : memory near r8:
03-14 15:30:20.421   342   342 I DEBUG   :     41f89fc0 656e2f63 74782f74 6174715f 64697567  c/net/xt_qtaguid
03-14 15:30:20.421   342   342 I DEBUG   :     41f89fd0 6174732f 00007374 00000000 0000100b  /stats..........
03-14 15:30:20.421   342   342 I DEBUG   :     41f89fe0 20786469 63616669 63612065 745f7463  idx iface acct_t
03-14 15:30:20.421   342   342 I DEBUG   :     41f89ff0 685f6761 75207865 745f6469 695f6761  ag_hex uid_tag_i
03-14 15:30:20.421   342   342 I DEBUG   :     41f8a000 6320746e 735f746e 72207465 79625f78  nt cnt_set rx_by
03-14 15:30:20.421   342   342 I DEBUG   : 
03-14 15:30:20.421   342   342 I DEBUG   : memory near r9:
03-14 15:30:20.421   342   342 I DEBUG   :     41f89f10 00000000 00000004 00000000 0000001b  ................
03-14 15:30:20.421   342   342 I DEBUG   :     41f89f20 41f89fb8 00000000 41f89fac 41f89fbc  ...A.......A...A
03-14 15:30:20.421   342   342 I DEBUG   :     41f89f30 00000000 00000063 41f89f20 41f89bf8  ....c... ..A...A
03-14 15:30:20.421   342   342 I DEBUG   :     41f89f40 bedd2bbc 00000000 00000000 41f8600c  .+...........`.A
03-14 15:30:20.421   342   342 I DEBUG   :     41f89f50 41f89f3c 41f89a6c 00000006 00000003  <..Al..A........
03-14 15:30:20.421   342   342 I DEBUG   : 
03-14 15:30:20.421   342   342 I DEBUG   : memory near sl:
03-14 15:30:20.421   342   342 I DEBUG   :     41f89fc0 656e2f63 74782f74 6174715f 64697567  c/net/xt_qtaguid
03-14 15:30:20.421   342   342 I DEBUG   :     41f89fd0 6174732f 00007374 00000000 0000100b  /stats..........
03-14 15:30:20.421   342   342 I DEBUG   :     41f89fe0 20786469 63616669 63612065 745f7463  idx iface acct_t
03-14 15:30:20.421   342   342 I DEBUG   :     41f89ff0 685f6761 75207865 745f6469 695f6761  ag_hex uid_tag_i
03-14 15:30:20.421   342   342 I DEBUG   :     41f8a000 6320746e 735f746e 72207465 79625f78  nt cnt_set rx_by
03-14 15:30:20.421   342   342 I DEBUG   : 
03-14 15:30:20.421   342   342 I DEBUG   : memory near fp:
03-14 15:30:20.421   342   342 I DEBUG   :     40022c98 27000a27 49005c00 22005346 27262423  '..'.\.IFS."#$&'
03-14 15:30:20.421   342   342 I DEBUG   :     40022ca8 3a2a2928 3e3d3c3b 605c5b3f 007d7c7b  ()*:;<=>?[\`{|}.
03-14 15:30:20.421   342   342 I DEBUG   :     40022cb8 203a7325 67007325 68626172 00747369  %s: %s.grabhist.
03-14 15:30:20.421   342   342 I DEBUG   :     40022cc8 20646162 74736968 2079726f 61727261  bad history arra
03-14 15:30:20.421   342   342 I DEBUG   :     40022cd8 20200079 25002020 64252073 20636600  y.    .%s %d.fc 
03-14 15:30:20.421   342   342 I DEBUG   : 
03-14 15:30:20.421   342   342 I DEBUG   : memory near ip:
03-14 15:30:20.421   342   342 I DEBUG   :     40026f20 400c1184 400cda09 400d6ba1 400c1558  ...@...@.k.@X..@
03-14 15:30:20.421   342   342 I DEBUG   :     40026f30 400c05ec 400c09d0 400c2b68 400cb061  ...@...@h+.@a..@
03-14 15:30:20.421   342   342 I DEBUG   :     40026f40 400c09ec 400cc8a5 400c0894 400cd935  ...@...@...@5..@
03-14 15:30:20.421   342   342 I DEBUG   :     40026f50 400c19a0 400cd96d 400c1d6c 400c114c  ...@m..@l..@L..@
03-14 15:30:20.421   342   342 I DEBUG   :     40026f60 400c0878 400c085c 400c0678 400c1340  x..@\..@x..@@..@
03-14 15:30:20.421   342   342 I DEBUG   : 
03-14 15:30:20.421   342   342 I DEBUG   : memory near sp:
03-14 15:30:20.421   342   342 I DEBUG   :     bedd26f0 41f89f28 4002bcc4 00000000 41f89fe0  (..A...@.......A
03-14 15:30:20.421   342   342 I DEBUG   :     bedd2700 00000000 00000003 df0027ad 00000000  .........'......
03-14 15:30:20.421   342   342 I DEBUG   :     bedd2710 00000000 00000ff1 41f89f28 00013804  ........(..A.8..
03-14 15:30:20.421   342   342 I DEBUG   :     bedd2720 00000001 40026eac 4002bd84 4002bd88  .....n.@...@...@
03-14 15:30:20.421   342   342 I DEBUG   :     bedd2730 4002bbb0 41f89f28 41f86f9c 4002bdf6  ...@(..A.o.A...@
03-14 15:30:20.421   342   342 I DEBUG   : 
03-14 15:30:20.421   342   342 I DEBUG   : code around pc:
03-14 15:30:20.421   342   342 I DEBUG   :     400c09d8 ef000000 e8bd0090 e1b00000 512fff1e  ............../Q
03-14 15:30:20.421   342   342 I DEBUG   :     400c09e8 ea00b4ec e92d0090 e3a07004 ef000000  ......-..p......
03-14 15:30:20.421   342   342 I DEBUG   :     400c09f8 e8bd0090 e1b00000 512fff1e ea00b4e5  ........../Q....
03-14 15:30:20.421   342   342 I DEBUG   :     400c0a08 e1a0c00d e92d00f0 e89c0070 e3a070b4  ......-.p....p..
03-14 15:30:20.421   342   342 I DEBUG   :     400c0a18 ef000000 e8bd00f0 e1b00000 512fff1e  ............../Q
03-14 15:30:20.421   342   342 I DEBUG   : 
03-14 15:30:20.421   342   342 I DEBUG   : code around lr:
03-14 15:30:20.421   342   342 I DEBUG   :     4000f4e0 f7f36800 4631ed6a 46584602 fe64f009  .h..j.1F.FXF..d.
03-14 15:30:20.421   342   342 I DEBUG   :     4000f4f0 b320e025 200146c2 463a4651 ed80f7f3  %. ..F. QF:F....
03-14 15:30:20.421   342   342 I DEBUG   :     4000f500 bf1c1c43 0707ebc0 d1154482 ed1ef7f3  C........D......
03-14 15:30:20.421   342   342 I DEBUG   :     4000f510 2a046802 f7f3d010 6800ed1a ed4cf7f3  .h.*.......h..L.
03-14 15:30:20.421   342   342 I DEBUG   :     4000f520 44794916 48164602 f0094478 b17dfe45  .IyD.F.HxD..E.}.
03-14 15:30:20.421   709   735 I BootReceiver: Copying /data/tombstones/tombstone_05 to DropBox (SYSTEM_TOMBSTONE)
03-14 15:30:20.441  1519  1519 W ResourceType: No package identifier when getting value for resource number 0x00000000
03-14 15:30:20.441  1519  1519 W ResourceType: No package identifier when getting value for resource number 0x00000000
03-14 15:30:20.441  1519  1519 W ResourceType: No package identifier when getting value for resource number 0x00000000
03-14 15:30:20.451  1519  1519 W ResourceType: No package identifier when getting value for resource number 0x00000000
03-14 15:30:20.451  1001  1001 D ModemStatsService: receive intent android.intent.action.DROPBOX_ENTRY_ADDED
03-14 15:30:20.451  1001  1001 D ModemStatsService: receive intent, tagname is SYSTEM_TOMBSTONE time is 1457991020463 isMobileDataConnected : false
03-14 15:30:20.461  1519  1519 W ResourceType: No package identifier when getting value for resource number 0x00000000
03-14 15:30:20.461  1519  1519 W ResourceType: No package identifier when getting value for resource number 0x00000000
03-14 15:30:20.471  1519  1519 W ResourceType: No package identifier when getting value for resource number 0x00000000
03-14 15:30:20.471  1519  1519 W ResourceType: No package identifier when getting value for resource number 0x00000000
03-14 15:30:20.481  1519  1519 W ResourceType: No package identifier when getting value for resource number 0x00000000
03-14 15:30:20.481  1519  1519 W ResourceType: No package identifier when getting value for resource number 0x00000000
03-14 15:30:20.481  1519  1519 W ResourceType: No package identifier when getting value for resource number 0x00000000
03-14 15:30:20.491  1519  1519 W ResourceType: No package identifier when getting value for resource number 0x00000000
03-14 15:30:20.491  1519  1519 W ResourceType: No package identifier when getting value for resource number 0x00000000
03-14 15:30:20.501  1519  1519 W ResourceType: No package identifier when getting value for resource number 0x00000000
03-14 15:30:21.492  2075  2075 F libc    : Fatal signal 13 (SIGPIPE) at 0x0000081b (code=0), thread 2075 (sh)
03-14 15:30:21.592   342   342 I DEBUG   : *** *** *** *** *** *** *** *** *** *** *** *** *** *** *** ***
03-14 15:30:21.592   342   342 I DEBUG   : Build fingerprint: 'motorola/XT897_us_spr/asanti_c:4.1.2/9.8.2Q-122_XT897_FFW-8/9:user/release-keys'
03-14 15:30:21.592   342   342 I DEBUG   : pid: 2075, tid: 2075, name: sh  >>> /system/bin/sh <<<
03-14 15:30:21.592   342   342 I DEBUG   : signal 13 (SIGPIPE), code -6 (?), fault addr --------
03-14 15:30:21.592   342   342 I DEBUG   :     r0 ffffffe0  r1 41df1fe0  r2 00000ff1  r3 00000000
03-14 15:30:21.592   342   342 I DEBUG   :     r4 00000000  r5 00000003  r6 41df1fbc  r7 00000004
03-14 15:30:21.602   342   342 I DEBUG   :     r8 41df1fe0  r9 41df1f30  sl 41df1fe0  fp 40094cb8
03-14 15:30:21.602   342   342 I DEBUG   :     ip 40098f40  sp bee12710  lr 40081501  pc 401039f8  cpsr 00000010
03-14 15:30:21.602   342   342 I DEBUG   :     d0  762f3a6e6962732f  d1  69622f726f646e65
03-14 15:30:21.602   342   342 I DEBUG   :     d2  65747379732f3a6e  d3  2f3a6e6962732f6d
03-14 15:30:21.602   342   342 I DEBUG   :     d4  0000000000000000  d5  0000000000000000
03-14 15:30:21.602   342   342 I DEBUG   :     d6  0000000000000000  d7  51609ca600000000
03-14 15:30:21.602   342   342 I DEBUG   :     d8  0000000000000000  d9  0000000000000000
03-14 15:30:21.602   342   342 I DEBUG   :     d10 0000000000000000  d11 0000000000000000
03-14 15:30:21.602   342   342 I DEBUG   :     d12 0000000000000000  d13 0000000000000000
03-14 15:30:21.602   342   342 I DEBUG   :     d14 0000000000000000  d15 0000000000000000
03-14 15:30:21.602   342   342 I DEBUG   :     d16 4150243d48544150  d17 6d6f63202e3a4854
03-14 15:30:21.602   342   342 I DEBUG   :     d18 6a2e6e6f6464612e  d19 747379732f3a7261
03-14 15:30:21.602   342   342 I DEBUG   :     d20 656d6172662f6d65  d21 6d6f632f6b726f77
03-14 15:30:21.602   342   342 I DEBUG   :     d22 6c6f726f746f6d2e  d23 696f72646e612e61
03-14 15:30:21.602   342   342 I DEBUG   :     d24 0000000000000000  d25 0000000000000000
03-14 15:30:21.602   342   342 I DEBUG   :     d26 0000000000000000  d27 0000000000000000
03-14 15:30:21.602   342   342 I DEBUG   :     d28 0000000000000000  d29 0000000000000000
03-14 15:30:21.602   342   342 I DEBUG   :     d30 0000000000000000  d31 0000000000000000
03-14 15:30:21.602   342   342 I DEBUG   :     scr 00000010
03-14 15:30:21.602   342   342 I DEBUG   : 
03-14 15:30:21.602   342   342 I DEBUG   : backtrace:
03-14 15:30:21.602   342   342 I DEBUG   :     #00  pc 0000c9f8  /system/lib/libc.so (write+12)
03-14 15:30:21.602   342   342 I DEBUG   :     #01  pc 0000e4fd  /system/bin/mksh
03-14 15:30:21.602   342   342 I DEBUG   : 
03-14 15:30:21.602   342   342 I DEBUG   : stack:
03-14 15:30:21.602   342   342 I DEBUG   :          bee126d0  0000100b  
03-14 15:30:21.602   342   342 I DEBUG   :          bee126d4  4010c597  /system/lib/libc.so (dlmalloc+5322)
03-14 15:30:21.602   342   342 I DEBUG   :          bee126d8  00000000  
03-14 15:30:21.602   342   342 I DEBUG   :          bee126dc  00000004  
03-14 15:30:21.602   342   342 I DEBUG   :          bee126e0  41df1f90  [heap]
03-14 15:30:21.602   342   342 I DEBUG   :          bee126e4  4010c597  /system/lib/libc.so (dlmalloc+5322)
03-14 15:30:21.602   342   342 I DEBUG   :          bee126e8  00000000  
03-14 15:30:21.602   342   342 I DEBUG   :          bee126ec  40098eac  /system/bin/mksh
03-14 15:30:21.602   342   342 I DEBUG   :          bee126f0  41df1f28  [heap]
03-14 15:30:21.602   342   342 I DEBUG   :          bee126f4  4009dcc4  
03-14 15:30:21.602   342   342 I DEBUG   :          bee126f8  00000000  
03-14 15:30:21.602   342   342 I DEBUG   :          bee126fc  41df1fe0  [heap]
03-14 15:30:21.602   342   342 I DEBUG   :          bee12700  00000000  
03-14 15:30:21.602   342   342 I DEBUG   :          bee12704  00000003  
03-14 15:30:21.602   342   342 I DEBUG   :          bee12708  df0027ad  
03-14 15:30:21.602   342   342 I DEBUG   :          bee1270c  00000000  
03-14 15:30:21.602   342   342 I DEBUG   :     #00  bee12710  00000000  
03-14 15:30:21.602   342   342 I DEBUG   :          bee12714  00000ff1  
03-14 15:30:21.602   342   342 I DEBUG   :     #01  bee12718  41df1f28  [heap]
03-14 15:30:21.602   342   342 I DEBUG   :          bee1271c  00013804  
03-14 15:30:21.602   342   342 I DEBUG   :          bee12720  00000001  
03-14 15:30:21.602   342   342 I DEBUG   :          bee12724  40098eac  /system/bin/mksh
03-14 15:30:21.602   342   342 I DEBUG   :          bee12728  4009dd84  
03-14 15:30:21.602   342   342 I DEBUG   :          bee1272c  4009dd88  
03-14 15:30:21.602   342   342 I DEBUG   :          bee12730  4009dbb0  
03-14 15:30:21.602   342   342 I DEBUG   :          bee12734  41df1f28  [heap]
03-14 15:30:21.602   342   342 I DEBUG   :          bee12738  41deef9c  [heap]
03-14 15:30:21.602   342   342 I DEBUG   :          bee1273c  4009ddf6  
03-14 15:30:21.602   342   342 I DEBUG   :          bee12740  00000001  
03-14 15:30:21.602   342   342 I DEBUG   :          bee12744  4007e5cd  /system/bin/mksh
03-14 15:30:21.602   342   342 I DEBUG   :          bee12748  41df1f28  [heap]
03-14 15:30:21.602   342   342 I DEBUG   :          bee1274c  0000001f  
03-14 15:30:21.602   342   342 I DEBUG   :          bee12750  41df1fac  [heap]
03-14 15:30:21.602   342   342 I DEBUG   :          bee12754  41df1b3c  [heap]
03-14 15:30:21.602   342   342 I DEBUG   : 
03-14 15:30:21.602   342   342 I DEBUG   : memory near r1:
03-14 15:30:21.602   342   342 I DEBUG   :     41df1fc0 656e2f63 74782f74 6174715f 64697567  c/net/xt_qtaguid
03-14 15:30:21.602   342   342 I DEBUG   :     41df1fd0 6174732f 00007374 00000000 0000100b  /stats..........
03-14 15:30:21.602   342   342 I DEBUG   :     41df1fe0 20786469 63616669 63612065 745f7463  idx iface acct_t
03-14 15:30:21.602   342   342 I DEBUG   :     41df1ff0 685f6761 75207865 745f6469 695f6761  ag_hex uid_tag_i
03-14 15:30:21.602   342   342 I DEBUG   :     41df2000 6320746e 735f746e 72207465 79625f78  nt cnt_set rx_by
03-14 15:30:21.602   342   342 I DEBUG   : 
03-14 15:30:21.602   342   342 I DEBUG   : memory near r6:
03-14 15:30:21.602   342   342 I DEBUG   :     41df1f9c 401405b4 00000010 00000012 00000000  ...@............
03-14 15:30:21.602   342   342 I DEBUG   :     41df1fac 00746163 00000000 0000002b 41df1fa8  cat.....+......A
03-14 15:30:21.602   342   342 I DEBUG   :     41df1fbc 6f72702f 656e2f63 74782f74 6174715f  /proc/net/xt_qta
03-14 15:30:21.602   342   342 I DEBUG   :     41df1fcc 64697567 6174732f 00007374 00000000  guid/stats......
03-14 15:30:21.602   342   342 I DEBUG   :     41df1fdc 0000100b 20786469 63616669 63612065  ....idx iface ac
03-14 15:30:21.602   342   342 I DEBUG   : 
03-14 15:30:21.602   342   342 I DEBUG   : memory near r8:
03-14 15:30:21.602   342   342 I DEBUG   :     41df1fc0 656e2f63 74782f74 6174715f 64697567  c/net/xt_qtaguid
03-14 15:30:21.602   342   342 I DEBUG   :     41df1fd0 6174732f 00007374 00000000 0000100b  /stats..........
03-14 15:30:21.602   342   342 I DEBUG   :     41df1fe0 20786469 63616669 63612065 745f7463  idx iface acct_t
03-14 15:30:21.602   342   342 I DEBUG   :     41df1ff0 685f6761 75207865 745f6469 695f6761  ag_hex uid_tag_i
03-14 15:30:21.602   342   342 I DEBUG   :     41df2000 6320746e 735f746e 72207465 79625f78  nt cnt_set rx_by
03-14 15:30:21.602   342   342 I DEBUG   : 
03-14 15:30:21.602   342   342 I DEBUG   : memory near r9:
03-14 15:30:21.602   342   342 I DEBUG   :     41df1f10 00000000 00000004 00000000 0000001b  ................
03-14 15:30:21.602   342   342 I DEBUG   :     41df1f20 41df1fb8 00000000 41df1fac 41df1fbc  ...A.......A...A
03-14 15:30:21.602   342   342 I DEBUG   :     41df1f30 00000000 00000063 41df1f20 41df1bf8  ....c... ..A...A
03-14 15:30:21.602   342   342 I DEBUG   :     41df1f40 bee12bbc 00000000 00000000 41dee00c  .+.............A
03-14 15:30:21.602   342   342 I DEBUG   :     41df1f50 41df1f3c 41df1a6c 00000006 00000003  <..Al..A........
03-14 15:30:21.602   342   342 I DEBUG   : 
03-14 15:30:21.602   342   342 I DEBUG   : memory near sl:
03-14 15:30:21.602   342   342 I DEBUG   :     41df1fc0 656e2f63 74782f74 6174715f 64697567  c/net/xt_qtaguid
03-14 15:30:21.602   342   342 I DEBUG   :     41df1fd0 6174732f 00007374 00000000 0000100b  /stats..........
03-14 15:30:21.602   342   342 I DEBUG   :     41df1fe0 20786469 63616669 63612065 745f7463  idx iface acct_t
03-14 15:30:21.602   342   342 I DEBUG   :     41df1ff0 685f6761 75207865 745f6469 695f6761  ag_hex uid_tag_i
03-14 15:30:21.602   342   342 I DEBUG   :     41df2000 6320746e 735f746e 72207465 79625f78  nt cnt_set rx_by
03-14 15:30:21.602   342   342 I DEBUG   : 
03-14 15:30:21.602   342   342 I DEBUG   : memory near fp:
03-14 15:30:21.602   342   342 I DEBUG   :     40094c98 27000a27 49005c00 22005346 27262423  '..'.\.IFS."#$&'
03-14 15:30:21.602   342   342 I DEBUG   :     40094ca8 3a2a2928 3e3d3c3b 605c5b3f 007d7c7b  ()*:;<=>?[\`{|}.
03-14 15:30:21.602   342   342 I DEBUG   :     40094cb8 203a7325 67007325 68626172 00747369  %s: %s.grabhist.
03-14 15:30:21.602   342   342 I DEBUG   :     40094cc8 20646162 74736968 2079726f 61727261  bad history arra
03-14 15:30:21.602   342   342 I DEBUG   :     40094cd8 20200079 25002020 64252073 20636600  y.    .%s %d.fc 
03-14 15:30:21.602   342   342 I DEBUG   : 
03-14 15:30:21.602   342   342 I DEBUG   : memory near ip:
03-14 15:30:21.602   342   342 I DEBUG   :     40098f20 40104184 40110a09 40119ba1 40104558  .A.@...@...@XE.@
03-14 15:30:21.602   342   342 I DEBUG   :     40098f30 401035ec 401039d0 40105b68 4010e061  .5.@.9.@h[.@a..@
03-14 15:30:21.602   342   342 I DEBUG   :     40098f40 401039ec 4010f8a5 40103894 40110935  .9.@...@.8.@5..@
03-14 15:30:21.602   342   342 I DEBUG   :     40098f50 401049a0 4011096d 40104d6c 4010414c  .I.@m..@lM.@LA.@
03-14 15:30:21.602   342   342 I DEBUG   :     40098f60 40103878 4010385c 40103678 40104340  x8.@\8.@x6.@@C.@
03-14 15:30:21.602   342   342 I DEBUG   : 
03-14 15:30:21.602   342   342 I DEBUG   : memory near sp:
03-14 15:30:21.602   342   342 I DEBUG   :     bee126f0 41df1f28 4009dcc4 00000000 41df1fe0  (..A...@.......A
03-14 15:30:21.602   342   342 I DEBUG   :     bee12700 00000000 00000003 df0027ad 00000000  .........'......
03-14 15:30:21.602   342   342 I DEBUG   :     bee12710 00000000 00000ff1 41df1f28 00013804  ........(..A.8..
03-14 15:30:21.602   342   342 I DEBUG   :     bee12720 00000001 40098eac 4009dd84 4009dd88  .......@...@...@
03-14 15:30:21.602   342   342 I DEBUG   :     bee12730 4009dbb0 41df1f28 41deef9c 4009ddf6  ...@(..A...A...@
03-14 15:30:21.602   342   342 I DEBUG   : 
03-14 15:30:21.602   342   342 I DEBUG   : code around pc:
03-14 15:30:21.602   342   342 I DEBUG   :     401039d8 ef000000 e8bd0090 e1b00000 512fff1e  ............../Q
03-14 15:30:21.602   342   342 I DEBUG   :     401039e8 ea00b4ec e92d0090 e3a07004 ef000000  ......-..p......
03-14 15:30:21.602   342   342 I DEBUG   :     401039f8 e8bd0090 e1b00000 512fff1e ea00b4e5  ........../Q....
03-14 15:30:21.602   342   342 I DEBUG   :     40103a08 e1a0c00d e92d00f0 e89c0070 e3a070b4  ......-.p....p..
03-14 15:30:21.602   342   342 I DEBUG   :     40103a18 ef000000 e8bd00f0 e1b00000 512fff1e  ............../Q
03-14 15:30:21.602   342   342 I DEBUG   : 
03-14 15:30:21.602   342   342 I DEBUG   : code around lr:
03-14 15:30:21.602   342   342 I DEBUG   :     400814e0 f7f36800 4631ed6a 46584602 fe64f009  .h..j.1F.FXF..d.
03-14 15:30:21.602   342   342 I DEBUG   :     400814f0 b320e025 200146c2 463a4651 ed80f7f3  %. ..F. QF:F....
03-14 15:30:21.602   342   342 I DEBUG   :     40081500 bf1c1c43 0707ebc0 d1154482 ed1ef7f3  C........D......
03-14 15:30:21.602   342   342 I DEBUG   :     40081510 2a046802 f7f3d010 6800ed1a ed4cf7f3  .h.*.......h..L.
03-14 15:30:21.602   342   342 I DEBUG   :     40081520 44794916 48164602 f0094478 b17dfe45  .IyD.F.HxD..E.}.
03-14 15:30:21.612   709   735 I BootReceiver: Copying /data/tombstones/tombstone_06 to DropBox (SYSTEM_TOMBSTONE)
03-14 15:30:21.652  1001  1001 D ModemStatsService: receive intent android.intent.action.DROPBOX_ENTRY_ADDED
03-14 15:30:21.662  1001  1001 D ModemStatsService: receive intent, tagname is SYSTEM_TOMBSTONE time is 1457991021664 isMobileDataConnected : false
03-14 15:30:22.193  2083  2083 F libc    : Fatal signal 13 (SIGPIPE) at 0x00000823 (code=0), thread 2083 (sh)
03-14 15:30:22.293   342   342 I DEBUG   : *** *** *** *** *** *** *** *** *** *** *** *** *** *** *** ***
03-14 15:30:22.293   342   342 I DEBUG   : Build fingerprint: 'motorola/XT897_us_spr/asanti_c:4.1.2/9.8.2Q-122_XT897_FFW-8/9:user/release-keys'
03-14 15:30:22.293   342   342 I DEBUG   : pid: 2083, tid: 2083, name: sh  >>> /system/bin/sh <<<
03-14 15:30:22.293   342   342 I DEBUG   : signal 13 (SIGPIPE), code -6 (?), fault addr --------
03-14 15:30:22.293   342   342 I DEBUG   :     r0 ffffffe0  r1 40855fe0  r2 00000fc0  r3 00000fd2
03-14 15:30:22.293   342   342 I DEBUG   :     r4 00000000  r5 00000003  r6 40855fbc  r7 00000004
03-14 15:30:22.293   342   342 I DEBUG   :     r8 40855fe0  r9 40855f30  sl 40855fe0  fp 4007fcb8
03-14 15:30:22.293   342   342 I DEBUG   :     ip 40083f40  sp be8b8710  lr 4006c501  pc 4009f9f8  cpsr 00000010
03-14 15:30:22.293   342   342 I DEBUG   :     d0  762f3a6e6962732f  d1  69622f726f646e65
03-14 15:30:22.293   342   342 I DEBUG   :     d2  65747379732f3a6e  d3  2f3a6e6962732f6d
03-14 15:30:22.293   342   342 I DEBUG   :     d4  0000000000000000  d5  0000000000000000
03-14 15:30:22.293   342   342 I DEBUG   :     d6  0000000000000000  d7  516b2faa00000000
03-14 15:30:22.293   342   342 I DEBUG   :     d8  0000000000000000  d9  0000000000000000
03-14 15:30:22.293   342   342 I DEBUG   :     d10 0000000000000000  d11 0000000000000000
03-14 15:30:22.293   342   342 I DEBUG   :     d12 0000000000000000  d13 0000000000000000
03-14 15:30:22.293   342   342 I DEBUG   :     d14 0000000000000000  d15 0000000000000000
03-14 15:30:22.293   342   342 I DEBUG   :     d16 4150243d48544150  d17 6d6f63202e3a4854
03-14 15:30:22.293   342   342 I DEBUG   :     d18 6a2e6e6f6464612e  d19 747379732f3a7261
03-14 15:30:22.293   342   342 I DEBUG   :     d20 656d6172662f6d65  d21 6d6f632f6b726f77
03-14 15:30:22.293   342   342 I DEBUG   :     d22 6c6f726f746f6d2e  d23 696f72646e612e61
03-14 15:30:22.293   342   342 I DEBUG   :     d24 0000000000000000  d25 0000000000000000
03-14 15:30:22.293   342   342 I DEBUG   :     d26 0000000000000000  d27 0000000000000000
03-14 15:30:22.293   342   342 I DEBUG   :     d28 0000000000000000  d29 0000000000000000
03-14 15:30:22.293   342   342 I DEBUG   :     d30 0000000000000000  d31 0000000000000000
03-14 15:30:22.293   342   342 I DEBUG   :     scr 00000010
03-14 15:30:22.293   342   342 I DEBUG   : 
03-14 15:30:22.293   342   342 I DEBUG   : backtrace:
03-14 15:30:22.293   342   342 I DEBUG   :     #00  pc 0000c9f8  /system/lib/libc.so (write+12)
03-14 15:30:22.293   342   342 I DEBUG   :     #01  pc 0000e4fd  /system/bin/mksh
03-14 15:30:22.293   342   342 I DEBUG   : 
03-14 15:30:22.293   342   342 I DEBUG   : stack:
03-14 15:30:22.293   342   342 I DEBUG   :          be8b86d0  0000100b  
03-14 15:30:22.293   342   342 I DEBUG   :          be8b86d4  400a8597  /system/lib/libc.so (dlmalloc+5322)
03-14 15:30:22.293   342   342 I DEBUG   :          be8b86d8  00000000  
03-14 15:30:22.293   342   342 I DEBUG   :          be8b86dc  00000004  
03-14 15:30:22.293   342   342 I DEBUG   :          be8b86e0  40855f90  [heap]
03-14 15:30:22.293   342   342 I DEBUG   :          be8b86e4  400a8597  /system/lib/libc.so (dlmalloc+5322)
03-14 15:30:22.293   342   342 I DEBUG   :          be8b86e8  00000000  
03-14 15:30:22.293   342   342 I DEBUG   :          be8b86ec  40083eac  /system/bin/mksh
03-14 15:30:22.293   342   342 I DEBUG   :          be8b86f0  40855f28  [heap]
03-14 15:30:22.293   342   342 I DEBUG   :          be8b86f4  40088cc4  
03-14 15:30:22.293   342   342 I DEBUG   :          be8b86f8  00000000  
03-14 15:30:22.293   342   342 I DEBUG   :          be8b86fc  40855fe0  [heap]
03-14 15:30:22.293   342   342 I DEBUG   :          be8b8700  00000000  
03-14 15:30:22.293   342   342 I DEBUG   :          be8b8704  00000003  
03-14 15:30:22.293   342   342 I DEBUG   :          be8b8708  df0027ad  
03-14 15:30:22.293   342   342 I DEBUG   :          be8b870c  00000000  
03-14 15:30:22.293   342   342 I DEBUG   :     #00  be8b8710  00000000  
03-14 15:30:22.293   342   342 I DEBUG   :          be8b8714  00000fc0  
03-14 15:30:22.293   342   342 I DEBUG   :     #01  be8b8718  40855f28  [heap]
03-14 15:30:22.293   342   342 I DEBUG   :          be8b871c  00013804  
03-14 15:30:22.293   342   342 I DEBUG   :          be8b8720  00000001  
03-14 15:30:22.293   342   342 I DEBUG   :          be8b8724  40083eac  /system/bin/mksh
03-14 15:30:22.293   342   342 I DEBUG   :          be8b8728  40088d84  
03-14 15:30:22.293   342   342 I DEBUG   :          be8b872c  40088d88  
03-14 15:30:22.313   342   342 I DEBUG   :          be8b8730  40088bb0  
03-14 15:30:22.313   342   342 I DEBUG   :          be8b8734  40855f28  [heap]
03-14 15:30:22.313   342   342 I DEBUG   :          be8b8738  40852f9c  [heap]
03-14 15:30:22.313   342   342 I DEBUG   :          be8b873c  40088df6  
03-14 15:30:22.313   342   342 I DEBUG   :          be8b8740  00000001  
03-14 15:30:22.313   342   342 I DEBUG   :          be8b8744  400695cd  /system/bin/mksh
03-14 15:30:22.313   342   342 I DEBUG   :          be8b8748  40855f28  [heap]
03-14 15:30:22.313   342   342 I DEBUG   :          be8b874c  0000001f  
03-14 15:30:22.313   342   342 I DEBUG   :          be8b8750  40855fac  [heap]
03-14 15:30:22.313   342   342 I DEBUG   :          be8b8754  40855b3c  [heap]
03-14 15:30:22.313   342   342 I DEBUG   : 
03-14 15:30:22.313   342   342 I DEBUG   : memory near r1:
03-14 15:30:22.313   342   342 I DEBUG   :     40855fc0 656e2f63 74782f74 6174715f 64697567  c/net/xt_qtaguid
03-14 15:30:22.313   342   342 I DEBUG   :     40855fd0 6174732f 00007374 00000000 0000100b  /stats..........
03-14 15:30:22.313   342   342 I DEBUG   :     40855fe0 20303131 656e6d72 30203074 31203078  110 rmnet0 0x0 1
03-14 15:30:22.313   342   342 I DEBUG   :     40855ff0 20303030 36342030 20323936 34203934  000 0 46692 49 4
03-14 15:30:22.313   342   342 I DEBUG   :     40856000 20303530 34203934 38383336 20353420  050 49 46388 45 
03-14 15:30:22.313   342   342 I DEBUG   : 
03-14 15:30:22.313   342   342 I DEBUG   : memory near r6:
03-14 15:30:22.313   342   342 I DEBUG   :     40855f9c 400dc5b4 00000010 00000012 00000000  ...@............
03-14 15:30:22.313   342   342 I DEBUG   :     40855fac 00746163 00000000 0000002b 40855fa8  cat.....+...._.@
03-14 15:30:22.313   342   342 I DEBUG   :     40855fbc 6f72702f 656e2f63 74782f74 6174715f  /proc/net/xt_qta
03-14 15:30:22.313   342   342 I DEBUG   :     40855fcc 64697567 6174732f 00007374 00000000  guid/stats......
03-14 15:30:22.313   342   342 I DEBUG   :     40855fdc 0000100b 20303131 656e6d72 30203074  ....110 rmnet0 0
03-14 15:30:22.313   342   342 I DEBUG   : 
03-14 15:30:22.313   342   342 I DEBUG   : memory near r8:
03-14 15:30:22.313   342   342 I DEBUG   :     40855fc0 656e2f63 74782f74 6174715f 64697567  c/net/xt_qtaguid
03-14 15:30:22.313   342   342 I DEBUG   :     40855fd0 6174732f 00007374 00000000 0000100b  /stats..........
03-14 15:30:22.313   342   342 I DEBUG   :     40855fe0 20303131 656e6d72 30203074 31203078  110 rmnet0 0x0 1
03-14 15:30:22.313   342   342 I DEBUG   :     40855ff0 20303030 36342030 20323936 34203934  000 0 46692 49 4
03-14 15:30:22.313   342   342 I DEBUG   :     40856000 20303530 34203934 38383336 20353420  050 49 46388 45 
03-14 15:30:22.313   342   342 I DEBUG   : 
03-14 15:30:22.313   342   342 I DEBUG   : memory near r9:
03-14 15:30:22.313   342   342 I DEBUG   :     40855f10 00000000 00000004 00000000 0000001b  ................
03-14 15:30:22.333   342   342 I DEBUG   :     40855f20 40855fb8 00000000 40855fac 40855fbc  ._.@....._.@._.@
03-14 15:30:22.333   342   342 I DEBUG   :     40855f30 00000000 00000063 40855f20 40855bf8  ....c... _.@.[.@
03-14 15:30:22.333   342   342 I DEBUG   :     40855f40 be8b8bbc 00000000 00000000 4085200c  ............. .@
03-14 15:30:22.333   342   342 I DEBUG   :     40855f50 40855f3c 40855a6c 00000006 00000003  <_.@lZ.@........
03-14 15:30:22.333   342   342 I DEBUG   : 
03-14 15:30:22.333   342   342 I DEBUG   : memory near sl:
03-14 15:30:22.333   342   342 I DEBUG   :     40855fc0 656e2f63 74782f74 6174715f 64697567  c/net/xt_qtaguid
03-14 15:30:22.333   342   342 I DEBUG   :     40855fd0 6174732f 00007374 00000000 0000100b  /stats..........
03-14 15:30:22.333   342   342 I DEBUG   :     40855fe0 20303131 656e6d72 30203074 31203078  110 rmnet0 0x0 1
03-14 15:30:22.333   342   342 I DEBUG   :     40855ff0 20303030 36342030 20323936 34203934  000 0 46692 49 4
03-14 15:30:22.333   342   342 I DEBUG   :     40856000 20303530 34203934 38383336 20353420  050 49 46388 45 
03-14 15:30:22.333   342   342 I DEBUG   : 
03-14 15:30:22.333   342   342 I DEBUG   : memory near fp:
03-14 15:30:22.343   342   342 I DEBUG   :     4007fc98 27000a27 49005c00 22005346 27262423  '..'.\.IFS."#$&'
03-14 15:30:22.343   342   342 I DEBUG   :     4007fca8 3a2a2928 3e3d3c3b 605c5b3f 007d7c7b  ()*:;<=>?[\`{|}.
03-14 15:30:22.343   342   342 I DEBUG   :     4007fcb8 203a7325 67007325 68626172 00747369  %s: %s.grabhist.
03-14 15:30:22.343   342   342 I DEBUG   :     4007fcc8 20646162 74736968 2079726f 61727261  bad history arra
03-14 15:30:22.343   342   342 I DEBUG   :     4007fcd8 20200079 25002020 64252073 20636600  y.    .%s %d.fc 
03-14 15:30:22.343   342   342 I DEBUG   : 
03-14 15:30:22.343   342   342 I DEBUG   : memory near ip:
03-14 15:30:22.343   342   342 I DEBUG   :     40083f20 400a0184 400aca09 400b5ba1 400a0558  ...@...@.[.@X..@
03-14 15:30:22.343   342   342 I DEBUG   :     40083f30 4009f5ec 4009f9d0 400a1b68 400aa061  ...@...@h..@a..@
03-14 15:30:22.343   342   342 I DEBUG   :     40083f40 4009f9ec 400ab8a5 4009f894 400ac935  ...@...@...@5..@
03-14 15:30:22.343   342   342 I DEBUG   :     40083f50 400a09a0 400ac96d 400a0d6c 400a014c  ...@m..@l..@L..@
03-14 15:30:22.343   342   342 I DEBUG   :     40083f60 4009f878 4009f85c 4009f678 400a0340  x..@\..@x..@@..@
03-14 15:30:22.343   342   342 I DEBUG   : 
03-14 15:30:22.343   342   342 I DEBUG   : memory near sp:
03-14 15:30:22.343   342   342 I DEBUG   :     be8b86f0 40855f28 40088cc4 00000000 40855fe0  (_.@...@....._.@
03-14 15:30:22.343   342   342 I DEBUG   :     be8b8700 00000000 00000003 df0027ad 00000000  .........'......
03-14 15:30:22.343   342   342 I DEBUG   :     be8b8710 00000000 00000fc0 40855f28 00013804  ........(_.@.8..
03-14 15:30:22.343   342   342 I DEBUG   :     be8b8720 00000001 40083eac 40088d84 40088d88  .....>.@...@...@
03-14 15:30:22.343   342   342 I DEBUG   :     be8b8730 40088bb0 40855f28 40852f9c 40088df6  ...@(_.@./.@...@
03-14 15:30:22.343   342   342 I DEBUG   : 
03-14 15:30:22.343   342   342 I DEBUG   : code around pc:
03-14 15:30:22.343   342   342 I DEBUG   :     4009f9d8 ef000000 e8bd0090 e1b00000 512fff1e  ............../Q
03-14 15:30:22.343   342   342 I DEBUG   :     4009f9e8 ea00b4ec e92d0090 e3a07004 ef000000  ......-..p......
03-14 15:30:22.353   342   342 I DEBUG   :     4009f9f8 e8bd0090 e1b00000 512fff1e ea00b4e5  ........../Q....
03-14 15:30:22.353   342   342 I DEBUG   :     4009fa08 e1a0c00d e92d00f0 e89c0070 e3a070b4  ......-.p....p..
03-14 15:30:22.353   342   342 I DEBUG   :     4009fa18 ef000000 e8bd00f0 e1b00000 512fff1e  ............../Q
03-14 15:30:22.353   342   342 I DEBUG   : 
03-14 15:30:22.353   342   342 I DEBUG   : code around lr:
03-14 15:30:22.353   342   342 I DEBUG   :     4006c4e0 f7f36800 4631ed6a 46584602 fe64f009  .h..j.1F.FXF..d.
03-14 15:30:22.353   342   342 I DEBUG   :     4006c4f0 b320e025 200146c2 463a4651 ed80f7f3  %. ..F. QF:F....
03-14 15:30:22.353   342   342 I DEBUG   :     4006c500 bf1c1c43 0707ebc0 d1154482 ed1ef7f3  C........D......
03-14 15:30:22.353   342   342 I DEBUG   :     4006c510 2a046802 f7f3d010 6800ed1a ed4cf7f3  .h.*.......h..L.
03-14 15:30:22.353   342   342 I DEBUG   :     4006c520 44794916 48164602 f0094478 b17dfe45  .IyD.F.HxD..E.}.
03-14 15:30:22.363   709   735 I BootReceiver: Copying /data/tombstones/tombstone_08 to DropBox (SYSTEM_TOMBSTONE)
03-14 15:30:22.393  1001  1001 D ModemStatsService: receive intent android.intent.action.DROPBOX_ENTRY_ADDED
03-14 15:30:22.393  1001  1001 D ModemStatsService: receive intent, tagname is SYSTEM_TOMBSTONE time is 1457991022396 isMobileDataConnected : false
03-14 15:30:23.975  2108  2108 F libc    : Fatal signal 13 (SIGPIPE) at 0x0000083c (code=0), thread 2108 (sh)
03-14 15:30:24.075   342   342 I DEBUG   : *** *** *** *** *** *** *** *** *** *** *** *** *** *** *** ***
03-14 15:30:24.075   342   342 I DEBUG   : Build fingerprint: 'motorola/XT897_us_spr/asanti_c:4.1.2/9.8.2Q-122_XT897_FFW-8/9:user/release-keys'
03-14 15:30:24.075   342   342 I DEBUG   : pid: 2108, tid: 2108, name: sh  >>> /system/bin/sh <<<
03-14 15:30:24.075   342   342 I DEBUG   : signal 13 (SIGPIPE), code -6 (?), fault addr --------
03-14 15:30:24.085   342   342 I DEBUG   :     r0 ffffffe0  r1 40244fe0  r2 00000ff1  r3 00000000
03-14 15:30:24.085   342   342 I DEBUG   :     r4 00000000  r5 00000003  r6 40244fbc  r7 00000004
03-14 15:30:24.085   342   342 I DEBUG   :     r8 40244fe0  r9 40244f30  sl 40244fe0  fp 400fccb8
03-14 15:30:24.085   342   342 I DEBUG   :     ip 40100f40  sp be856710  lr 400e9501  pc 400269f8  cpsr 00000010
03-14 15:30:24.085   342   342 I DEBUG   :     d0  762f3a6e6962732f  d1  69622f726f646e65
03-14 15:30:24.085   342   342 I DEBUG   :     d2  65747379732f3a6e  d3  2f3a6e6962732f6d
03-14 15:30:24.095   342   342 I DEBUG   :     d4  0000000000000000  d5  0000000000000000
03-14 15:30:24.095   342   342 I DEBUG   :     d6  0000000000000000  d7  5186749a00000000
03-14 15:30:24.095   342   342 I DEBUG   :     d8  0000000000000000  d9  0000000000000000
03-14 15:30:24.095   342   342 I DEBUG   :     d10 0000000000000000  d11 0000000000000000
03-14 15:30:24.095   342   342 I DEBUG   :     d12 0000000000000000  d13 0000000000000000
03-14 15:30:24.095   342   342 I DEBUG   :     d14 0000000000000000  d15 0000000000000000
03-14 15:30:24.095   342   342 I DEBUG   :     d16 4150243d48544150  d17 6d6f63202e3a4854
03-14 15:30:24.105   342   342 I DEBUG   :     d18 6a2e6e6f6464612e  d19 747379732f3a7261
03-14 15:30:24.105   342   342 I DEBUG   :     d20 656d6172662f6d65  d21 6d6f632f6b726f77
03-14 15:30:24.105   342   342 I DEBUG   :     d22 6c6f726f746f6d2e  d23 696f72646e612e61
03-14 15:30:24.105   342   342 I DEBUG   :     d24 0000000000000000  d25 0000000000000000
03-14 15:30:24.105   342   342 I DEBUG   :     d26 0000000000000000  d27 0000000000000000
03-14 15:30:24.105   342   342 I DEBUG   :     d28 0000000000000000  d29 0000000000000000
03-14 15:30:24.105   342   342 I DEBUG   :     d30 0000000000000000  d31 0000000000000000
03-14 15:30:24.105   342   342 I DEBUG   :     scr 00000010
03-14 15:30:24.105   342   342 I DEBUG   : 
03-14 15:30:24.105   342   342 I DEBUG   : backtrace:
03-14 15:30:24.105   342   342 I DEBUG   :     #00  pc 0000c9f8  /system/lib/libc.so (write+12)
03-14 15:30:24.105   342   342 I DEBUG   :     #01  pc 0000e4fd  /system/bin/mksh
03-14 15:30:24.105   342   342 I DEBUG   : 
03-14 15:30:24.105   342   342 I DEBUG   : stack:
03-14 15:30:24.105   342   342 I DEBUG   :          be8566d0  0000100b  
03-14 15:30:24.105   342   342 I DEBUG   :          be8566d4  4002f597  /system/lib/libc.so (dlmalloc+5322)
03-14 15:30:24.105   342   342 I DEBUG   :          be8566d8  00000000  
03-14 15:30:24.115   342   342 I DEBUG   :          be8566dc  00000004  
03-14 15:30:24.115   342   342 I DEBUG   :          be8566e0  40244f90  [heap]
03-14 15:30:24.115   342   342 I DEBUG   :          be8566e4  4002f597  /system/lib/libc.so (dlmalloc+5322)
03-14 15:30:24.115   342   342 I DEBUG   :          be8566e8  00000000  
03-14 15:30:24.115   342   342 I DEBUG   :          be8566ec  40100eac  /system/bin/mksh
03-14 15:30:24.115   342   342 I DEBUG   :          be8566f0  40244f28  [heap]
03-14 15:30:24.115   342   342 I DEBUG   :          be8566f4  40105cc4  
03-14 15:30:24.115   342   342 I DEBUG   :          be8566f8  00000000  
03-14 15:30:24.115   342   342 I DEBUG   :          be8566fc  40244fe0  [heap]
03-14 15:30:24.115   342   342 I DEBUG   :          be856700  00000000  
03-14 15:30:24.115   342   342 I DEBUG   :          be856704  00000003  
03-14 15:30:24.125   342   342 I DEBUG   :          be856708  df0027ad  
03-14 15:30:24.125   342   342 I DEBUG   :          be85670c  00000000  
03-14 15:30:24.125   342   342 I DEBUG   :     #00  be856710  00000000  
03-14 15:30:24.125   342   342 I DEBUG   :          be856714  00000ff1  
03-14 15:30:24.125   342   342 I DEBUG   :     #01  be856718  40244f28  [heap]
03-14 15:30:24.125   342   342 I DEBUG   :          be85671c  00013804  
03-14 15:30:24.125   342   342 I DEBUG   :          be856720  00000001  
03-14 15:30:24.125   342   342 I DEBUG   :          be856724  40100eac  /system/bin/mksh
03-14 15:30:24.125   342   342 I DEBUG   :          be856728  40105d84  
03-14 15:30:24.125   342   342 I DEBUG   :          be85672c  40105d88  
03-14 15:30:24.125   342   342 I DEBUG   :          be856730  40105bb0  
03-14 15:30:24.125   342   342 I DEBUG   :          be856734  40244f28  [heap]
03-14 15:30:24.125   342   342 I DEBUG   :          be856738  40241f9c  [heap]
03-14 15:30:24.125   342   342 I DEBUG   :          be85673c  40105df6  
03-14 15:30:24.125   342   342 I DEBUG   :          be856740  00000001  
03-14 15:30:24.125   342   342 I DEBUG   :          be856744  400e65cd  /system/bin/mksh
03-14 15:30:24.125   342   342 I DEBUG   :          be856748  40244f28  [heap]
03-14 15:30:24.125   342   342 I DEBUG   :          be85674c  0000001f  
03-14 15:30:24.125   342   342 I DEBUG   :          be856750  40244fac  [heap]
03-14 15:30:24.125   342   342 I DEBUG   :          be856754  40244b3c  [heap]
03-14 15:30:24.125   342   342 I DEBUG   : 
03-14 15:30:24.125   342   342 I DEBUG   : memory near r1:
03-14 15:30:24.125   342   342 I DEBUG   :     40244fc0 656e2f63 74782f74 6174715f 64697567  c/net/xt_qtaguid
03-14 15:30:24.125   342   342 I DEBUG   :     40244fd0 6174732f 00007374 00000000 0000100b  /stats..........
03-14 15:30:24.125   342   342 I DEBUG   :     40244fe0 20786469 63616669 63612065 745f7463  idx iface acct_t
03-14 15:30:24.125   342   342 I DEBUG   :     40244ff0 685f6761 75207865 745f6469 695f6761  ag_hex uid_tag_i
03-14 15:30:24.125   342   342 I DEBUG   :     40245000 6320746e 735f746e 72207465 79625f78  nt cnt_set rx_by
03-14 15:30:24.125   342   342 I DEBUG   : 
03-14 15:30:24.125   342   342 I DEBUG   : memory near r6:
03-14 15:30:24.125   342   342 I DEBUG   :     40244f9c 400635b4 00000010 00000012 00000000  .5.@............
03-14 15:30:24.125   342   342 I DEBUG   :     40244fac 00746163 00000000 0000002b 40244fa8  cat.....+....O$@
03-14 15:30:24.125   342   342 I DEBUG   :     40244fbc 6f72702f 656e2f63 74782f74 6174715f  /proc/net/xt_qta
03-14 15:30:24.125   342   342 I DEBUG   :     40244fcc 64697567 6174732f 00007374 00000000  guid/stats......
03-14 15:30:24.125   342   342 I DEBUG   :     40244fdc 0000100b 20786469 63616669 63612065  ....idx iface ac
03-14 15:30:24.125   342   342 I DEBUG   : 
03-14 15:30:24.125   342   342 I DEBUG   : memory near r8:
03-14 15:30:24.125   342   342 I DEBUG   :     40244fc0 656e2f63 74782f74 6174715f 64697567  c/net/xt_qtaguid
03-14 15:30:24.125   342   342 I DEBUG   :     40244fd0 6174732f 00007374 00000000 0000100b  /stats..........
03-14 15:30:24.125   342   342 I DEBUG   :     40244fe0 20786469 63616669 63612065 745f7463  idx iface acct_t
03-14 15:30:24.125   342   342 I DEBUG   :     40244ff0 685f6761 75207865 745f6469 695f6761  ag_hex uid_tag_i
03-14 15:30:24.125   342   342 I DEBUG   :     40245000 6320746e 735f746e 72207465 79625f78  nt cnt_set rx_by
03-14 15:30:24.125   342   342 I DEBUG   : 
03-14 15:30:24.125   342   342 I DEBUG   : memory near r9:
03-14 15:30:24.125   342   342 I DEBUG   :     40244f10 00000000 00000004 00000000 0000001b  ................
03-14 15:30:24.125   342   342 I DEBUG   :     40244f20 40244fb8 00000000 40244fac 40244fbc  .O$@.....O$@.O$@
03-14 15:30:24.125   342   342 I DEBUG   :     40244f30 00000000 00000063 40244f20 40244bf8  ....c... O$@.K$@
03-14 15:30:24.125   342   342 I DEBUG   :     40244f40 be856bbc 00000000 00000000 4024100c  .k............$@
03-14 15:30:24.125   342   342 I DEBUG   :     40244f50 40244f3c 40244a6c 00000006 00000003  <O$@lJ$@........
03-14 15:30:24.125   342   342 I DEBUG   : 
03-14 15:30:24.125   342   342 I DEBUG   : memory near sl:
03-14 15:30:24.125   342   342 I DEBUG   :     40244fc0 656e2f63 74782f74 6174715f 64697567  c/net/xt_qtaguid
03-14 15:30:24.125   342   342 I DEBUG   :     40244fd0 6174732f 00007374 00000000 0000100b  /stats..........
03-14 15:30:24.125   342   342 I DEBUG   :     40244fe0 20786469 63616669 63612065 745f7463  idx iface acct_t
03-14 15:30:24.125   342   342 I DEBUG   :     40244ff0 685f6761 75207865 745f6469 695f6761  ag_hex uid_tag_i
03-14 15:30:24.125   342   342 I DEBUG   :     40245000 6320746e 735f746e 72207465 79625f78  nt cnt_set rx_by
03-14 15:30:24.125   342   342 I DEBUG   : 
03-14 15:30:24.125   342   342 I DEBUG   : memory near fp:
03-14 15:30:24.125   342   342 I DEBUG   :     400fcc98 27000a27 49005c00 22005346 27262423  '..'.\.IFS."#$&'
03-14 15:30:24.125   342   342 I DEBUG   :     400fcca8 3a2a2928 3e3d3c3b 605c5b3f 007d7c7b  ()*:;<=>?[\`{|}.
03-14 15:30:24.125   342   342 I DEBUG   :     400fccb8 203a7325 67007325 68626172 00747369  %s: %s.grabhist.
