adb server is out of date.  killing...
* daemon started successfully *
--------- beginning of /dev/log/system
03-14 15:08:19.532   709   725 D MobileDataStateTracker: supl: Received state=DISCONNECTED, old=DISCONNECTED, reason=dataDetached
03-14 15:08:19.532   709   725 D MobileDataStateTracker: agps: Received state=DISCONNECTED, old=DISCONNECTED, reason=dataDetached
03-14 15:08:19.542   709   725 D MobileDataStateTracker: hipri: Received state=DISCONNECTED, old=DISCONNECTED, reason=dataDetached
03-14 15:08:19.542   709   725 D MobileDataStateTracker: ims: Received state=DISCONNECTED, old=DISCONNECTED, reason=dataDetached
03-14 15:08:19.552   709   725 D MobileDataStateTracker: default: Received state=DISCONNECTED, old=DISCONNECTED, reason=dataDetached
03-14 15:08:19.552   709   725 D MobileDataStateTracker: vzw800: Received state=DISCONNECTED, old=DISCONNECTED, reason=dataDetached
03-14 15:08:19.582   709   725 D MobileDataStateTracker: mms: Received state=DISCONNECTED, old=DISCONNECTED, reason=dataDetached
03-14 15:08:19.582   709   725 D MobileDataStateTracker: cbs: Received state=DISCONNECTED, old=DISCONNECTED, reason=dataDetached
03-14 15:08:19.632   857   857 I SBar.NetworkController: onServiceStateChanged state=0 home data home domestic Sprint  31000  1xRTT CSS not supported 237 4180 mDataState=0 RoamInd=1 DefRoamInd=1 EmergOnly=false VoiceState=0=STATE_IN_SERVICE DataState=0=STATE_IN_SERVICE
03-14 15:08:19.632   857   857 D VzwEri  : ERI alert sound is disabled.
03-14 15:08:19.642   857   857 D CarrierLabel: updateNetworkName: showSpn=false spn="" showPlmn=true plmn="Sprint" isONSSupported=false
03-14 15:08:19.692   709   725 D MobileDataStateTracker: default: Received state=CONNECTING, old=DISCONNECTED, reason=cdmaDataDetached
03-14 15:08:19.692   709   725 D MobileDataStateTracker: default: setDetailed state, old =DISCONNECTED and new state=CONNECTING
03-14 15:08:19.692   709   823 D ConnectivityService: ConnectivityChange for mobile: CONNECTING/CONNECTING
03-14 15:08:19.692   709   725 D MobileDataStateTracker: mms: Received state=DISCONNECTED, old=DISCONNECTED, reason=cdmaDataDetached
03-14 15:08:19.692   709   725 D MobileDataStateTracker: supl: Received state=DISCONNECTED, old=DISCONNECTED, reason=cdmaDataDetached
03-14 15:08:19.702   709   725 D MobileDataStateTracker: dun: Received state=DISCONNECTED, old=DISCONNECTED, reason=cdmaDataDetached
03-14 15:08:19.702   709   725 D MobileDataStateTracker: hipri: Received state=DISCONNECTED, old=DISCONNECTED, reason=cdmaDataDetached
03-14 15:08:19.702   709   725 D MobileDataStateTracker: ims: Received state=DISCONNECTED, old=DISCONNECTED, reason=cdmaDataDetached
03-14 15:08:19.712   709   725 D MobileDataStateTracker: fota: Received state=DISCONNECTED, old=DISCONNECTED, reason=cdmaDataDetached
03-14 15:08:19.712   709   725 D MobileDataStateTracker: cbs: Received state=DISCONNECTED, old=DISCONNECTED, reason=cdmaDataDetached
03-14 15:08:19.722   709   725 D MobileDataStateTracker: agps: Received state=DISCONNECTED, old=DISCONNECTED, reason=cdmaDataDetached
03-14 15:08:19.722   709   725 D MobileDataStateTracker: entitle: Received state=DISCONNECTED, old=DISCONNECTED, reason=cdmaDataDetached
03-14 15:08:19.732   709   725 D MobileDataStateTracker: stdhipri: Received state=DISCONNECTED, old=DISCONNECTED, reason=cdmaDataDetached
03-14 15:08:19.732   709   725 D MobileDataStateTracker: vzw800: Received state=DISCONNECTED, old=DISCONNECTED, reason=cdmaDataDetached
03-14 15:08:19.742   709   725 D MobileDataStateTracker: default: Received state=CONNECTING, old=CONNECTING, reason=roamingOff
03-14 15:08:26.209   857   857 I SBar.NetworkController: onDataConnectionStateChanged: state=2 networkType=7
03-14 15:08:26.229   709   725 D MobileDataStateTracker: default: Received state=CONNECTED, old=CONNECTING, reason=cdmaDataDetached
03-14 15:08:26.229   709   725 D MobileDataStateTracker: default: setDetailed state, old =CONNECTING and new state=CONNECTED
03-14 15:08:26.229   709   823 D ConnectivityService: ConnectivityChange for mobile: CONNECTED/CONNECTED
03-14 15:08:26.229   709   823 D ConnectivityService: Not broadcasting CONNECT_ACTION to torn down network mobile
03-14 15:08:26.239   857   857 I SBar.NetworkController: onDataActivity: direction=0
03-14 15:08:26.249   709   725 D MobileDataStateTracker: default: Received state=DISCONNECTED, old=CONNECTED, reason=dataDisabled
03-14 15:08:26.249   709   725 D MobileDataStateTracker: default: setDetailed state, old =CONNECTED and new state=DISCONNECTED
03-14 15:08:26.249   709   823 D ConnectivityService: ConnectivityChange for mobile: DISCONNECTED/DISCONNECTED
03-14 15:08:26.249   709   823 D ConnectivityService: Reconnect ETHERNET
03-14 15:08:26.249   709   823 D ConnectivityService: Attempting to switch to ETHERNET
03-14 15:08:26.249   709   823 D ConnectivityService: candidate reconnect BLUETOOTH_TETHER
03-14 15:08:26.259   709   823 D ConnectivityService: handleConnectivityChange: changed linkProperty[0]: doReset=true resetMask=3
03-14 15:08:26.259   709   823 D ConnectivityService:   curLp=null
03-14 15:08:26.259   709   823 D ConnectivityService:   newLp= null
03-14 15:08:26.259   857   857 I SBar.NetworkController: onDataConnectionStateChanged: state=0 networkType=7
03-14 15:08:26.259   709   823 D ConnectivityService: resetConnections(rmnet0, 3)
03-14 15:08:26.349   709   823 D ConnectivityService: sendStickyBroadcast: action=android.net.conn.CONNECTIVITY_CHANGE_IMMEDIATE
03-14 15:08:26.349   709   823 D ConnectivityService: sendStickyBroadcastDelayed: delayMs=3000, action=android.net.conn.CONNECTIVITY_CHANGE
03-14 15:08:26.349   709   823 D ConnectivityService: sendStickyBroadcast: action=android.net.conn.CONNECTIVITY_CHANGE_IMMEDIATE
03-14 15:08:26.349   709   823 D ConnectivityService: sendStickyBroadcastDelayed: delayMs=3000, action=android.net.conn.CONNECTIVITY_CHANGE
03-14 15:08:26.359   709   823 D MobileDataStateTracker: default: setPolicyDataEnable(enabled=true)
03-14 15:08:26.369   709   823 D MobileDataStateTracker: default: setPolicyDataEnable(enabled=true)
03-14 15:08:26.399   709   823 D MobileDataStateTracker: default: setPolicyDataEnable(enabled=true)
03-14 15:08:26.399   709   823 D MobileDataStateTracker: default: setPolicyDataEnable(enabled=true)
03-14 15:08:29.362   709   823 D ConnectivityService: sendStickyBroadcast: action=android.net.conn.CONNECTIVITY_CHANGE
03-14 15:08:29.372   857   857 I SBar.NetworkController: onReceive: ConnectivityManager.CONNECTIVITY_ACTION || INET_CONDITION_ACTION Received
03-14 15:08:29.382   857   857 I SBar.NetworkController: updateConnectivity: NetworkInfo: NetworkInfo: type: WIFI(1)[], state: CONNECTED/CONNECTED, reason: (unspecified), extra: (none), roaming: false, failover: false, isAvailable: true, inetCondition= 1
03-14 15:08:29.392   709   823 D ConnectivityService: sendStickyBroadcast: action=android.net.conn.CONNECTIVITY_CHANGE
03-14 15:08:29.432   857   857 I SBar.NetworkController: onReceive: ConnectivityManager.CONNECTIVITY_ACTION || INET_CONDITION_ACTION Received
03-14 15:08:29.432   990   990 E ActivityThread: Failed to find provider info for com.motorola.blur.setupprovider
03-14 15:08:29.432   857   857 I SBar.NetworkController: updateConnectivity: NetworkInfo: NetworkInfo: type: WIFI(1)[], state: CONNECTED/CONNECTED, reason: (unspecified), extra: (none), roaming: false, failover: false, isAvailable: true, inetCondition= 1
03-14 15:08:29.452 16044 16044 I openssl : Crypto mode not selected, openssl will run on its regular mode.
03-14 15:08:29.472   709  6413 D ConnectivityService: reportNetworkCondition(1, 0)
03-14 15:08:29.472   709  6413 D ConnectivityService: 1231(10015) reports inet is disconnected (0) on network Type 1 at Mon Mar 14 15:08:29 MDT 2016
03-14 15:08:29.472   709   823 D ConnectivityService: handleInetConditionChange: net=1, condition=0,mActiveDefaultNetwork=1
03-14 15:08:29.472   709   823 D ConnectivityService: handleInetConditionChange: starting a change hold
03-14 15:08:29.482   709  1137 D ConnectivityService: reportNetworkCondition(1, 0)
03-14 15:08:29.492   709  1137 D ConnectivityService: 1231(10015) reports inet is disconnected (0) on network Type 1 at Mon Mar 14 15:08:29 MDT 2016
03-14 15:08:29.492   709   823 D ConnectivityService: handleInetConditionChange: net=1, condition=0,mActiveDefaultNetwork=1
03-14 15:08:29.492   709   823 D ConnectivityService: handleInetConditionChange: currently in hold - not setting new end evt
03-14 15:08:29.502   990   990 E ActivityThread: Failed to find provider info for com.motorola.blur.setupprovider
03-14 15:08:29.632   709  1137 D ConnectivityService: reportNetworkCondition(1, 100)
03-14 15:08:29.632   709  1137 D ConnectivityService: 1231(10015) reports inet is connected (100) on network Type 1 at Mon Mar 14 15:08:29 MDT 2016
03-14 15:08:29.632   709   823 D ConnectivityService: handleInetConditionChange: net=1, condition=100,mActiveDefaultNetwork=1
03-14 15:08:29.632   709   823 D ConnectivityService: handleInetConditionChange: currently in hold - not setting new end evt
03-14 15:08:29.732   709  6760 W ActivityManager: Unable to start service Intent { act=com.android.email.intent.action.MAIL_SERVICE_SEND_PENDING cmp=com.motorola.motoemail/com.android.email.service.MailService (has extras) }: not found
03-14 15:08:29.813   709  1049 D ConnectivityService: reportNetworkCondition(1, 100)
03-14 15:08:29.813   709  1049 D ConnectivityService: 1231(10015) reports inet is connected (100) on network Type 1 at Mon Mar 14 15:08:29 MDT 2016
03-14 15:08:29.813   709   823 D ConnectivityService: handleInetConditionChange: net=1, condition=100,mActiveDefaultNetwork=1
03-14 15:08:29.813   709   823 D ConnectivityService: handleInetConditionChange: currently in hold - not setting new end evt
03-14 15:08:32.375   709   778 V AlarmManager: sending alarm Alarm{42e1c968 type 2 com.android.phone}
03-14 15:08:32.485   709   823 D ConnectivityService: handleInetConditionHoldEnd: net=1, condition=100, published condition=100
03-14 15:08:32.485   709   823 D ConnectivityService: sendStickyBroadcast: action=android.net.conn.INET_CONDITION_ACTION
03-14 15:08:32.485   857   857 I SBar.NetworkController: onReceive: ConnectivityManager.CONNECTIVITY_ACTION || INET_CONDITION_ACTION Received
03-14 15:08:32.485   857   857 I SBar.NetworkController: updateConnectivity: NetworkInfo: NetworkInfo: type: WIFI(1)[], state: CONNECTED/CONNECTED, reason: (unspecified), extra: (none), roaming: false, failover: false, isAvailable: true, inetCondition= 1
03-14 15:08:33.667   709   778 V AlarmManager: sending alarm Alarm{42ea4e20 type 1 com.motorola.messaging}
03-14 15:08:39.723   709  1627 D ConnectivityService: stopUsingNetworkFeature - not a live request, ignoring
03-14 15:08:50.785   857   857 I SBar.BatteryController: Show 'charging': status=2, level=98
03-14 15:08:59.995   709   778 V AlarmManager: sending alarm Alarm{421fd658 type 3 android}
03-14 15:09:16.773   709   778 V AlarmManager: sending alarm Alarm{42d779a8 type 2 com.google.android.gms}
03-14 15:09:50.949   857   857 I SBar.BatteryController: Show 'charging': status=2, level=98
03-14 15:09:59.999   709   778 V AlarmManager: sending alarm Alarm{42b39a28 type 3 android}
03-14 15:10:06.526   709   778 V AlarmManager: sending alarm Alarm{42cdba90 type 2 com.life360.android.safetymapd}
03-14 15:10:06.526   709   778 V AlarmManager: sending alarm Alarm{42b05cf8 type 3 com.google.android.apps.fitness}
03-14 15:10:06.546   709   778 V AlarmManager: sending alarm Alarm{423aa4a8 type 3 android}
03-14 15:10:06.646   709   823 D MobileDataStateTracker: default: setPolicyDataEnable(enabled=true)
03-14 15:10:12.412   709   778 V AlarmManager: sending alarm Alarm{4242cc98 type 2 com.google.android.gms}
03-14 15:10:13.063   709   720 I LocationManagerService: remove passive (pid 1628), next minTime = 0
03-14 15:10:13.073   709  1063 I LocationManagerService: request gps (pid 1628) 0 0
03-14 15:10:13.093   857   857 D PhoneStatusBar: addNotification score=10
03-14 15:10:33.074   709   778 V AlarmManager: sending alarm Alarm{42ecd448 type 2 com.google.android.gms}
03-14 15:10:33.094   709  1040 I LocationManagerService: remove gps (pid 1628), disabled
03-14 15:10:33.104   709   709 I LocationManagerService: request passive (pid 1628) 0 0
03-14 15:10:38.510   709   778 V AlarmManager: sending alarm Alarm{42cf9368 type 2 com.life360.android.safetymapd}
03-14 15:10:48.731   709  7334 W ActivityManager: Permission denied: checkComponentPermission() owningUid=10063
03-14 15:10:48.731   709  7334 W ActivityManager: Permission Denial: Accessing service ComponentInfo{com.google.android.music/com.google.android.music.dial.DialMediaRouteProviderService} from pid=29197, uid=10108 that is not exported from uid 10063
03-14 15:10:48.781   709  1272 D MotDevicePolicyManagerService: Package com.life360.android.safetymapd, package state=0, action=android.intent.action.PACKAGE_CHANGED
03-14 15:10:48.781   709  1272 D MotDevicePolicyManagerService: getAllAppBlackLists - no app blacklist set for all administrators
03-14 15:10:48.781   709  1272 D MotDevicePolicyManagerService: App WhiteList is disabled by all admins.
03-14 15:10:48.781   709  1272 D MotDevicePolicyManagerService: isPolicyAllowed - policy=AllowBrowserStrategy allowed by all admin.
03-14 15:10:48.781   709  1272 D MotDevicePolicyManagerService: isPolicyAllowed - policy=AllowConsumerEmailStrategy allowed by all admin.
03-14 15:10:48.791   709  1272 D MotDevicePolicyManagerService: isPolicyAllowed - policy=AllowTextMessagingStrategy allowed by all admin.
03-14 15:10:48.791   709  1272 D MotDevicePolicyManagerService: Package com.life360.android.safetymapd does NOT conflict with any policy.
03-14 15:10:50.783   857   857 I SBar.BatteryController: Show 'charging': status=2, level=98
03-14 15:10:59.993   709   778 V AlarmManager: sending alarm Alarm{420bcb18 type 3 android}
03-14 15:11:38.934   709  1040 I LocationManagerService: request network (pid 30136) 600000 600000
03-14 15:11:39.485   709  1063 I LocationManagerService: remove network (pid 30136), next minTime = 86400000
03-14 15:11:49.686   709  1109 D MotDevicePolicyManagerService: Package com.life360.android.safetymapd, package state=0, action=android.intent.action.PACKAGE_CHANGED
03-14 15:11:49.696   709  1109 D MotDevicePolicyManagerService: getAllAppBlackLists - no app blacklist set for all administrators
03-14 15:11:49.696   709  1109 D MotDevicePolicyManagerService: App WhiteList is disabled by all admins.
03-14 15:11:49.696   709  1109 D MotDevicePolicyManagerService: isPolicyAllowed - policy=AllowBrowserStrategy allowed by all admin.
03-14 15:11:49.696   709  1066 W ActivityManager: Permission denied: checkComponentPermission() owningUid=10063
03-14 15:11:49.696   709  1066 W ActivityManager: Permission Denial: Accessing service ComponentInfo{com.google.android.music/com.google.android.music.dial.DialMediaRouteProviderService} from pid=29197, uid=10108 that is not exported from uid 10063
03-14 15:11:49.696   709  1109 D MotDevicePolicyManagerService: isPolicyAllowed - policy=AllowConsumerEmailStrategy allowed by all admin.
03-14 15:11:49.696   709  1109 D MotDevicePolicyManagerService: isPolicyAllowed - policy=AllowTextMessagingStrategy allowed by all admin.
03-14 15:11:49.696   709  1109 D MotDevicePolicyManagerService: Package com.life360.android.safetymapd does NOT conflict with any policy.
03-14 15:11:50.947   857   857 I SBar.BatteryController: Show 'charging': status=2, level=98
03-14 15:11:59.997   709   778 V AlarmManager: sending alarm Alarm{42f4c190 type 3 android}
03-14 15:12:50.781   857   857 I SBar.BatteryController: Show 'charging': status=2, level=99
03-14 15:12:56.327   709   778 V AlarmManager: sending alarm Alarm{42bf7d40 type 3 android}
03-14 15:12:56.347   709   962 W ThrottleService: unable to find stats for iface rmnet0
03-14 15:12:59.991   709   778 V AlarmManager: sending alarm Alarm{42cde830 type 3 android}
03-14 15:13:13.135   709   778 V AlarmManager: sending alarm Alarm{42de49d0 type 2 com.google.android.gms}
03-14 15:13:50.935   857   857 I SBar.BatteryController: Show 'charging': status=2, level=99
03-14 15:13:59.995   709   778 V AlarmManager: sending alarm Alarm{42dcef48 type 3 android}
03-14 15:14:01.627   709   778 V AlarmManager: sending alarm Alarm{42546280 type 2 com.google.android.gms}
03-14 15:14:01.767   709  1049 D ConnectivityService: reportNetworkCondition(1, 100)
03-14 15:14:01.767   709  1049 D ConnectivityService: 1231(10015) reports inet is connected (100) on network Type 1 at Mon Mar 14 15:14:01 MDT 2016
03-14 15:14:01.767   709   823 D ConnectivityService: handleInetConditionChange: net=1, condition=100,mActiveDefaultNetwork=1
03-14 15:14:01.767   709   823 D ConnectivityService: handleInetConditionChange: starting a change hold
03-14 15:14:02.267   709   823 D ConnectivityService: handleInetConditionHoldEnd: net=1, condition=100, published condition=100
03-14 15:14:02.267   709   823 D ConnectivityService: sendStickyBroadcast: action=android.net.conn.INET_CONDITION_ACTION
03-14 15:14:02.267   857   857 I SBar.NetworkController: onReceive: ConnectivityManager.CONNECTIVITY_ACTION || INET_CONDITION_ACTION Received
03-14 15:14:02.267   857   857 I SBar.NetworkController: updateConnectivity: NetworkInfo: NetworkInfo: type: WIFI(1)[], state: CONNECTED/CONNECTED, reason: (unspecified), extra: (none), roaming: false, failover: false, isAvailable: true, inetCondition= 1
03-14 15:14:07.633   709   778 V AlarmManager: sending alarm Alarm{42f02758 type 2 android}
03-14 15:14:37.655   709   778 V AlarmManager: sending alarm Alarm{42d646f0 type 2 android}
03-14 15:14:50.769   857   857 I SBar.BatteryController: Show 'charging': status=2, level=99
03-14 15:14:59.999   709   778 V AlarmManager: sending alarm Alarm{42ae3f08 type 3 android}
03-14 15:15:06.526   709   778 V AlarmManager: sending alarm Alarm{42cdba90 type 2 com.life360.android.safetymapd}
03-14 15:15:12.462   709   778 V AlarmManager: sending alarm Alarm{42ee9c58 type 2 com.google.android.gms}
03-14 15:15:50.933   857   857 I SBar.BatteryController: Show 'charging': status=2, level=99
03-14 15:15:59.993   709   778 V AlarmManager: sending alarm Alarm{42ede1b0 type 3 android}
03-14 15:16:13.838   709   778 V AlarmManager: sending alarm Alarm{4241bac8 type 2 com.google.android.gms}
03-14 15:16:39.445   709   778 V AlarmManager: sending alarm Alarm{42f57100 type 2 com.life360.android.safetymapd}
03-14 15:16:49.676   709  1339 D MotDevicePolicyManagerService: Package com.life360.android.safetymapd, package state=0, action=android.intent.action.PACKAGE_CHANGED
03-14 15:16:49.676   709  1339 D MotDevicePolicyManagerService: getAllAppBlackLists - no app blacklist set for all administrators
03-14 15:16:49.676   709  1339 D MotDevicePolicyManagerService: App WhiteList is disabled by all admins.
03-14 15:16:49.676   709  1339 D MotDevicePolicyManagerService: isPolicyAllowed - policy=AllowBrowserStrategy allowed by all admin.
03-14 15:16:49.676   709  1339 D MotDevicePolicyManagerService: isPolicyAllowed - policy=AllowConsumerEmailStrategy allowed by all admin.
03-14 15:16:49.676   709  1339 D MotDevicePolicyManagerService: isPolicyAllowed - policy=AllowTextMessagingStrategy allowed by all admin.
03-14 15:16:49.676   709  1339 D MotDevicePolicyManagerService: Package com.life360.android.safetymapd does NOT conflict with any policy.
03-14 15:16:49.676   709   720 W ActivityManager: Permission denied: checkComponentPermission() owningUid=10063
03-14 15:16:49.686   709   720 W ActivityManager: Permission Denial: Accessing service ComponentInfo{com.google.android.music/com.google.android.music.dial.DialMediaRouteProviderService} from pid=29197, uid=10108 that is not exported from uid 10063
03-14 15:16:50.777   857   857 I SBar.BatteryController: Show 'charging': status=2, level=99
03-14 15:16:59.997   709   778 V AlarmManager: sending alarm Alarm{42d00170 type 3 android}
03-14 15:17:40.260   709   720 I LocationManagerService: request network (pid 30136) 600000 600000
03-14 15:17:40.740   709  1063 I LocationManagerService: remove network (pid 30136), next minTime = 86400000
03-14 15:17:50.931   709   854 D MotDevicePolicyManagerService: Package com.life360.android.safetymapd, package state=0, action=android.intent.action.PACKAGE_CHANGED
03-14 15:17:50.931   857   857 I SBar.BatteryController: Show 'charging': status=2, level=99
03-14 15:17:50.961   709   719 W ActivityManager: Permission denied: checkComponentPermission() owningUid=10063
03-14 15:17:50.961   709   719 W ActivityManager: Permission Denial: Accessing service ComponentInfo{com.google.android.music/com.google.android.music.dial.DialMediaRouteProviderService} from pid=29197, uid=10108 that is not exported from uid 10063
03-14 15:17:50.971   709   854 D MotDevicePolicyManagerService: getAllAppBlackLists - no app blacklist set for all administrators
03-14 15:17:50.971   709   854 D MotDevicePolicyManagerService: App WhiteList is disabled by all admins.
03-14 15:17:50.971   709   854 D MotDevicePolicyManagerService: isPolicyAllowed - policy=AllowBrowserStrategy allowed by all admin.
03-14 15:17:50.971   709   854 D MotDevicePolicyManagerService: isPolicyAllowed - policy=AllowConsumerEmailStrategy allowed by all admin.
03-14 15:17:50.971   709   854 D MotDevicePolicyManagerService: isPolicyAllowed - policy=AllowTextMessagingStrategy allowed by all admin.
03-14 15:17:50.971   709   854 D MotDevicePolicyManagerService: Package com.life360.android.safetymapd does NOT conflict with any policy.
03-14 15:17:59.991   709   778 V AlarmManager: sending alarm Alarm{42c92948 type 3 android}
03-14 15:18:50.775   857   857 I SBar.BatteryController: Show battery 'full': status=5, level=100
03-14 15:18:59.995   709   778 V AlarmManager: sending alarm Alarm{42c2b820 type 3 android}
03-14 15:19:14.551   709   778 V AlarmManager: sending alarm Alarm{42c66478 type 2 com.google.android.gms}
03-14 15:19:50.929   857   857 I SBar.BatteryController: Show battery 'full': status=5, level=100
03-14 15:19:59.999   709   778 V AlarmManager: sending alarm Alarm{42099318 type 3 android}
03-14 15:20:06.526   709   778 V AlarmManager: sending alarm Alarm{42cdba90 type 2 com.life360.android.safetymapd}
03-14 15:20:12.492   709   778 V AlarmManager: sending alarm Alarm{42ba6900 type 2 com.google.android.gms}
03-14 15:20:13.213   709  1066 I LocationManagerService: remove passive (pid 1628), next minTime = 0
03-14 15:20:13.213   709  1042 I LocationManagerService: request gps (pid 1628) 0 0
03-14 15:20:13.233   857   857 D PhoneStatusBar: addNotification score=10
03-14 15:20:33.225   709   778 V AlarmManager: sending alarm Alarm{42f504f0 type 2 com.google.android.gms}
03-14 15:20:33.245   709  1040 I LocationManagerService: remove gps (pid 1628), disabled
03-14 15:20:33.255   709  6413 I LocationManagerService: request passive (pid 1628) 0 0
03-14 15:20:50.773   857   857 I SBar.BatteryController: Show battery 'full': status=5, level=100
03-14 15:20:59.993   709   778 V AlarmManager: sending alarm Alarm{424190c8 type 3 android}
03-14 15:21:50.927   857   857 I SBar.BatteryController: Show battery 'full': status=5, level=100
03-14 15:21:59.997   709   778 V AlarmManager: sending alarm Alarm{42c60020 type 3 android}
03-14 15:22:40.761   709   778 V AlarmManager: sending alarm Alarm{42ea3890 type 2 com.life360.android.safetymapd}
03-14 15:22:40.771   709   730 I ActivityManager: No longer want com.android.defcontainer (pid 28322): hidden #21
03-14 15:22:40.771   709   730 I ActivityManager: No longer want com.motorola.contextual.smartrules (pid 27761): hidden #22
03-14 15:22:40.851   709  1041 W ActivityManager: Scheduling restart of crashed service com.motorola.contextual.smartrules/.monitorservice.CommonMonitorService in 5000ms
03-14 15:22:40.851   709  1041 W ActivityManager: Scheduling restart of crashed service com.motorola.contextual.smartrules/com.motorola.contextual.virtualsensor.locationsensor.LocationSensorManager in 14996ms
03-14 15:22:40.851   709  1041 W ActivityManager: Scheduling restart of crashed service com.motorola.contextual.smartrules/.service.SmartRulesService in 24995ms
03-14 15:22:45.866   709   730 I ActivityManager: Start proc com.motorola.contextual.smartrules for service com.motorola.contextual.smartrules/.monitorservice.CommonMonitorService: pid=31011 uid=10078 gids={3003, 1015, 3002, 3001, 1028}
03-14 15:22:50.771   857   857 I SBar.BatteryController: Show battery 'full': status=5, level=100
03-14 15:22:51.012   709  6760 W ActivityManager: Permission denied: checkComponentPermission() owningUid=10063
03-14 15:22:51.022   709  6760 W ActivityManager: Permission Denial: Accessing service ComponentInfo{com.google.android.music/com.google.android.music.dial.DialMediaRouteProviderService} from pid=29197, uid=10108 that is not exported from uid 10063
03-14 15:22:51.082   709  1270 D MotDevicePolicyManagerService: Package com.life360.android.safetymapd, package state=0, action=android.intent.action.PACKAGE_CHANGED
03-14 15:22:51.092   709  1270 D MotDevicePolicyManagerService: getAllAppBlackLists - no app blacklist set for all administrators
03-14 15:22:51.092   709  1270 D MotDevicePolicyManagerService: App WhiteList is disabled by all admins.
03-14 15:22:51.092   709  1270 D MotDevicePolicyManagerService: isPolicyAllowed - policy=AllowBrowserStrategy allowed by all admin.
03-14 15:22:51.092   709  1270 D MotDevicePolicyManagerService: isPolicyAllowed - policy=AllowConsumerEmailStrategy allowed by all admin.
03-14 15:22:51.092   709  1270 D MotDevicePolicyManagerService: isPolicyAllowed - policy=AllowTextMessagingStrategy allowed by all admin.
03-14 15:22:51.092   709  1270 D MotDevicePolicyManagerService: Package com.life360.android.safetymapd does NOT conflict with any policy.
03-14 15:22:56.337   709   778 V AlarmManager: sending alarm Alarm{42b4f190 type 3 android}
03-14 15:22:56.347   709   962 W ThrottleService: unable to find stats for iface rmnet0
03-14 15:22:59.991   709   778 V AlarmManager: sending alarm Alarm{42bf8050 type 3 android}
03-14 15:23:13.275   709   778 V AlarmManager: sending alarm Alarm{42ea5a88 type 2 com.google.android.gms}
03-14 15:23:41.455   709  7334 I LocationManagerService: request network (pid 30136) 600000 600000
03-14 15:23:42.036   709  1040 I LocationManagerService: remove network (pid 30136), next minTime = 86400000
03-14 15:23:50.945   857   857 I SBar.BatteryController: Show battery 'full': status=5, level=100
03-14 15:23:59.995   709   778 V AlarmManager: sending alarm Alarm{42d3ee48 type 3 android}
03-14 15:24:00.005   709   730 I ActivityManager: No longer want com.android.deskclock (pid 29431): hidden #21
03-14 15:24:50.779   857   857 I SBar.BatteryController: Show battery 'full': status=5, level=100
03-14 15:24:59.999   709   778 V AlarmManager: sending alarm Alarm{42140390 type 3 android}
03-14 15:25:06.526   709   778 V AlarmManager: sending alarm Alarm{42cdba90 type 2 com.life360.android.safetymapd}
03-14 15:25:06.546   709   778 V AlarmManager: sending alarm Alarm{430c4d50 type 2 com.life360.android.safetymapd}
03-14 15:25:06.556   709   778 V AlarmManager: sending alarm Alarm{42b05cf8 type 3 com.google.android.apps.fitness}
03-14 15:25:06.556   709   778 V AlarmManager: sending alarm Alarm{42125ab8 type 3 com.google.android.apps.fitness}
03-14 15:25:07.007   709  1066 I LocationManagerService: request gps (pid 1628) 3000 3000
03-14 15:25:07.067   857   857 D PhoneStatusBar: addNotification score=10
03-14 15:25:08.178   709  1042 I LocationManagerService: remove gps (pid 1628), disabled
03-14 15:25:12.082   709   778 V AlarmManager: sending alarm Alarm{42415840 type 2 com.google.android.gms}
03-14 15:25:16.917   709   719 W ActivityManager: Permission denied: checkComponentPermission() owningUid=10063
03-14 15:25:16.917   709   719 W ActivityManager: Permission Denial: Accessing service ComponentInfo{com.google.android.music/com.google.android.music.dial.DialMediaRouteProviderService} from pid=29197, uid=10108 that is not exported from uid 10063
03-14 15:25:16.967   709  1272 D MotDevicePolicyManagerService: Package com.life360.android.safetymapd, package state=0, action=android.intent.action.PACKAGE_CHANGED
03-14 15:25:16.967   709  1272 D MotDevicePolicyManagerService: getAllAppBlackLists - no app blacklist set for all administrators
03-14 15:25:16.967   709  1272 D MotDevicePolicyManagerService: App WhiteList is disabled by all admins.
03-14 15:25:16.967   709  1272 D MotDevicePolicyManagerService: isPolicyAllowed - policy=AllowBrowserStrategy allowed by all admin.
03-14 15:25:16.967   709  1272 D MotDevicePolicyManagerService: isPolicyAllowed - policy=AllowConsumerEmailStrategy allowed by all admin.
03-14 15:25:16.967   709  1272 D MotDevicePolicyManagerService: isPolicyAllowed - policy=AllowTextMessagingStrategy allowed by all admin.
03-14 15:25:16.967   709  1272 D MotDevicePolicyManagerService: Package com.life360.android.safetymapd does NOT conflict with any policy.
03-14 15:25:50.944   857   857 I SBar.BatteryController: Show battery 'full': status=5, level=100
03-14 15:25:57.961   709   778 V AlarmManager: sending alarm Alarm{42d17140 type 0 com.google.android.gms}
03-14 15:25:59.993   709   778 V AlarmManager: sending alarm Alarm{42040980 type 3 android}
03-14 15:26:13.968   709   778 V AlarmManager: sending alarm Alarm{42126568 type 2 com.google.android.gms}
03-14 15:26:13.968   709   730 I ActivityManager: No longer want com.motorola.quickview (pid 27651): hidden #21
03-14 15:26:14.008   709   709 W ActivityManager: Scheduling restart of crashed service com.motorola.quickview/.DataObserverService in 5000ms
03-14 15:26:19.034   709   730 I ActivityManager: Start proc com.motorola.quickview for service com.motorola.quickview/.DataObserverService: pid=31223 uid=10074 gids={3003, 1028}
03-14 15:26:31.407   709   778 V AlarmManager: sending alarm Alarm{42ddf9e0 type 2 com.google.android.gms}
03-14 15:26:46.603   709   734 I ActivityManager: Start proc com.android.defcontainer for service com.android.defcontainer/.DefaultContainerService: pid=31305 uid=10022 gids={1015, 2001, 1028}
03-14 15:26:46.673   709   734 W ActivityManager: No content provider found for permission revoke: file:///data/local/tmp/app-debug.apk
03-14 15:26:46.683   709   734 W ActivityManager: No content provider found for permission revoke: file:///data/local/tmp/app-debug.apk
03-14 15:26:47.284   709   730 I ActivityManager: Force stopping package cs240.benjamin.familymap uid=10117
03-14 15:26:47.504   709   734 I PackageManager: Package cs240.benjamin.familymap codePath changed from /data/app/cs240.benjamin.familymap-1.apk to /data/app/cs240.benjamin.familymap-2.apk; Retaining data and using new
03-14 15:26:48.285   709   730 I ActivityManager: Force stopping package cs240.benjamin.familymap uid=10117
03-14 15:26:48.285   709   734 W PackageManager: Code path for pkg : cs240.benjamin.familymap changing from /data/app/cs240.benjamin.familymap-1.apk to /data/app/cs240.benjamin.familymap-2.apk
03-14 15:26:48.285   709   734 W PackageManager: Resource path for pkg : cs240.benjamin.familymap changing from /data/app/cs240.benjamin.familymap-1.apk to /data/app/cs240.benjamin.familymap-2.apk
03-14 15:26:48.475   709   734 I ActivityManager: Force stopping package cs240.benjamin.familymap uid=10117
03-14 15:26:48.805   709  7533 W ActivityManager: Permission denied: checkComponentPermission() owningUid=10063
03-14 15:26:48.805   709  7533 W ActivityManager: Permission Denial: Accessing service ComponentInfo{com.google.android.music/com.google.android.music.dial.DialMediaRouteProviderService} from pid=29197, uid=10108 that is not exported from uid 10063
03-14 15:26:48.835   709  6994 I ActivityManager: Start proc com.motorola.genie for broadcast com.motorola.genie/.model.PackageMonitor: pid=31330 uid=10037 gids={3003, 1028}
03-14 15:26:48.965   709  1040 W ActivityManager: Permission denied: checkComponentPermission() owningUid=10063
03-14 15:26:48.965   709  1040 W ActivityManager: Permission Denial: Accessing service ComponentInfo{com.google.android.music/com.google.android.music.dial.DialMediaRouteProviderService} from pid=29197, uid=10108 that is not exported from uid 10063
03-14 15:26:48.985   709   720 W ActivityManager: Permission denied: checkComponentPermission() owningUid=10063
03-14 15:26:48.985   709   720 W ActivityManager: Permission Denial: Accessing service ComponentInfo{com.google.android.music/com.google.android.music.dial.DialMediaRouteProviderService} from pid=29197, uid=10108 that is not exported from uid 10063
03-14 15:26:49.016   709   725 D BackupManagerService: Received broadcast Intent { act=android.intent.action.PACKAGE_REMOVED dat=package:cs240.benjamin.familymap flg=0x8000010 (has extras) }
03-14 15:26:49.066   709   725 D BackupManagerService: Received broadcast Intent { act=android.intent.action.PACKAGE_ADDED dat=package:cs240.benjamin.familymap flg=0x8000010 (has extras) }
03-14 15:26:49.066   709   725 V BackupManagerService: removePackageParticipantsLocked: uid=10117 #1
03-14 15:26:49.176   709  6413 I ActivityManager: Start proc com.android.keychain for broadcast com.android.keychain/.KeyChainBroadcastReceiver: pid=31344 uid=1000 gids={3003, 1015, 3002, 3001, 1028, 3005, 2001, 3007}
03-14 15:26:49.196   709   725 V BackupManagerService: addPackageParticipantsLocked: #1
03-14 15:26:49.296   709  1109 D MotDevicePolicyManagerService: Package cs240.benjamin.familymap, package state=0, action=android.intent.action.PACKAGE_ADDED
03-14 15:26:49.296   709  1109 D MotDevicePolicyManagerService: getAllAppBlackLists - no app blacklist set for all administrators
03-14 15:26:49.296   709  1109 D MotDevicePolicyManagerService: App WhiteList is disabled by all admins.
03-14 15:26:49.296   709  1109 D MotDevicePolicyManagerService: isPolicyAllowed - policy=AllowBrowserStrategy allowed by all admin.
03-14 15:26:49.296   709  1109 D MotDevicePolicyManagerService: isPolicyAllowed - policy=AllowConsumerEmailStrategy allowed by all admin.
03-14 15:26:49.296   709  1109 D MotDevicePolicyManagerService: isPolicyAllowed - policy=AllowTextMessagingStrategy allowed by all admin.
03-14 15:26:49.306   709  7334 I ActivityManager: Start proc com.locationlabs.v3client for broadcast com.locationlabs.v3client/.feature.applist.ApplistChangeReceiver: pid=31359 uid=10080 gids={3003, 1028}
03-14 15:26:49.316   709  1040 I ActivityManager: No longer want com.qualcomm.timeservice (pid 29458): hidden #21
03-14 15:26:49.346   709  1109 D MotDevicePolicyManagerService: Package cs240.benjamin.familymap does NOT conflict with any policy.
03-14 15:26:49.346   709  1339 D MotDevicePolicyManagerService: Package cs240.benjamin.familymap, package state=0, action=android.intent.action.PACKAGE_REPLACED
03-14 15:26:49.346   709  1339 D MotDevicePolicyManagerService: getAllAppBlackLists - no app blacklist set for all administrators
03-14 15:26:49.346   709  1339 D MotDevicePolicyManagerService: App WhiteList is disabled by all admins.
03-14 15:26:49.346   709  1339 D MotDevicePolicyManagerService: isPolicyAllowed - policy=AllowBrowserStrategy allowed by all admin.
03-14 15:26:49.346   709  1339 D MotDevicePolicyManagerService: isPolicyAllowed - policy=AllowConsumerEmailStrategy allowed by all admin.
03-14 15:26:49.346   709  1339 D MotDevicePolicyManagerService: isPolicyAllowed - policy=AllowTextMessagingStrategy allowed by all admin.
03-14 15:26:49.346   709  1339 D MotDevicePolicyManagerService: Package cs240.benjamin.familymap does NOT conflict with any policy.
03-14 15:26:49.406   709  1137 I ActivityManager: No longer want com.amazon.kindle (pid 29477): hidden #21
03-14 15:26:49.476   709  1627 I ActivityManager: Start proc com.sprint.zone for broadcast com.sprint.zone/.lib.guardian.PackageUpdateReceiver: pid=31373 uid=10087 gids={3002, 3001, 3003, 1015, 1028}
03-14 15:26:49.476   709  1627 I ActivityManager: No longer want com.android.calendar (pid 29409): hidden #21
03-14 15:26:49.916   709  1063 I ActivityManager: Start proc com.google.android.partnersetup for broadcast com.google.android.partnersetup/.RlzPingBroadcastReceiver: pid=31403 uid=10035 gids={3003, 1028}
03-14 15:26:49.926   709  1063 I ActivityManager: No longer want com.google.android.gsf.login (pid 29636): hidden #21
03-14 15:26:50.477   709  7334 I ActivityManager: Start proc com.motorola.dockservice for broadcast com.motorola.dockservice/.TargetsValidator$SelfUpgradeHandler: pid=31432 uid=10025 gids={3002, 3001, 1028}
03-14 15:26:50.527   709  1042 I ActivityManager: No longer want android.process.media (pid 16044): hidden #21
03-14 15:26:50.547   709  1057 I ActivityManager: Start proc com.motorola.motoemail:moxierengine for service com.motorola.motoemail/com.moxier.eas.engine.service.ExchangeBroadcastProcessorService: pid=31447 uid=10059 gids={3003, 1015, 1028}
03-14 15:26:50.557   709  1041 W ActivityManager: Scheduling restart of crashed service com.android.providers.media/.MtpService in 5000ms
03-14 15:26:50.707   709  1627 I ActivityManager: No longer want com.google.android.apps.uploader (pid 29179): hidden #21
03-14 15:26:50.757   709  6413 I ActivityManager: No longer want com.sprint.w.installer (pid 28714): hidden #21
03-14 15:26:50.767   857   857 I SBar.BatteryController: Show battery 'full': status=5, level=100
03-14 15:26:50.847   709  1057 W ActivityManager: Scheduling restart of crashed service com.sprint.w.installer/com.sprint.id.updater.UpdaterService in 14700ms
03-14 15:26:54.191   709   778 V AlarmManager: sending alarm Alarm{42ba8588 type 3 com.motorola.blur.weather}
03-14 15:26:55.603   709   730 I ActivityManager: Start proc android.process.media for service com.android.providers.media/.MtpService: pid=31473 uid=10026 gids={1015, 1023, 1024, 1028, 9003, 9007, 9008, 2001, 3003, 3007}
03-14 15:26:55.783 31473 31473 I openssl : Crypto mode not selected, openssl will run on its regular mode.
03-14 15:26:56.724   709  6760 I ActivityManager: No longer want org.lds.ldssa (pid 29197): hidden #21
03-14 15:26:59.997   709   778 V AlarmManager: sending alarm Alarm{42cfba60 type 3 android}
03-14 15:27:00.988   709   854 D MotDevicePolicyManagerService: Package com.google.android.gms, package state=0, action=android.intent.action.PACKAGE_CHANGED
03-14 15:27:00.988   709   854 D MotDevicePolicyManagerService: getAllAppBlackLists - no app blacklist set for all administrators
03-14 15:27:00.988   709   854 D MotDevicePolicyManagerService: App WhiteList is disabled by all admins.
03-14 15:27:00.988   709   854 D MotDevicePolicyManagerService: isPolicyAllowed - policy=AllowBrowserStrategy allowed by all admin.
03-14 15:27:00.988   709   854 D MotDevicePolicyManagerService: isPolicyAllowed - policy=AllowConsumerEmailStrategy allowed by all admin.
03-14 15:27:00.998   709   854 D MotDevicePolicyManagerService: isPolicyAllowed - policy=AllowTextMessagingStrategy allowed by all admin.
03-14 15:27:00.998   709   854 D MotDevicePolicyManagerService: Package com.google.android.gms does NOT conflict with any policy.
03-14 15:27:05.193   709   778 V AlarmManager: sending alarm Alarm{42420aa8 type 0 com.android.vending}
03-14 15:27:05.573   709   730 I ActivityManager: Start proc com.sprint.w.installer for service com.sprint.w.installer/com.sprint.id.updater.UpdaterService: pid=31519 uid=10085 gids={3003, 1015, 1028}
03-14 15:27:05.683   709   778 V AlarmManager: sending alarm Alarm{42b63c18 type 1 com.sprint.w.installer}
03-14 15:27:14.613   709   780 I WindowManager: Lock screen displayed!
03-14 15:27:14.683   857   857 I SBar.NetworkController: onSignalStrengthsChanged SignalStrength: 99 0 -98 -70 -120 -1 -1 99 2147483647 2147483647 2147483647 2147483647 cdma 0 0 0 false 0 0 2 0 0 1 99 0 6 6 6 6 6 5 5 0 level=2
03-14 15:27:14.693   857   857 I SBar.NetworkController: refreshSignalCluster: wifi: mWifiConnected=true Wifi=stat_sys_wifi_signal_4_fully Activity=stat_sys_wifi_inout Accessibility="Wi-Fi three bars."
03-14 15:27:14.693   857   857 I SBar.NetworkController: refreshSignalCluster: mobile: Signal=zz_moto_stat_sys_signal_6bar_2 Roaming=(none) mSimIconId=(none) Accessibility="Phone two bars.","Not roaming.",""
03-14 15:27:14.693   857   857 I SBar.NetworkController: refreshSignalCluster: mobile: mHasMobileDataFeature=true DataTypeShown=(none) Activity=(none) Accessibility="3G"
03-14 15:27:15.724   709   719 I LocationManagerService: request network (pid 2575) 0 0
03-14 15:27:16.044   857   857 D PhoneStatusBar: disable: < expand icons alerts ticker system_info BACK HOME recent* CLOCK >
03-14 15:27:16.104   857   857 D PhoneStatusBar: disable: < expand icons alerts ticker system_info back* home* recent clock* >
03-14 15:27:16.215   709  1057 I LocationManagerService: remove network (pid 2575), next minTime = 86400000
03-14 15:27:16.405   709  6760 W InputMethodManagerService: Window already focused, ignoring focus gain of: com.android.internal.view.IInputMethodClient$Stub$Proxy@42104b68 attribute=android.view.inputmethod.EditorInfo@421427a0
03-14 15:27:19.098   709  1041 I ActivityManager: START {act=android.intent.action.MAIN cat=[android.intent.category.LAUNCHER] flg=0x10200000 cmp=cs240.benjamin.familymap/.MainActivity u=0} from pid 1519
03-14 15:27:19.158   709  1066 I ActivityManager: Start proc cs240.benjamin.familymap for activity cs240.benjamin.familymap/.MainActivity: pid=31578 uid=10117 gids={3003, 1028}
03-14 15:27:19.658   709   730 I ActivityManager: Start proc com.motorola.dataoffloading for broadcast com.motorola.dataoffloading/.DataOffloadReceiver: pid=31604 uid=10021 gids={1028}
03-14 15:27:19.708   709  1041 I ActivityManager: No longer want com.motorola.messaging (pid 28591): hidden #21
03-14 15:27:19.908   709   735 I BootReceiver: Copying /data/tombstones/tombstone_06 to DropBox (SYSTEM_TOMBSTONE)
03-14 15:27:20.659   709   735 I BootReceiver: Copying /data/tombstones/tombstone_07 to DropBox (SYSTEM_TOMBSTONE)
03-14 15:27:21.400   709   735 I BootReceiver: Copying /data/tombstones/tombstone_00 to DropBox (SYSTEM_TOMBSTONE)
03-14 15:27:22.131   709   735 I BootReceiver: Copying /data/tombstones/tombstone_04 to DropBox (SYSTEM_TOMBSTONE)
03-14 15:27:22.822   709   735 I BootReceiver: Copying /data/tombstones/tombstone_01 to DropBox (SYSTEM_TOMBSTONE)
03-14 15:27:23.552   709   735 I BootReceiver: Copying /data/tombstones/tombstone_05 to DropBox (SYSTEM_TOMBSTONE)
03-14 15:27:24.273   709   735 I BootReceiver: Copying /data/tombstones/tombstone_08 to DropBox (SYSTEM_TOMBSTONE)
03-14 15:27:24.944   709   735 I BootReceiver: Copying /data/tombstones/tombstone_02 to DropBox (SYSTEM_TOMBSTONE)
03-14 15:27:25.685   709   735 I BootReceiver: Copying /data/tombstones/tombstone_09 to DropBox (SYSTEM_TOMBSTONE)
03-14 15:27:26.375   709   735 I BootReceiver: Copying /data/tombstones/tombstone_03 to DropBox (SYSTEM_TOMBSTONE)
03-14 15:27:28.177   709   735 I BootReceiver: Copying /data/tombstones/tombstone_06 to DropBox (SYSTEM_TOMBSTONE)
03-14 15:27:28.888   709   735 I BootReceiver: Copying /data/tombstones/tombstone_07 to DropBox (SYSTEM_TOMBSTONE)
03-14 15:27:43.163   709   735 I BootReceiver: Copying /data/tombstones/tombstone_00 to DropBox (SYSTEM_TOMBSTONE)
03-14 15:27:43.664   709   735 I BootReceiver: Copying /data/tombstones/tombstone_01 to DropBox (SYSTEM_TOMBSTONE)
03-14 15:27:44.335   709   735 I BootReceiver: Copying /data/tombstones/tombstone_04 to DropBox (SYSTEM_TOMBSTONE)
03-14 15:27:45.065   709   735 I BootReceiver: Copying /data/tombstones/tombstone_05 to DropBox (SYSTEM_TOMBSTONE)
03-14 15:27:45.776   709   735 I BootReceiver: Copying /data/tombstones/tombstone_02 to DropBox (SYSTEM_TOMBSTONE)
03-14 15:27:46.467   709   735 I BootReceiver: Copying /data/tombstones/tombstone_08 to DropBox (SYSTEM_TOMBSTONE)
03-14 15:27:47.178   709   735 I BootReceiver: Copying /data/tombstones/tombstone_09 to DropBox (SYSTEM_TOMBSTONE)
03-14 15:27:47.878   709   735 I BootReceiver: Copying /data/tombstones/tombstone_03 to DropBox (SYSTEM_TOMBSTONE)
03-14 15:27:49.680   709   735 I BootReceiver: Copying /data/tombstones/tombstone_06 to DropBox (SYSTEM_TOMBSTONE)
03-14 15:27:50.371   709   735 I BootReceiver: Copying /data/tombstones/tombstone_07 to DropBox (SYSTEM_TOMBSTONE)
03-14 15:27:50.942   857   857 I SBar.BatteryController: Show battery 'full': status=5, level=100
03-14 15:27:51.062   709   735 I BootReceiver: Copying /data/tombstones/tombstone_00 to DropBox (SYSTEM_TOMBSTONE)
03-14 15:27:52.263   709   735 I BootReceiver: Copying /data/tombstones/tombstone_01 to DropBox (SYSTEM_TOMBSTONE)
03-14 15:27:52.984   709   735 I BootReceiver: Copying /data/tombstones/tombstone_04 to DropBox (SYSTEM_TOMBSTONE)
03-14 15:27:54.235   709   735 I BootReceiver: Copying /data/tombstones/tombstone_02 to DropBox (SYSTEM_TOMBSTONE)
03-14 15:27:54.886   709   735 I BootReceiver: Copying /data/tombstones/tombstone_05 to DropBox (SYSTEM_TOMBSTONE)
03-14 15:27:55.587   709   735 I BootReceiver: Copying /data/tombstones/tombstone_08 to DropBox (SYSTEM_TOMBSTONE)
03-14 15:27:56.207   709   778 V AlarmManager: sending alarm Alarm{42cc9730 type 2 android}
03-14 15:27:56.307   709   780 I ActivityManager: Start proc com.google.android.gsf.login for service com.google.android.gsf.login/com.google.android.gsf.loginservice.GoogleLoginService: pid=31977 uid=10015 gids={3003, 1015, 1028, 1007, 1006, 3002, 3001, 2001, 3006}
03-14 15:27:56.317   857   857 D PhoneStatusBar: disable: < expand icons alerts ticker system_info back home RECENT* clock >
03-14 15:27:56.417   857   857 D PhoneStatusBar: disable: < expand icons alerts ticker system_info BACK* HOME* RECENT CLOCK* >
03-14 15:27:56.457   709  1042 I ActivityManager: No longer want com.android.providers.calendar (pid 29443): hidden #21
03-14 15:27:56.798   709   735 I BootReceiver: Copying /data/tombstones/tombstone_03 to DropBox (SYSTEM_TOMBSTONE)
03-14 15:27:58.049   709   735 I BootReceiver: Copying /data/tombstones/tombstone_09 to DropBox (SYSTEM_TOMBSTONE)
03-14 15:27:58.740   709   735 I BootReceiver: Copying /data/tombstones/tombstone_06 to DropBox (SYSTEM_TOMBSTONE)
03-14 15:27:59.471   709   735 I BootReceiver: Copying /data/tombstones/tombstone_07 to DropBox (SYSTEM_TOMBSTONE)
03-14 15:27:59.991   709   778 V AlarmManager: sending alarm Alarm{42a7af90 type 3 android}
03-14 15:28:00.151   709   735 I BootReceiver: Copying /data/tombstones/tombstone_00 to DropBox (SYSTEM_TOMBSTONE)
03-14 15:28:00.852   709   735 I BootReceiver: Copying /data/tombstones/tombstone_01 to DropBox (SYSTEM_TOMBSTONE)
03-14 15:28:01.603   709   735 I BootReceiver: Copying /data/tombstones/tombstone_04 to DropBox (SYSTEM_TOMBSTONE)
03-14 15:28:02.324   709   735 I BootReceiver: Copying /data/tombstones/tombstone_02 to DropBox (SYSTEM_TOMBSTONE)
03-14 15:28:03.075   709   735 I BootReceiver: Copying /data/tombstones/tombstone_05 to DropBox (SYSTEM_TOMBSTONE)
03-14 15:28:04.846   709   735 I BootReceiver: Copying /data/tombstones/tombstone_08 to DropBox (SYSTEM_TOMBSTONE)
03-14 15:28:05.527   709   735 I BootReceiver: Copying /data/tombstones/tombstone_03 to DropBox (SYSTEM_TOMBSTONE)
03-14 15:28:09.982   709   735 I BootReceiver: Copying /data/tombstones/tombstone_06 to DropBox (SYSTEM_TOMBSTONE)
03-14 15:28:12.314   709   735 I BootReceiver: Copying /data/tombstones/tombstone_09 to DropBox (SYSTEM_TOMBSTONE)
03-14 15:28:13.566   709   735 I BootReceiver: Copying /data/tombstones/tombstone_07 to DropBox (SYSTEM_TOMBSTONE)
03-14 15:28:15.888   709   735 I BootReceiver: Copying /data/tombstones/tombstone_00 to DropBox (SYSTEM_TOMBSTONE)
03-14 15:28:16.559   709   735 I BootReceiver: Copying /data/tombstones/tombstone_01 to DropBox (SYSTEM_TOMBSTONE)
03-14 15:28:17.240   709   735 I BootReceiver: Copying /data/tombstones/tombstone_04 to DropBox (SYSTEM_TOMBSTONE)
03-14 15:28:17.990   709   735 I BootReceiver: Copying /data/tombstones/tombstone_02 to DropBox (SYSTEM_TOMBSTONE)
03-14 15:28:18.711   709   735 I BootReceiver: Copying /data/tombstones/tombstone_05 to DropBox (SYSTEM_TOMBSTONE)
03-14 15:28:19.943   709   735 I BootReceiver: Copying /data/tombstones/tombstone_08 to DropBox (SYSTEM_TOMBSTONE)
03-14 15:28:21.494   709   778 V AlarmManager: sending alarm Alarm{4242df28 type 2 com.google.android.gms}
03-14 15:28:21.744   709   735 I BootReceiver: Copying /data/tombstones/tombstone_03 to DropBox (SYSTEM_TOMBSTONE)
03-14 15:28:22.986   709   735 I BootReceiver: Copying /data/tombstones/tombstone_06 to DropBox (SYSTEM_TOMBSTONE)
03-14 15:28:23.697   709   735 I BootReceiver: Copying /data/tombstones/tombstone_09 to DropBox (SYSTEM_TOMBSTONE)
03-14 15:28:24.407   709   735 I BootReceiver: Copying /data/tombstones/tombstone_07 to DropBox (SYSTEM_TOMBSTONE)
03-14 15:28:25.659   709   735 I BootReceiver: Copying /data/tombstones/tombstone_00 to DropBox (SYSTEM_TOMBSTONE)
03-14 15:28:26.349   709   735 I BootReceiver: Copying /data/tombstones/tombstone_01 to DropBox (SYSTEM_TOMBSTONE)
03-14 15:28:27.070   709   735 I BootReceiver: Copying /data/tombstones/tombstone_02 to DropBox (SYSTEM_TOMBSTONE)
03-14 15:28:27.811   709   735 I BootReceiver: Copying /data/tombstones/tombstone_04 to DropBox (SYSTEM_TOMBSTONE)
03-14 15:28:29.042   709   735 I BootReceiver: Copying /data/tombstones/tombstone_05 to DropBox (SYSTEM_TOMBSTONE)
03-14 15:28:30.304   709   735 I BootReceiver: Copying /data/tombstones/tombstone_08 to DropBox (SYSTEM_TOMBSTONE)
03-14 15:28:31.004   709   735 I BootReceiver: Copying /data/tombstones/tombstone_03 to DropBox (SYSTEM_TOMBSTONE)
03-14 15:28:31.725   709   735 I BootReceiver: Copying /data/tombstones/tombstone_06 to DropBox (SYSTEM_TOMBSTONE)
03-14 15:28:32.446   709   735 I BootReceiver: Copying /data/tombstones/tombstone_09 to DropBox (SYSTEM_TOMBSTONE)
03-14 15:28:33.147   709   735 I BootReceiver: Copying /data/tombstones/tombstone_07 to DropBox (SYSTEM_TOMBSTONE)
