03-14 14:20:23.252   709  1270 D MotDevicePolicyManagerService: Package com.life360.android.safetymapd does NOT conflict with any policy.
03-14 14:20:23.342   709   735 I BootReceiver: Copying /data/tombstones/tombstone_07 to DropBox (SYSTEM_TOMBSTONE)
03-14 14:20:24.103   709   735 I BootReceiver: Copying /data/tombstones/tombstone_08 to DropBox (SYSTEM_TOMBSTONE)
03-14 14:20:24.774   709   735 I BootReceiver: Copying /data/tombstones/tombstone_03 to DropBox (SYSTEM_TOMBSTONE)
03-14 14:20:25.484   709   735 I BootReceiver: Copying /data/tombstones/tombstone_04 to DropBox (SYSTEM_TOMBSTONE)
03-14 14:20:27.246   709   735 I BootReceiver: Copying /data/tombstones/tombstone_09 to DropBox (SYSTEM_TOMBSTONE)
03-14 14:20:27.967   709   735 I BootReceiver: Copying /data/tombstones/tombstone_00 to DropBox (SYSTEM_TOMBSTONE)
03-14 14:20:28.678   709   735 I BootReceiver: Copying /data/tombstones/tombstone_01 to DropBox (SYSTEM_TOMBSTONE)
03-14 14:20:29.369   709   735 I BootReceiver: Copying /data/tombstones/tombstone_05 to DropBox (SYSTEM_TOMBSTONE)
03-14 14:20:30.039   709   735 I BootReceiver: Copying /data/tombstones/tombstone_02 to DropBox (SYSTEM_TOMBSTONE)
03-14 14:20:30.750   709   735 I BootReceiver: Copying /data/tombstones/tombstone_06 to DropBox (SYSTEM_TOMBSTONE)
03-14 14:20:31.981   709   735 I BootReceiver: Copying /data/tombstones/tombstone_07 to DropBox (SYSTEM_TOMBSTONE)
03-14 14:20:34.324   709   735 I BootReceiver: Copying /data/tombstones/tombstone_03 to DropBox (SYSTEM_TOMBSTONE)
03-14 14:20:35.045   709   735 I BootReceiver: Copying /data/tombstones/tombstone_08 to DropBox (SYSTEM_TOMBSTONE)
03-14 14:20:35.765   709   735 I BootReceiver: Copying /data/tombstones/tombstone_04 to DropBox (SYSTEM_TOMBSTONE)
03-14 14:20:36.997   709   735 I BootReceiver: Copying /data/tombstones/tombstone_00 to DropBox (SYSTEM_TOMBSTONE)
03-14 14:20:38.258   709   735 I BootReceiver: Copying /data/tombstones/tombstone_09 to DropBox (SYSTEM_TOMBSTONE)
03-14 14:20:40.030   709   735 I BootReceiver: Copying /data/tombstones/tombstone_01 to DropBox (SYSTEM_TOMBSTONE)
03-14 14:20:40.721   709   735 I BootReceiver: Copying /data/tombstones/tombstone_05 to DropBox (SYSTEM_TOMBSTONE)
03-14 14:20:42.503   709   735 I BootReceiver: Copying /data/tombstones/tombstone_02 to DropBox (SYSTEM_TOMBSTONE)
03-14 14:20:43.213   709   735 I BootReceiver: Copying /data/tombstones/tombstone_06 to DropBox (SYSTEM_TOMBSTONE)
03-14 14:20:43.894   709   735 I BootReceiver: Copying /data/tombstones/tombstone_07 to DropBox (SYSTEM_TOMBSTONE)
03-14 14:20:44.605   709   735 I BootReceiver: Copying /data/tombstones/tombstone_03 to DropBox (SYSTEM_TOMBSTONE)
03-14 14:20:45.326   709   735 I BootReceiver: Copying /data/tombstones/tombstone_04 to DropBox (SYSTEM_TOMBSTONE)
03-14 14:20:48.189   709   735 I BootReceiver: Copying /data/tombstones/tombstone_08 to DropBox (SYSTEM_TOMBSTONE)
03-14 14:20:49.981   709   735 I BootReceiver: Copying /data/tombstones/tombstone_00 to DropBox (SYSTEM_TOMBSTONE)
03-14 14:20:50.681   709   735 I BootReceiver: Copying /data/tombstones/tombstone_09 to DropBox (SYSTEM_TOMBSTONE)
03-14 14:20:51.953   709   735 I BootReceiver: Copying /data/tombstones/tombstone_01 to DropBox (SYSTEM_TOMBSTONE)
03-14 14:20:52.663   709   735 I BootReceiver: Copying /data/tombstones/tombstone_05 to DropBox (SYSTEM_TOMBSTONE)
03-14 14:20:53.144   857   857 I SBar.BatteryController: Show 'charging': status=2, level=95
03-14 14:20:53.334   709   735 I BootReceiver: Copying /data/tombstones/tombstone_02 to DropBox (SYSTEM_TOMBSTONE)
03-14 14:20:55.136   709   735 I BootReceiver: Copying /data/tombstones/tombstone_06 to DropBox (SYSTEM_TOMBSTONE)
03-14 14:20:55.837   709   735 I BootReceiver: Copying /data/tombstones/tombstone_07 to DropBox (SYSTEM_TOMBSTONE)
03-14 14:20:56.558   709   735 I BootReceiver: Copying /data/tombstones/tombstone_03 to DropBox (SYSTEM_TOMBSTONE)
03-14 14:20:57.288   709   735 I BootReceiver: Copying /data/tombstones/tombstone_04 to DropBox (SYSTEM_TOMBSTONE)
03-14 14:20:59.050   709   735 I BootReceiver: Copying /data/tombstones/tombstone_08 to DropBox (SYSTEM_TOMBSTONE)
03-14 14:20:59.991   709   778 V AlarmManager: sending alarm Alarm{421027f0 type 3 android}
03-14 14:21:00.292   709   735 I BootReceiver: Copying /data/tombstones/tombstone_00 to DropBox (SYSTEM_TOMBSTONE)
03-14 14:21:00.992   709   735 I BootReceiver: Copying /data/tombstones/tombstone_09 to DropBox (SYSTEM_TOMBSTONE)
03-14 14:21:01.703   709   735 I BootReceiver: Copying /data/tombstones/tombstone_01 to DropBox (SYSTEM_TOMBSTONE)
03-14 14:21:02.414   709   735 I BootReceiver: Copying /data/tombstones/tombstone_05 to DropBox (SYSTEM_TOMBSTONE)
03-14 14:21:03.125   709   735 I BootReceiver: Copying /data/tombstones/tombstone_02 to DropBox (SYSTEM_TOMBSTONE)
03-14 14:21:04.896   709   735 I BootReceiver: Copying /data/tombstones/tombstone_06 to DropBox (SYSTEM_TOMBSTONE)
03-14 14:21:05.617   709   735 I BootReceiver: Copying /data/tombstones/tombstone_07 to DropBox (SYSTEM_TOMBSTONE)
03-14 14:21:06.338   709   735 I BootReceiver: Copying /data/tombstones/tombstone_03 to DropBox (SYSTEM_TOMBSTONE)
03-14 14:21:07.069   709   735 I BootReceiver: Copying /data/tombstones/tombstone_04 to DropBox (SYSTEM_TOMBSTONE)
03-14 14:21:08.330   709   735 I BootReceiver: Copying /data/tombstones/tombstone_08 to DropBox (SYSTEM_TOMBSTONE)
03-14 14:21:12.254   709   735 I BootReceiver: Copying /data/tombstones/tombstone_00 to DropBox (SYSTEM_TOMBSTONE)
03-14 14:21:12.915   709   735 I BootReceiver: Copying /data/tombstones/tombstone_09 to DropBox (SYSTEM_TOMBSTONE)
03-14 14:21:13.656   709   735 I BootReceiver: Copying /data/tombstones/tombstone_01 to DropBox (SYSTEM_TOMBSTONE)
03-14 14:21:14.357   709   735 I BootReceiver: Copying /data/tombstones/tombstone_05 to DropBox (SYSTEM_TOMBSTONE)
03-14 14:21:15.608   709   735 I BootReceiver: Copying /data/tombstones/tombstone_02 to DropBox (SYSTEM_TOMBSTONE)
03-14 14:21:16.329   709   735 I BootReceiver: Copying /data/tombstones/tombstone_06 to DropBox (SYSTEM_TOMBSTONE)
03-14 14:21:16.999   709   735 I BootReceiver: Copying /data/tombstones/tombstone_07 to DropBox (SYSTEM_TOMBSTONE)
03-14 14:21:17.750   709   735 I BootReceiver: Copying /data/tombstones/tombstone_03 to DropBox (SYSTEM_TOMBSTONE)
03-14 14:21:18.491   709   735 I BootReceiver: Copying /data/tombstones/tombstone_04 to DropBox (SYSTEM_TOMBSTONE)
03-14 14:21:19.192   709   735 I BootReceiver: Copying /data/tombstones/tombstone_08 to DropBox (SYSTEM_TOMBSTONE)
03-14 14:21:21.314   709   720 I LocationManagerService: request network (pid 15788) 600000 600000
03-14 14:21:21.504   709   735 I BootReceiver: Copying /data/tombstones/tombstone_00 to DropBox (SYSTEM_TOMBSTONE)
03-14 14:21:21.794   709  6413 I LocationManagerService: remove network (pid 15788), next minTime = 86400000
03-14 14:21:22.185   709   735 I BootReceiver: Copying /data/tombstones/tombstone_09 to DropBox (SYSTEM_TOMBSTONE)
03-14 14:21:22.886   709   735 I BootReceiver: Copying /data/tombstones/tombstone_01 to DropBox (SYSTEM_TOMBSTONE)
03-14 14:21:23.576   709   735 I BootReceiver: Copying /data/tombstones/tombstone_05 to DropBox (SYSTEM_TOMBSTONE)
03-14 14:21:27.551   709   735 I BootReceiver: Copying /data/tombstones/tombstone_02 to DropBox (SYSTEM_TOMBSTONE)
03-14 14:21:28.261   709   735 I BootReceiver: Copying /data/tombstones/tombstone_06 to DropBox (SYSTEM_TOMBSTONE)
03-14 14:21:30.033   709   735 I BootReceiver: Copying /data/tombstones/tombstone_07 to DropBox (SYSTEM_TOMBSTONE)
03-14 14:21:30.684   709   735 I BootReceiver: Copying /data/tombstones/tombstone_03 to DropBox (SYSTEM_TOMBSTONE)
03-14 14:21:31.385   709   735 I BootReceiver: Copying /data/tombstones/tombstone_04 to DropBox (SYSTEM_TOMBSTONE)
03-14 14:21:31.635   709   778 V AlarmManager: sending alarm Alarm{42e39b08 type 2 com.google.android.gms}
03-14 14:21:32.065   709  1272 D MotDevicePolicyManagerService: Package com.life360.android.safetymapd, package state=0, action=android.intent.action.PACKAGE_CHANGED
03-14 14:21:32.065   709  1272 D MotDevicePolicyManagerService: getAllAppBlackLists - no app blacklist set for all administrators
03-14 14:21:32.065   709  1272 D MotDevicePolicyManagerService: App WhiteList is disabled by all admins.
03-14 14:21:32.065   709  1272 D MotDevicePolicyManagerService: isPolicyAllowed - policy=AllowBrowserStrategy allowed by all admin.
03-14 14:21:32.065   709  1272 D MotDevicePolicyManagerService: isPolicyAllowed - policy=AllowConsumerEmailStrategy allowed by all admin.
03-14 14:21:32.065   709  1272 D MotDevicePolicyManagerService: isPolicyAllowed - policy=AllowTextMessagingStrategy allowed by all admin.
03-14 14:21:32.065   709  1272 D MotDevicePolicyManagerService: Package com.life360.android.safetymapd does NOT conflict with any policy.
03-14 14:21:32.075   709   735 I BootReceiver: Copying /data/tombstones/tombstone_08 to DropBox (SYSTEM_TOMBSTONE)
03-14 14:21:32.756   709   735 I BootReceiver: Copying /data/tombstones/tombstone_00 to DropBox (SYSTEM_TOMBSTONE)
03-14 14:21:35.009   709   735 I BootReceiver: Copying /data/tombstones/tombstone_01 to DropBox (SYSTEM_TOMBSTONE)
03-14 14:21:36.810   709   735 I BootReceiver: Copying /data/tombstones/tombstone_09 to DropBox (SYSTEM_TOMBSTONE)
03-14 14:21:37.441   709   735 I BootReceiver: Copying /data/tombstones/tombstone_05 to DropBox (SYSTEM_TOMBSTONE)
03-14 14:21:38.172   709   735 I BootReceiver: Copying /data/tombstones/tombstone_02 to DropBox (SYSTEM_TOMBSTONE)
03-14 14:21:39.443   709   735 I BootReceiver: Copying /data/tombstones/tombstone_06 to DropBox (SYSTEM_TOMBSTONE)
03-14 14:21:40.154   709   735 I BootReceiver: Copying /data/tombstones/tombstone_03 to DropBox (SYSTEM_TOMBSTONE)
03-14 14:21:40.855   709   735 I BootReceiver: Copying /data/tombstones/tombstone_07 to DropBox (SYSTEM_TOMBSTONE)
03-14 14:21:41.546   709   735 I BootReceiver: Copying /data/tombstones/tombstone_04 to DropBox (SYSTEM_TOMBSTONE)
03-14 14:21:42.246   709   735 I BootReceiver: Copying /data/tombstones/tombstone_00 to DropBox (SYSTEM_TOMBSTONE)
03-14 14:21:42.947   709   735 I BootReceiver: Copying /data/tombstones/tombstone_08 to DropBox (SYSTEM_TOMBSTONE)
03-14 14:21:43.648   709   735 I BootReceiver: Copying /data/tombstones/tombstone_01 to DropBox (SYSTEM_TOMBSTONE)
03-14 14:21:45.440   709   735 I BootReceiver: Copying /data/tombstones/tombstone_09 to DropBox (SYSTEM_TOMBSTONE)
03-14 14:21:46.681   709   735 I BootReceiver: Copying /data/tombstones/tombstone_05 to DropBox (SYSTEM_TOMBSTONE)
03-14 14:21:47.352   709   735 I BootReceiver: Copying /data/tombstones/tombstone_02 to DropBox (SYSTEM_TOMBSTONE)
03-14 14:21:48.032   709   735 I BootReceiver: Copying /data/tombstones/tombstone_06 to DropBox (SYSTEM_TOMBSTONE)
03-14 14:21:49.003   709   778 V AlarmManager: sending alarm Alarm{42d22230 type 2 com.google.android.gms}
03-14 14:21:49.274   709   735 I BootReceiver: Copying /data/tombstones/tombstone_03 to DropBox (SYSTEM_TOMBSTONE)
03-14 14:21:49.955   709   735 I BootReceiver: Copying /data/tombstones/tombstone_07 to DropBox (SYSTEM_TOMBSTONE)
03-14 14:21:51.196   709   735 I BootReceiver: Copying /data/tombstones/tombstone_04 to DropBox (SYSTEM_TOMBSTONE)
03-14 14:21:52.998   857   857 I SBar.BatteryController: Show 'charging': status=2, level=95
03-14 14:21:56.221   709   735 I BootReceiver: Copying /data/tombstones/tombstone_00 to DropBox (SYSTEM_TOMBSTONE)
03-14 14:21:56.892   709   735 I BootReceiver: Copying /data/tombstones/tombstone_08 to DropBox (SYSTEM_TOMBSTONE)
03-14 14:21:57.613   709   735 I BootReceiver: Copying /data/tombstones/tombstone_01 to DropBox (SYSTEM_TOMBSTONE)
03-14 14:21:58.323   709   735 I BootReceiver: Copying /data/tombstones/tombstone_09 to DropBox (SYSTEM_TOMBSTONE)
03-14 14:21:59.004   709   735 I BootReceiver: Copying /data/tombstones/tombstone_05 to DropBox (SYSTEM_TOMBSTONE)
03-14 14:21:59.985   709   778 V AlarmManager: sending alarm Alarm{4243fdb0 type 3 android}
03-14 14:22:00.266   709   735 I BootReceiver: Copying /data/tombstones/tombstone_02 to DropBox (SYSTEM_TOMBSTONE)
03-14 14:22:02.007   709   735 I BootReceiver: Copying /data/tombstones/tombstone_06 to DropBox (SYSTEM_TOMBSTONE)
03-14 14:22:03.789   709   735 I BootReceiver: Copying /data/tombstones/tombstone_03 to DropBox (SYSTEM_TOMBSTONE)
03-14 14:22:04.500   709   735 I BootReceiver: Copying /data/tombstones/tombstone_07 to DropBox (SYSTEM_TOMBSTONE)
03-14 14:22:05.201   709   735 I BootReceiver: Copying /data/tombstones/tombstone_04 to DropBox (SYSTEM_TOMBSTONE)
03-14 14:22:06.422   709   735 I BootReceiver: Copying /data/tombstones/tombstone_00 to DropBox (SYSTEM_TOMBSTONE)
03-14 14:22:07.673   709   735 I BootReceiver: Copying /data/tombstones/tombstone_08 to DropBox (SYSTEM_TOMBSTONE)
--------- beginning of /dev/log/main
03-14 14:22:08.404   342   342 I DEBUG   :     400f49e8 ea00b4ec e92d0090 e3a07004 ef000000  ......-..p......
03-14 14:22:08.404   342   342 I DEBUG   :     400f49f8 e8bd0090 e1b00000 512fff1e ea00b4e5  ........../Q....
03-14 14:22:08.404   342   342 I DEBUG   :     400f4a08 e1a0c00d e92d00f0 e89c0070 e3a070b4  ......-.p....p..
03-14 14:22:08.404   342   342 I DEBUG   :     400f4a18 ef000000 e8bd00f0 e1b00000 512fff1e  ............../Q
03-14 14:22:08.404   342   342 I DEBUG   : 
03-14 14:22:08.404   342   342 I DEBUG   : code around lr:
03-14 14:22:08.404   342   342 I DEBUG   :     400614e0 f7f36800 4631ed6a 46584602 fe64f009  .h..j.1F.FXF..d.
03-14 14:22:08.404   342   342 I DEBUG   :     400614f0 b320e025 200146c2 463a4651 ed80f7f3  %. ..F. QF:F....
03-14 14:22:08.404   342   342 I DEBUG   :     40061500 bf1c1c43 0707ebc0 d1154482 ed1ef7f3  C........D......
03-14 14:22:08.404   342   342 I DEBUG   :     40061510 2a046802 f7f3d010 6800ed1a ed4cf7f3  .h.*.......h..L.
03-14 14:22:08.404   342   342 I DEBUG   :     40061520 44794916 48164602 f0094478 b17dfe45  .IyD.F.HxD..E.}.
03-14 14:22:08.404   709   735 I BootReceiver: Copying /data/tombstones/tombstone_01 to DropBox (SYSTEM_TOMBSTONE)
03-14 14:22:08.434  1001  1001 D ModemStatsService: receive intent android.intent.action.DROPBOX_ENTRY_ADDED
03-14 14:22:08.434  1001  1001 D ModemStatsService: receive intent, tagname is SYSTEM_TOMBSTONE time is 1457986928442 isMobileDataConnected : false
03-14 14:22:08.945 24910 24910 F libc    : Fatal signal 13 (SIGPIPE) at 0x0000614e (code=0), thread 24910 (sh)
03-14 14:22:09.045   342   342 I DEBUG   : *** *** *** *** *** *** *** *** *** *** *** *** *** *** *** ***
03-14 14:22:09.045   342   342 I DEBUG   : Build fingerprint: 'motorola/XT897_us_spr/asanti_c:4.1.2/9.8.2Q-122_XT897_FFW-8/9:user/release-keys'
03-14 14:22:09.045   342   342 I DEBUG   : pid: 24910, tid: 24910, name: sh  >>> /system/bin/sh <<<
03-14 14:22:09.045   342   342 I DEBUG   : signal 13 (SIGPIPE), code -6 (?), fault addr --------
03-14 14:22:09.045   342   342 I DEBUG   :     r0 ffffffe0  r1 42014fe0  r2 00000fc3  r3 00000000
03-14 14:22:09.045   342   342 I DEBUG   :     r4 00000000  r5 00000003  r6 42014fbc  r7 00000004
03-14 14:22:09.045   342   342 I DEBUG   :     r8 42014fe0  r9 42014f30  sl 42014fe0  fp 400b0cb8
03-14 14:22:09.045   342   342 I DEBUG   :     ip 400b4f40  sp beafa710  lr 4009d501  pc 400c69f8  cpsr 00000010
03-14 14:22:09.045   342   342 I DEBUG   :     d0  762f3a6e6962732f  d1  69622f726f646e65
03-14 14:22:09.045   342   342 I DEBUG   :     d2  65747379732f3a6e  d3  2f3a6e6962732f6d
03-14 14:22:09.045   342   342 I DEBUG   :     d4  0000000000000000  d5  0000000000000000
03-14 14:22:09.045   342   342 I DEBUG   :     d6  0000000000000000  d7  75643ff200000000
03-14 14:22:09.045   342   342 I DEBUG   :     d8  0000000000000000  d9  0000000000000000
03-14 14:22:09.045   342   342 I DEBUG   :     d10 0000000000000000  d11 0000000000000000
03-14 14:22:09.045   342   342 I DEBUG   :     d12 0000000000000000  d13 0000000000000000
03-14 14:22:09.045   342   342 I DEBUG   :     d14 0000000000000000  d15 0000000000000000
03-14 14:22:09.045   342   342 I DEBUG   :     d16 4150243d48544150  d17 6d6f63202e3a4854
03-14 14:22:09.045   342   342 I DEBUG   :     d18 6a2e6e6f6464612e  d19 747379732f3a7261
03-14 14:22:09.045   342   342 I DEBUG   :     d20 656d6172662f6d65  d21 6d6f632f6b726f77
03-14 14:22:09.045   342   342 I DEBUG   :     d22 6c6f726f746f6d2e  d23 696f72646e612e61
03-14 14:22:09.045   342   342 I DEBUG   :     d24 0000000000000000  d25 0000000000000000
03-14 14:22:09.045   342   342 I DEBUG   :     d26 0000000000000000  d27 0000000000000000
03-14 14:22:09.045   342   342 I DEBUG   :     d28 0000000000000000  d29 0000000000000000
03-14 14:22:09.045   342   342 I DEBUG   :     d30 0000000000000000  d31 0000000000000000
03-14 14:22:09.045   342   342 I DEBUG   :     scr 00000010
03-14 14:22:09.045   342   342 I DEBUG   : 
03-14 14:22:09.045   342   342 I DEBUG   : backtrace:
03-14 14:22:09.045   342   342 I DEBUG   :     #00  pc 0000c9f8  /system/lib/libc.so (write+12)
03-14 14:22:09.045   342   342 I DEBUG   :     #01  pc 0000e4fd  /system/bin/mksh
03-14 14:22:09.045   342   342 I DEBUG   : 
03-14 14:22:09.045   342   342 I DEBUG   : stack:
03-14 14:22:09.045   342   342 I DEBUG   :          beafa6d0  0000100b  
03-14 14:22:09.045   342   342 I DEBUG   :          beafa6d4  400cf597  /system/lib/libc.so (dlmalloc+5322)
03-14 14:22:09.045   342   342 I DEBUG   :          beafa6d8  00000000  
03-14 14:22:09.045   342   342 I DEBUG   :          beafa6dc  00000004  
03-14 14:22:09.045   342   342 I DEBUG   :          beafa6e0  42014f90  [heap]
03-14 14:22:09.045   342   342 I DEBUG   :          beafa6e4  400cf597  /system/lib/libc.so (dlmalloc+5322)
03-14 14:22:09.045   342   342 I DEBUG   :          beafa6e8  00000000  
03-14 14:22:09.045   342   342 I DEBUG   :          beafa6ec  400b4eac  /system/bin/mksh
03-14 14:22:09.045   342   342 I DEBUG   :          beafa6f0  42014f28  [heap]
03-14 14:22:09.045   342   342 I DEBUG   :          beafa6f4  400b9cc4  
03-14 14:22:09.045   342   342 I DEBUG   :          beafa6f8  00000000  
03-14 14:22:09.045   342   342 I DEBUG   :          beafa6fc  42014fe0  [heap]
03-14 14:22:09.045   342   342 I DEBUG   :          beafa700  00000000  
03-14 14:22:09.045   342   342 I DEBUG   :          beafa704  00000003  
03-14 14:22:09.045   342   342 I DEBUG   :          beafa708  df0027ad  
03-14 14:22:09.045   342   342 I DEBUG   :          beafa70c  00000000  
03-14 14:22:09.045   342   342 I DEBUG   :     #00  beafa710  00000000  
03-14 14:22:09.045   342   342 I DEBUG   :          beafa714  00000fc3  
03-14 14:22:09.045   342   342 I DEBUG   :     #01  beafa718  42014f28  [heap]
03-14 14:22:09.045   342   342 I DEBUG   :          beafa71c  00013804  
03-14 14:22:09.045   342   342 I DEBUG   :          beafa720  00000001  
03-14 14:22:09.045   342   342 I DEBUG   :          beafa724  400b4eac  /system/bin/mksh
03-14 14:22:09.045   342   342 I DEBUG   :          beafa728  400b9d84  
03-14 14:22:09.045   342   342 I DEBUG   :          beafa72c  400b9d88  
03-14 14:22:09.045   342   342 I DEBUG   :          beafa730  400b9bb0  
03-14 14:22:09.045   342   342 I DEBUG   :          beafa734  42014f28  [heap]
03-14 14:22:09.045   342   342 I DEBUG   :          beafa738  42011f9c  [heap]
03-14 14:22:09.045   342   342 I DEBUG   :          beafa73c  400b9df6  
03-14 14:22:09.045   342   342 I DEBUG   :          beafa740  00000001  
03-14 14:22:09.045   342   342 I DEBUG   :          beafa744  4009a5cd  /system/bin/mksh
03-14 14:22:09.045   342   342 I DEBUG   :          beafa748  42014f28  [heap]
03-14 14:22:09.045   342   342 I DEBUG   :          beafa74c  0000001f  
03-14 14:22:09.045   342   342 I DEBUG   :          beafa750  42014fac  [heap]
03-14 14:22:09.045   342   342 I DEBUG   :          beafa754  42014b3c  [heap]
03-14 14:22:09.045   342   342 I DEBUG   : 
03-14 14:22:09.045   342   342 I DEBUG   : memory near r1:
03-14 14:22:09.045   342   342 I DEBUG   :     42014fc0 656e2f63 74782f74 6174715f 64697567  c/net/xt_qtaguid
03-14 14:22:09.045   342   342 I DEBUG   :     42014fd0 6174732f 00007374 00000000 0000100b  /stats..........
03-14 14:22:09.045   342   342 I DEBUG   :     42014fe0 20786469 63616669 63612065 745f7463  idx iface acct_t
03-14 14:22:09.045   342   342 I DEBUG   :     42014ff0 685f6761 75207865 745f6469 695f6761  ag_hex uid_tag_i
03-14 14:22:09.045   342   342 I DEBUG   :     42015000 6320746e 735f746e 72207465 79625f78  nt cnt_set rx_by
03-14 14:22:09.045   342   342 I DEBUG   : 
03-14 14:22:09.045   342   342 I DEBUG   : memory near r6:
03-14 14:22:09.045   342   342 I DEBUG   :     42014f9c 401035b4 00000010 00000012 00000000  .5.@............
03-14 14:22:09.045   342   342 I DEBUG   :     42014fac 00746163 00000000 0000002b 42014fa8  cat.....+....O.B
03-14 14:22:09.045   342   342 I DEBUG   :     42014fbc 6f72702f 656e2f63 74782f74 6174715f  /proc/net/xt_qta
03-14 14:22:09.045   342   342 I DEBUG   :     42014fcc 64697567 6174732f 00007374 00000000  guid/stats......
03-14 14:22:09.045   342   342 I DEBUG   :     42014fdc 0000100b 20786469 63616669 63612065  ....idx iface ac
03-14 14:22:09.045   342   342 I DEBUG   : 
03-14 14:22:09.045   342   342 I DEBUG   : memory near r8:
03-14 14:22:09.045   342   342 I DEBUG   :     42014fc0 656e2f63 74782f74 6174715f 64697567  c/net/xt_qtaguid
03-14 14:22:09.045   342   342 I DEBUG   :     42014fd0 6174732f 00007374 00000000 0000100b  /stats..........
03-14 14:22:09.045   342   342 I DEBUG   :     42014fe0 20786469 63616669 63612065 745f7463  idx iface acct_t
03-14 14:22:09.045   342   342 I DEBUG   :     42014ff0 685f6761 75207865 745f6469 695f6761  ag_hex uid_tag_i
03-14 14:22:09.045   342   342 I DEBUG   :     42015000 6320746e 735f746e 72207465 79625f78  nt cnt_set rx_by
03-14 14:22:09.045   342   342 I DEBUG   : 
03-14 14:22:09.045   342   342 I DEBUG   : memory near r9:
03-14 14:22:09.045   342   342 I DEBUG   :     42014f10 00000000 00000004 00000000 0000001b  ................
03-14 14:22:09.045   342   342 I DEBUG   :     42014f20 42014fb8 00000000 42014fac 42014fbc  .O.B.....O.B.O.B
03-14 14:22:09.055   342   342 I DEBUG   :     42014f30 00000000 00000063 42014f20 42014bf8  ....c... O.B.K.B
03-14 14:22:09.055   342   342 I DEBUG   :     42014f40 beafabbc 00000000 00000000 4201100c  ...............B
03-14 14:22:09.055   342   342 I DEBUG   :     42014f50 42014f3c 42014a6c 00000006 00000003  <O.BlJ.B........
03-14 14:22:09.055   342   342 I DEBUG   : 
03-14 14:22:09.055   342   342 I DEBUG   : memory near sl:
03-14 14:22:09.055   342   342 I DEBUG   :     42014fc0 656e2f63 74782f74 6174715f 64697567  c/net/xt_qtaguid
03-14 14:22:09.055   342   342 I DEBUG   :     42014fd0 6174732f 00007374 00000000 0000100b  /stats..........
03-14 14:22:09.055   342   342 I DEBUG   :     42014fe0 20786469 63616669 63612065 745f7463  idx iface acct_t
03-14 14:22:09.055   342   342 I DEBUG   :     42014ff0 685f6761 75207865 745f6469 695f6761  ag_hex uid_tag_i
03-14 14:22:09.055   342   342 I DEBUG   :     42015000 6320746e 735f746e 72207465 79625f78  nt cnt_set rx_by
03-14 14:22:09.055   342   342 I DEBUG   : 
03-14 14:22:09.055   342   342 I DEBUG   : memory near fp:
03-14 14:22:09.055   342   342 I DEBUG   :     400b0c98 27000a27 49005c00 22005346 27262423  '..'.\.IFS."#$&'
03-14 14:22:09.055   342   342 I DEBUG   :     400b0ca8 3a2a2928 3e3d3c3b 605c5b3f 007d7c7b  ()*:;<=>?[\`{|}.
03-14 14:22:09.055   342   342 I DEBUG   :     400b0cb8 203a7325 67007325 68626172 00747369  %s: %s.grabhist.
03-14 14:22:09.055   342   342 I DEBUG   :     400b0cc8 20646162 74736968 2079726f 61727261  bad history arra
03-14 14:22:09.055   342   342 I DEBUG   :     400b0cd8 20200079 25002020 64252073 20636600  y.    .%s %d.fc 
03-14 14:22:09.055   342   342 I DEBUG   : 
03-14 14:22:09.055   342   342 I DEBUG   : memory near ip:
03-14 14:22:09.065   342   342 I DEBUG   :     400b4f20 400c7184 400d3a09 400dcba1 400c7558  .q.@.:.@...@Xu.@
03-14 14:22:09.065   342   342 I DEBUG   :     400b4f30 400c65ec 400c69d0 400c8b68 400d1061  .e.@.i.@h..@a..@
03-14 14:22:09.065   342   342 I DEBUG   :     400b4f40 400c69ec 400d28a5 400c6894 400d3935  .i.@.(.@.h.@59.@
03-14 14:22:09.065   342   342 I DEBUG   :     400b4f50 400c79a0 400d396d 400c7d6c 400c714c  .y.@m9.@l}.@Lq.@
03-14 14:22:09.065   342   342 I DEBUG   :     400b4f60 400c6878 400c685c 400c6678 400c7340  xh.@\h.@xf.@@s.@
03-14 14:22:09.065   342   342 I DEBUG   : 
03-14 14:22:09.065   342   342 I DEBUG   : memory near sp:
03-14 14:22:09.065   342   342 I DEBUG   :     beafa6f0 42014f28 400b9cc4 00000000 42014fe0  (O.B...@.....O.B
03-14 14:22:09.065   342   342 I DEBUG   :     beafa700 00000000 00000003 df0027ad 00000000  .........'......
03-14 14:22:09.065   342   342 I DEBUG   :     beafa710 00000000 00000fc3 42014f28 00013804  ........(O.B.8..
03-14 14:22:09.065   342   342 I DEBUG   :     beafa720 00000001 400b4eac 400b9d84 400b9d88  .....N.@...@...@
03-14 14:22:09.065   342   342 I DEBUG   :     beafa730 400b9bb0 42014f28 42011f9c 400b9df6  ...@(O.B...B...@
03-14 14:22:09.065   342   342 I DEBUG   : 
03-14 14:22:09.065   342   342 I DEBUG   : code around pc:
03-14 14:22:09.065   342   342 I DEBUG   :     400c69d8 ef000000 e8bd0090 e1b00000 512fff1e  ............../Q
03-14 14:22:09.065   342   342 I DEBUG   :     400c69e8 ea00b4ec e92d0090 e3a07004 ef000000  ......-..p......
03-14 14:22:09.065   342   342 I DEBUG   :     400c69f8 e8bd0090 e1b00000 512fff1e ea00b4e5  ........../Q....
03-14 14:22:09.065   342   342 I DEBUG   :     400c6a08 e1a0c00d e92d00f0 e89c0070 e3a070b4  ......-.p....p..
03-14 14:22:09.065   342   342 I DEBUG   :     400c6a18 ef000000 e8bd00f0 e1b00000 512fff1e  ............../Q
03-14 14:22:09.065   342   342 I DEBUG   : 
03-14 14:22:09.065   342   342 I DEBUG   : code around lr:
03-14 14:22:09.065   342   342 I DEBUG   :     4009d4e0 f7f36800 4631ed6a 46584602 fe64f009  .h..j.1F.FXF..d.
03-14 14:22:09.065   342   342 I DEBUG   :     4009d4f0 b320e025 200146c2 463a4651 ed80f7f3  %. ..F. QF:F....
03-14 14:22:09.075   342   342 I DEBUG   :     4009d500 bf1c1c43 0707ebc0 d1154482 ed1ef7f3  C........D......
03-14 14:22:09.075   342   342 I DEBUG   :     4009d510 2a046802 f7f3d010 6800ed1a ed4cf7f3  .h.*.......h..L.
03-14 14:22:09.075   342   342 I DEBUG   :     4009d520 44794916 48164602 f0094478 b17dfe45  .IyD.F.HxD..E.}.
03-14 14:22:09.085   709   735 I BootReceiver: Copying /data/tombstones/tombstone_05 to DropBox (SYSTEM_TOMBSTONE)
03-14 14:22:09.105  1001  1001 D ModemStatsService: receive intent android.intent.action.DROPBOX_ENTRY_ADDED
03-14 14:22:09.115  1001  1001 D ModemStatsService: receive intent, tagname is SYSTEM_TOMBSTONE time is 1457986929119 isMobileDataConnected : false
03-14 14:22:09.656 24922 24922 F libc    : Fatal signal 13 (SIGPIPE) at 0x0000615a (code=0), thread 24922 (sh)
03-14 14:22:09.766   342   342 I DEBUG   : *** *** *** *** *** *** *** *** *** *** *** *** *** *** *** ***
03-14 14:22:09.766   342   342 I DEBUG   : Build fingerprint: 'motorola/XT897_us_spr/asanti_c:4.1.2/9.8.2Q-122_XT897_FFW-8/9:user/release-keys'
03-14 14:22:09.766   342   342 I DEBUG   : pid: 24922, tid: 24922, name: sh  >>> /system/bin/sh <<<
03-14 14:22:09.766   342   342 I DEBUG   : signal 13 (SIGPIPE), code -6 (?), fault addr --------
03-14 14:22:09.766   342   342 I DEBUG   :     r0 ffffffe0  r1 40320fe0  r2 00000fc3  r3 00000000
03-14 14:22:09.766   342   342 I DEBUG   :     r4 00000000  r5 00000003  r6 40320fbc  r7 00000004
03-14 14:22:09.766   342   342 I DEBUG   :     r8 40320fe0  r9 40320f30  sl 40320fe0  fp 4004ecb8
03-14 14:22:09.766   342   342 I DEBUG   :     ip 40052f40  sp bedfb710  lr 4003b501  pc 400649f8  cpsr 00000010
03-14 14:22:09.766   342   342 I DEBUG   :     d0  762f3a6e6962732f  d1  69622f726f646e65
03-14 14:22:09.766   342   342 I DEBUG   :     d2  65747379732f3a6e  d3  2f3a6e6962732f6d
03-14 14:22:09.766   342   342 I DEBUG   :     d4  0000000000000000  d5  0000000000000000
03-14 14:22:09.766   342   342 I DEBUG   :     d6  0000000000000000  d7  756f2fb700000000
03-14 14:22:09.766   342   342 I DEBUG   :     d8  0000000000000000  d9  0000000000000000
03-14 14:22:09.766   342   342 I DEBUG   :     d10 0000000000000000  d11 0000000000000000
03-14 14:22:09.766   342   342 I DEBUG   :     d12 0000000000000000  d13 0000000000000000
03-14 14:22:09.766   342   342 I DEBUG   :     d14 0000000000000000  d15 0000000000000000
03-14 14:22:09.766   342   342 I DEBUG   :     d16 4150243d48544150  d17 6d6f63202e3a4854
03-14 14:22:09.766   342   342 I DEBUG   :     d18 6a2e6e6f6464612e  d19 747379732f3a7261
03-14 14:22:09.766   342   342 I DEBUG   :     d20 656d6172662f6d65  d21 6d6f632f6b726f77
03-14 14:22:09.766   342   342 I DEBUG   :     d22 6c6f726f746f6d2e  d23 696f72646e612e61
03-14 14:22:09.766   342   342 I DEBUG   :     d24 0000000000000000  d25 0000000000000000
03-14 14:22:09.766   342   342 I DEBUG   :     d26 0000000000000000  d27 0000000000000000
03-14 14:22:09.766   342   342 I DEBUG   :     d28 0000000000000000  d29 0000000000000000
03-14 14:22:09.766   342   342 I DEBUG   :     d30 0000000000000000  d31 0000000000000000
03-14 14:22:09.766   342   342 I DEBUG   :     scr 00000010
03-14 14:22:09.766   342   342 I DEBUG   : 
03-14 14:22:09.766   342   342 I DEBUG   : backtrace:
03-14 14:22:09.766   342   342 I DEBUG   :     #00  pc 0000c9f8  /system/lib/libc.so (write+12)
03-14 14:22:09.766   342   342 I DEBUG   :     #01  pc 0000e4fd  /system/bin/mksh
03-14 14:22:09.766   342   342 I DEBUG   : 
03-14 14:22:09.766   342   342 I DEBUG   : stack:
03-14 14:22:09.766   342   342 I DEBUG   :          bedfb6d0  0000100b  
03-14 14:22:09.766   342   342 I DEBUG   :          bedfb6d4  4006d597  /system/lib/libc.so (dlmalloc+5322)
03-14 14:22:09.766   342   342 I DEBUG   :          bedfb6d8  00000000  
03-14 14:22:09.766   342   342 I DEBUG   :          bedfb6dc  00000004  
03-14 14:22:09.766   342   342 I DEBUG   :          bedfb6e0  40320f90  [heap]
03-14 14:22:09.766   342   342 I DEBUG   :          bedfb6e4  4006d597  /system/lib/libc.so (dlmalloc+5322)
03-14 14:22:09.766   342   342 I DEBUG   :          bedfb6e8  00000000  
03-14 14:22:09.766   342   342 I DEBUG   :          bedfb6ec  40052eac  /system/bin/mksh
03-14 14:22:09.766   342   342 I DEBUG   :          bedfb6f0  40320f28  [heap]
03-14 14:22:09.766   342   342 I DEBUG   :          bedfb6f4  40057cc4  
03-14 14:22:09.766   342   342 I DEBUG   :          bedfb6f8  00000000  
03-14 14:22:09.766   342   342 I DEBUG   :          bedfb6fc  40320fe0  [heap]
03-14 14:22:09.766   342   342 I DEBUG   :          bedfb700  00000000  
03-14 14:22:09.766   342   342 I DEBUG   :          bedfb704  00000003  
03-14 14:22:09.766   342   342 I DEBUG   :          bedfb708  df0027ad  
03-14 14:22:09.766   342   342 I DEBUG   :          bedfb70c  00000000  
03-14 14:22:09.766   342   342 I DEBUG   :     #00  bedfb710  00000000  
03-14 14:22:09.766   342   342 I DEBUG   :          bedfb714  00000fc3  
03-14 14:22:09.766   342   342 I DEBUG   :     #01  bedfb718  40320f28  [heap]
03-14 14:22:09.766   342   342 I DEBUG   :          bedfb71c  00013804  
03-14 14:22:09.766   342   342 I DEBUG   :          bedfb720  00000001  
03-14 14:22:09.766   342   342 I DEBUG   :          bedfb724  40052eac  /system/bin/mksh
03-14 14:22:09.766   342   342 I DEBUG   :          bedfb728  40057d84  
03-14 14:22:09.766   342   342 I DEBUG   :          bedfb72c  40057d88  
03-14 14:22:09.766   342   342 I DEBUG   :          bedfb730  40057bb0  
03-14 14:22:09.766   342   342 I DEBUG   :          bedfb734  40320f28  [heap]
03-14 14:22:09.766   342   342 I DEBUG   :          bedfb738  4031df9c  [heap]
03-14 14:22:09.766   342   342 I DEBUG   :          bedfb73c  40057df6  
03-14 14:22:09.766   342   342 I DEBUG   :          bedfb740  00000001  
03-14 14:22:09.766   342   342 I DEBUG   :          bedfb744  400385cd  /system/bin/mksh
03-14 14:22:09.766   342   342 I DEBUG   :          bedfb748  40320f28  [heap]
03-14 14:22:09.766   342   342 I DEBUG   :          bedfb74c  0000001f  
03-14 14:22:09.766   342   342 I DEBUG   :          bedfb750  40320fac  [heap]
03-14 14:22:09.766   342   342 I DEBUG   :          bedfb754  40320b3c  [heap]
03-14 14:22:09.766   342   342 I DEBUG   : 
03-14 14:22:09.766   342   342 I DEBUG   : memory near r1:
03-14 14:22:09.766   342   342 I DEBUG   :     40320fc0 656e2f63 74782f74 6174715f 64697567  c/net/xt_qtaguid
03-14 14:22:09.766   342   342 I DEBUG   :     40320fd0 6174732f 00007374 00000000 0000100b  /stats..........
03-14 14:22:09.766   342   342 I DEBUG   :     40320fe0 20786469 63616669 63612065 745f7463  idx iface acct_t
03-14 14:22:09.766   342   342 I DEBUG   :     40320ff0 685f6761 75207865 745f6469 695f6761  ag_hex uid_tag_i
03-14 14:22:09.766   342   342 I DEBUG   :     40321000 6320746e 735f746e 72207465 79625f78  nt cnt_set rx_by
03-14 14:22:09.766   342   342 I DEBUG   : 
03-14 14:22:09.766   342   342 I DEBUG   : memory near r6:
03-14 14:22:09.766   342   342 I DEBUG   :     40320f9c 400a15b4 00000010 00000012 00000000  ...@............
03-14 14:22:09.766   342   342 I DEBUG   :     40320fac 00746163 00000000 0000002b 40320fa8  cat.....+.....2@
03-14 14:22:09.766   342   342 I DEBUG   :     40320fbc 6f72702f 656e2f63 74782f74 6174715f  /proc/net/xt_qta
03-14 14:22:09.766   342   342 I DEBUG   :     40320fcc 64697567 6174732f 00007374 00000000  guid/stats......
03-14 14:22:09.766   342   342 I DEBUG   :     40320fdc 0000100b 20786469 63616669 63612065  ....idx iface ac
03-14 14:22:09.766   342   342 I DEBUG   : 
03-14 14:22:09.766   342   342 I DEBUG   : memory near r8:
03-14 14:22:09.766   342   342 I DEBUG   :     40320fc0 656e2f63 74782f74 6174715f 64697567  c/net/xt_qtaguid
03-14 14:22:09.766   342   342 I DEBUG   :     40320fd0 6174732f 00007374 00000000 0000100b  /stats..........
03-14 14:22:09.766   342   342 I DEBUG   :     40320fe0 20786469 63616669 63612065 745f7463  idx iface acct_t
03-14 14:22:09.766   342   342 I DEBUG   :     40320ff0 685f6761 75207865 745f6469 695f6761  ag_hex uid_tag_i
03-14 14:22:09.766   342   342 I DEBUG   :     40321000 6320746e 735f746e 72207465 79625f78  nt cnt_set rx_by
03-14 14:22:09.766   342   342 I DEBUG   : 
03-14 14:22:09.766   342   342 I DEBUG   : memory near r9:
03-14 14:22:09.766   342   342 I DEBUG   :     40320f10 00000000 00000004 00000000 0000001b  ................
03-14 14:22:09.766   342   342 I DEBUG   :     40320f20 40320fb8 00000000 40320fac 40320fbc  ..2@......2@..2@
03-14 14:22:09.766   342   342 I DEBUG   :     40320f30 00000000 00000063 40320f20 40320bf8  ....c... .2@..2@
03-14 14:22:09.766   342   342 I DEBUG   :     40320f40 bedfbbbc 00000000 00000000 4031d00c  ..............1@
03-14 14:22:09.766   342   342 I DEBUG   :     40320f50 40320f3c 40320a6c 00000006 00000003  <.2@l.2@........
03-14 14:22:09.766   342   342 I DEBUG   : 
03-14 14:22:09.766   342   342 I DEBUG   : memory near sl:
03-14 14:22:09.766   342   342 I DEBUG   :     40320fc0 656e2f63 74782f74 6174715f 64697567  c/net/xt_qtaguid
03-14 14:22:09.766   342   342 I DEBUG   :     40320fd0 6174732f 00007374 00000000 0000100b  /stats..........
03-14 14:22:09.766   342   342 I DEBUG   :     40320fe0 20786469 63616669 63612065 745f7463  idx iface acct_t
03-14 14:22:09.766   342   342 I DEBUG   :     40320ff0 685f6761 75207865 745f6469 695f6761  ag_hex uid_tag_i
03-14 14:22:09.766   342   342 I DEBUG   :     40321000 6320746e 735f746e 72207465 79625f78  nt cnt_set rx_by
03-14 14:22:09.766   342   342 I DEBUG   : 
03-14 14:22:09.766   342   342 I DEBUG   : memory near fp:
03-14 14:22:09.766   342   342 I DEBUG   :     4004ec98 27000a27 49005c00 22005346 27262423  '..'.\.IFS."#$&'
03-14 14:22:09.766   342   342 I DEBUG   :     4004eca8 3a2a2928 3e3d3c3b 605c5b3f 007d7c7b  ()*:;<=>?[\`{|}.
03-14 14:22:09.766   342   342 I DEBUG   :     4004ecb8 203a7325 67007325 68626172 00747369  %s: %s.grabhist.
03-14 14:22:09.766   342   342 I DEBUG   :     4004ecc8 20646162 74736968 2079726f 61727261  bad history arra
03-14 14:22:09.766   342   342 I DEBUG   :     4004ecd8 20200079 25002020 64252073 20636600  y.    .%s %d.fc 
03-14 14:22:09.766   342   342 I DEBUG   : 
03-14 14:22:09.766   342   342 I DEBUG   : memory near ip:
03-14 14:22:09.766   342   342 I DEBUG   :     40052f20 40065184 40071a09 4007aba1 40065558  .Q.@...@...@XU.@
03-14 14:22:09.766   342   342 I DEBUG   :     40052f30 400645ec 400649d0 40066b68 4006f061  .E.@.I.@hk.@a..@
03-14 14:22:09.766   342   342 I DEBUG   :     40052f40 400649ec 400708a5 40064894 40071935  .I.@...@.H.@5..@
03-14 14:22:09.766   342   342 I DEBUG   :     40052f50 400659a0 4007196d 40065d6c 4006514c  .Y.@m..@l].@LQ.@
03-14 14:22:09.766   342   342 I DEBUG   :     40052f60 40064878 4006485c 40064678 40065340  xH.@\H.@xF.@@S.@
03-14 14:22:09.766   342   342 I DEBUG   : 
03-14 14:22:09.766   342   342 I DEBUG   : memory near sp:
03-14 14:22:09.766   342   342 I DEBUG   :     bedfb6f0 40320f28 40057cc4 00000000 40320fe0  (.2@.|.@......2@
03-14 14:22:09.766   342   342 I DEBUG   :     bedfb700 00000000 00000003 df0027ad 00000000  .........'......
03-14 14:22:09.766   342   342 I DEBUG   :     bedfb710 00000000 00000fc3 40320f28 00013804  ........(.2@.8..
03-14 14:22:09.766   342   342 I DEBUG   :     bedfb720 00000001 40052eac 40057d84 40057d88  .......@.}.@.}.@
03-14 14:22:09.766   342   342 I DEBUG   :     bedfb730 40057bb0 40320f28 4031df9c 40057df6  .{.@(.2@..1@.}.@
03-14 14:22:09.766   342   342 I DEBUG   : 
03-14 14:22:09.766   342   342 I DEBUG   : code around pc:
03-14 14:22:09.766   342   342 I DEBUG   :     400649d8 ef000000 e8bd0090 e1b00000 512fff1e  ............../Q
03-14 14:22:09.766   342   342 I DEBUG   :     400649e8 ea00b4ec e92d0090 e3a07004 ef000000  ......-..p......
03-14 14:22:09.766   342   342 I DEBUG   :     400649f8 e8bd0090 e1b00000 512fff1e ea00b4e5  ........../Q....
03-14 14:22:09.766   342   342 I DEBUG   :     40064a08 e1a0c00d e92d00f0 e89c0070 e3a070b4  ......-.p....p..
03-14 14:22:09.766   342   342 I DEBUG   :     40064a18 ef000000 e8bd00f0 e1b00000 512fff1e  ............../Q
03-14 14:22:09.766   342   342 I DEBUG   : 
03-14 14:22:09.766   342   342 I DEBUG   : code around lr:
03-14 14:22:09.766   342   342 I DEBUG   :     4003b4e0 f7f36800 4631ed6a 46584602 fe64f009  .h..j.1F.FXF..d.
03-14 14:22:09.766   342   342 I DEBUG   :     4003b4f0 b320e025 200146c2 463a4651 ed80f7f3  %. ..F. QF:F....
03-14 14:22:09.766   342   342 I DEBUG   :     4003b500 bf1c1c43 0707ebc0 d1154482 ed1ef7f3  C........D......
03-14 14:22:09.766   342   342 I DEBUG   :     4003b510 2a046802 f7f3d010 6800ed1a ed4cf7f3  .h.*.......h..L.
03-14 14:22:09.766   342   342 I DEBUG   :     4003b520 44794916 48164602 f0094478 b17dfe45  .IyD.F.HxD..E.}.
03-14 14:22:09.796   709   735 I BootReceiver: Copying /data/tombstones/tombstone_09 to DropBox (SYSTEM_TOMBSTONE)
03-14 14:22:09.836  1001  1001 D ModemStatsService: receive intent android.intent.action.DROPBOX_ENTRY_ADDED
03-14 14:22:09.836  1001  1001 D ModemStatsService: receive intent, tagname is SYSTEM_TOMBSTONE time is 1457986929845 isMobileDataConnected : false
03-14 14:22:10.877 24938 24938 F libc    : Fatal signal 13 (SIGPIPE) at 0x0000616a (code=0), thread 24938 (sh)
03-14 14:22:10.977   342   342 I DEBUG   : *** *** *** *** *** *** *** *** *** *** *** *** *** *** *** ***
03-14 14:22:10.977   342   342 I DEBUG   : Build fingerprint: 'motorola/XT897_us_spr/asanti_c:4.1.2/9.8.2Q-122_XT897_FFW-8/9:user/release-keys'
03-14 14:22:10.977   342   342 I DEBUG   : pid: 24938, tid: 24938, name: sh  >>> /system/bin/sh <<<
03-14 14:22:10.977   342   342 I DEBUG   : signal 13 (SIGPIPE), code -6 (?), fault addr --------
03-14 14:22:10.987   342   342 I DEBUG   :     r0 ffffffe0  r1 400c1008  r2 00000fda  r3 00000ffe
03-14 14:22:10.987   342   342 I DEBUG   :     r4 00000000  r5 00000003  r6 40354034  r7 00000004
03-14 14:22:10.987   342   342 I DEBUG   :     r8 400c1008  r9 40353fa8  sl 400c1008  fp 400f1cb8
03-14 14:22:10.987   342   342 I DEBUG   :     ip 400f5f40  sp bec79710  lr 400de501  pc 401079f8  cpsr 00000010
03-14 14:22:10.987   342   342 I DEBUG   :     d0  762f3a6e6962732f  d1  69622f726f646e65
03-14 14:22:10.987   342   342 I DEBUG   :     d2  65747379732f3a6e  d3  2f3a6e6962732f6d
03-14 14:22:10.987   342   342 I DEBUG   :     d4  0000000000000000  d5  0000000000000000
03-14 14:22:10.987   342   342 I DEBUG   :     d6  0000000000000000  d7  75818e1e00000000
03-14 14:22:10.987   342   342 I DEBUG   :     d8  0000000000000000  d9  0000000000000000
03-14 14:22:10.987   342   342 I DEBUG   :     d10 0000000000000000  d11 0000000000000000
03-14 14:22:10.987   342   342 I DEBUG   :     d12 0000000000000000  d13 0000000000000000
03-14 14:22:10.987   342   342 I DEBUG   :     d14 0000000000000000  d15 0000000000000000
03-14 14:22:10.987   342   342 I DEBUG   :     d16 4150243d48544150  d17 6d6f63202e3a4854
03-14 14:22:10.987   342   342 I DEBUG   :     d18 6a2e6e6f6464612e  d19 747379732f3a7261
03-14 14:22:10.987   342   342 I DEBUG   :     d20 656d6172662f6d65  d21 6d6f632f6b726f77
03-14 14:22:10.987   342   342 I DEBUG   :     d22 6c6f726f746f6d2e  d23 696f72646e612e61
03-14 14:22:10.987   342   342 I DEBUG   :     d24 0000000000000000  d25 0000000000000000
03-14 14:22:10.987   342   342 I DEBUG   :     d26 0000000000000000  d27 0000000000000000
03-14 14:22:10.987   342   342 I DEBUG   :     d28 0000000000000000  d29 0000000000000000
03-14 14:22:10.987   342   342 I DEBUG   :     d30 0000000000000000  d31 0000000000000000
03-14 14:22:10.997   342   342 I DEBUG   :     scr 00000010
03-14 14:22:10.997   342   342 I DEBUG   : 
03-14 14:22:10.997   342   342 I DEBUG   : backtrace:
03-14 14:22:10.997   342   342 I DEBUG   :     #00  pc 0000c9f8  /system/lib/libc.so (write+12)
03-14 14:22:10.997   342   342 I DEBUG   :     #01  pc 0000e4fd  /system/bin/mksh
03-14 14:22:10.997   342   342 I DEBUG   : 
03-14 14:22:10.997   342   342 I DEBUG   : stack:
03-14 14:22:10.997   342   342 I DEBUG   :          bec796d0  0000100b  
03-14 14:22:10.997   342   342 I DEBUG   :          bec796d4  40110597  /system/lib/libc.so (dlmalloc+5322)
03-14 14:22:10.997   342   342 I DEBUG   :          bec796d8  ffffffff  
03-14 14:22:10.997   342   342 I DEBUG   :          bec796dc  00000000  
03-14 14:22:10.997   342   342 I DEBUG   :          bec796e0  40354008  
03-14 14:22:10.997   342   342 I DEBUG   :          bec796e4  40355000  
03-14 14:22:10.997   342   342 I DEBUG   :          bec796e8  00000000  
03-14 14:22:10.997   342   342 I DEBUG   :          bec796ec  400f5eac  /system/bin/mksh
03-14 14:22:10.997   342   342 I DEBUG   :          bec796f0  40353fa0  
03-14 14:22:10.997   342   342 I DEBUG   :          bec796f4  400facc4  
03-14 14:22:10.997   342   342 I DEBUG   :          bec796f8  00000000  
03-14 14:22:10.997   342   342 I DEBUG   :          bec796fc  400c1008  
03-14 14:22:11.007   342   342 I DEBUG   :          bec79700  00000000  
03-14 14:22:11.007   342   342 I DEBUG   :          bec79704  00000003  
03-14 14:22:11.007   342   342 I DEBUG   :          bec79708  df0027ad  
03-14 14:22:11.007   342   342 I DEBUG   :          bec7970c  00000000  
03-14 14:22:11.007   342   342 I DEBUG   :     #00  bec79710  00000000  
03-14 14:22:11.007   342   342 I DEBUG   :          bec79714  00000fda  
03-14 14:22:11.007   342   342 I DEBUG   :     #01  bec79718  40353fa0  
03-14 14:22:11.007   342   342 I DEBUG   :          bec7971c  00013804  
03-14 14:22:11.007   342   342 I DEBUG   :          bec79720  00000001  
03-14 14:22:11.007   342   342 I DEBUG   :          bec79724  400f5eac  /system/bin/mksh
03-14 14:22:11.007   342   342 I DEBUG   :          bec79728  400fad84  
03-14 14:22:11.007   342   342 I DEBUG   :          bec7972c  400fad88  
03-14 14:22:11.017   342   342 I DEBUG   :          bec79730  400fabb0  
03-14 14:22:11.017   342   342 I DEBUG   :          bec79734  40353fa0  
03-14 14:22:11.017   342   342 I DEBUG   :          bec79738  4016cf9c  
03-14 14:22:11.017   342   342 I DEBUG   :          bec7973c  400fadf6  
03-14 14:22:11.017   342   342 I DEBUG   :          bec79740  00000001  
03-14 14:22:11.017   342   342 I DEBUG   :          bec79744  400db5cd  /system/bin/mksh
03-14 14:22:11.017   342   342 I DEBUG   :          bec79748  40353fa0  
03-14 14:22:11.017   342   342 I DEBUG   :          bec7974c  0000001f  
03-14 14:22:11.017   342   342 I DEBUG   :          bec79750  40354024  
03-14 14:22:11.017   342   342 I DEBUG   :          bec79754  40353bb4  
03-14 14:22:11.027   342   342 I DEBUG   : 
03-14 14:22:11.027   342   342 I DEBUG   : memory near r1:
03-14 14:22:11.027   342   342 I DEBUG   :     400c0fe8 ffffffff ffffffff ffffffff ffffffff  ................
03-14 14:22:11.027   342   342 I DEBUG   :     400c0ff8 ffffffff ffffffff 00000000 0000100b  ................
03-14 14:22:11.027   342   342 I DEBUG   :     400c1008 20303131 656e6d72 30203074 31203078  110 rmnet0 0x0 1
03-14 14:22:11.027   342   342 I DEBUG   :     400c1018 38303030 31203020 39323537 20363420  0008 0 17529 46 
03-14 14:22:11.027   342   342 I DEBUG   :     400c1028 30373039 20363520 32353731 36342039  9070 56 17529 46
03-14 14:22:11.027   342   342 I DEBUG   : 
03-14 14:22:11.027   342   342 I DEBUG   : memory near r6:
03-14 14:22:11.027   342   342 I DEBUG   :     40354014 401445b4 00000010 00000012 00000000  .E.@............
03-14 14:22:11.027   342   342 I DEBUG   :     40354024 00746163 00000000 0000002b 40354020  cat.....+... @5@
03-14 14:22:11.027   342   342 I DEBUG   :     40354034 6f72702f 656e2f63 74782f74 6174715f  /proc/net/xt_qta
03-14 14:22:11.027   342   342 I DEBUG   :     40354044 64697567 6174732f 00007374 00000000  guid/stats......
03-14 14:22:11.027   342   342 I DEBUG   :     40354054 00000f89 40354050 40354050 00000000  ....P@5@P@5@....
03-14 14:22:11.027   342   342 I DEBUG   : 
03-14 14:22:11.027   342   342 I DEBUG   : memory near r8:
03-14 14:22:11.027   342   342 I DEBUG   :     400c0fe8 ffffffff ffffffff ffffffff ffffffff  ................
03-14 14:22:11.027   342   342 I DEBUG   :     400c0ff8 ffffffff ffffffff 00000000 0000100b  ................
03-14 14:22:11.027   342   342 I DEBUG   :     400c1008 20303131 656e6d72 30203074 31203078  110 rmnet0 0x0 1
03-14 14:22:11.027   342   342 I DEBUG   :     400c1018 38303030 31203020 39323537 20363420  0008 0 17529 46 
03-14 14:22:11.027   342   342 I DEBUG   :     400c1028 30373039 20363520 32353731 36342039  9070 56 17529 46
03-14 14:22:11.027   342   342 I DEBUG   : 
03-14 14:22:11.027   342   342 I DEBUG   : memory near r9:
03-14 14:22:11.027   342   342 I DEBUG   :     40353f88 00000000 00000004 00000000 0000001b  ................
03-14 14:22:11.027   342   342 I DEBUG   :     40353f98 40354030 00000000 40354024 40354034  0@5@....$@5@4@5@
03-14 14:22:11.027   342   342 I DEBUG   :     40353fa8 00000000 00000063 40353f98 40353c70  ....c....?5@p<5@
03-14 14:22:11.027   342   342 I DEBUG   :     40353fb8 bec79bbc 00000000 00000000 4016c00c  ...............@
03-14 14:22:11.027   342   342 I DEBUG   :     40353fc8 40353fb4 40353ae4 00000006 00000003  .?5@.:5@........
03-14 14:22:11.027   342   342 I DEBUG   : 
03-14 14:22:11.027   342   342 I DEBUG   : memory near sl:
03-14 14:22:11.027   342   342 I DEBUG   :     400c0fe8 ffffffff ffffffff ffffffff ffffffff  ................
03-14 14:22:11.027   342   342 I DEBUG   :     400c0ff8 ffffffff ffffffff 00000000 0000100b  ................
03-14 14:22:11.027   342   342 I DEBUG   :     400c1008 20303131 656e6d72 30203074 31203078  110 rmnet0 0x0 1
03-14 14:22:11.027   342   342 I DEBUG   :     400c1018 38303030 31203020 39323537 20363420  0008 0 17529 46 
03-14 14:22:11.027   342   342 I DEBUG   :     400c1028 30373039 20363520 32353731 36342039  9070 56 17529 46
03-14 14:22:11.027   342   342 I DEBUG   : 
03-14 14:22:11.027   342   342 I DEBUG   : memory near fp:
03-14 14:22:11.027   342   342 I DEBUG   :     400f1c98 27000a27 49005c00 22005346 27262423  '..'.\.IFS."#$&'
03-14 14:22:11.027   342   342 I DEBUG   :     400f1ca8 3a2a2928 3e3d3c3b 605c5b3f 007d7c7b  ()*:;<=>?[\`{|}.
03-14 14:22:11.027   342   342 I DEBUG   :     400f1cb8 203a7325 67007325 68626172 00747369  %s: %s.grabhist.
03-14 14:22:11.027   342   342 I DEBUG   :     400f1cc8 20646162 74736968 2079726f 61727261  bad history arra
03-14 14:22:11.037   342   342 I DEBUG   :     400f1cd8 20200079 25002020 64252073 20636600  y.    .%s %d.fc 
03-14 14:22:11.037   342   342 I DEBUG   : 
03-14 14:22:11.037   342   342 I DEBUG   : memory near ip:
03-14 14:22:11.037   342   342 I DEBUG   :     400f5f20 40108184 40114a09 4011dba1 40108558  ...@.J.@...@X..@
03-14 14:22:11.037   342   342 I DEBUG   :     400f5f30 401075ec 401079d0 40109b68 40112061  .u.@.y.@h..@a .@
03-14 14:22:11.037   342   342 I DEBUG   :     400f5f40 401079ec 401138a5 40107894 40114935  .y.@.8.@.x.@5I.@
03-14 14:22:11.037   342   342 I DEBUG   :     400f5f50 401089a0 4011496d 40108d6c 4010814c  ...@mI.@l..@L..@
03-14 14:22:11.037   342   342 I DEBUG   :     400f5f60 40107878 4010785c 40107678 40108340  xx.@\x.@xv.@@..@
03-14 14:22:11.037   342   342 I DEBUG   : 
03-14 14:22:11.037   342   342 I DEBUG   : memory near sp:
03-14 14:22:11.037   342   342 I DEBUG   :     bec796f0 40353fa0 400facc4 00000000 400c1008  .?5@...@.......@
03-14 14:22:11.037   342   342 I DEBUG   :     bec79700 00000000 00000003 df0027ad 00000000  .........'......
03-14 14:22:11.037   342   342 I DEBUG   :     bec79710 00000000 00000fda 40353fa0 00013804  .........?5@.8..
03-14 14:22:11.037   342   342 I DEBUG   :     bec79720 00000001 400f5eac 400fad84 400fad88  .....^.@...@...@
03-14 14:22:11.037   342   342 I DEBUG   :     bec79730 400fabb0 40353fa0 4016cf9c 400fadf6  ...@.?5@...@...@
03-14 14:22:11.037   342   342 I DEBUG   : 
03-14 14:22:11.037   342   342 I DEBUG   : code around pc:
03-14 14:22:11.037   342   342 I DEBUG   :     401079d8 ef000000 e8bd0090 e1b00000 512fff1e  ............../Q
