03-14 15:33:57.493   709  1219 I GpsLocationProvider: ELE   6,  1, 47, 26, 78, 33, 62,  6, 31, 20, 57, 17, 40, 43, 12, 16, 16, 59,
03-14 15:33:57.493   709  1219 I GpsLocationProvider: AZM 182,329,289,132,300, 45,136, 43, 95,272,  4, 50,274,312,106, 53,174,217,
03-14 15:33:58.464   709  1219 I GpsLocationProvider: sv count: 18 usedMask: 0 ephemerisMask: 264081d4 almanacMask: 264081d4
03-14 15:33:58.494   709  1219 I GpsLocationProvider: PRN   3,  5,  7,  8,  9, 16, 23, 26, 27, 30, 74, 73, 75, 65, 84, 83, 71, 72,
03-14 15:33:58.494   709  1219 I GpsLocationProvider: SNR   0,  0,  0,  0,  0,  0,  0,  0,  0,  0,  0,  0,  0,  0,  0,  0,  0,  0,
03-14 15:33:58.494   709  1219 I GpsLocationProvider: ELE   6,  1, 47, 26, 78, 33, 62,  6, 31, 20, 57, 17, 40, 43, 12, 16, 16, 59,
03-14 15:33:58.494   709  1219 I GpsLocationProvider: AZM 182,329,289,132,300, 45,136, 43, 95,272,  4, 50,274,312,106, 53,174,217,
03-14 15:33:59.475   709  1219 I GpsLocationProvider: sv count: 18 usedMask: 0 ephemerisMask: 264081d4 almanacMask: 264081d4
03-14 15:33:59.495   709  1219 I GpsLocationProvider: PRN   3,  5,  7,  8,  9, 16, 23, 26, 27, 30, 74, 73, 75, 65, 84, 83, 71, 72,
03-14 15:33:59.495   709  1219 I GpsLocationProvider: SNR   0,  0,  0,  0,  0,  0,  0,  0,  0,  0,  0,  0,  0,  0,  0,  0,  0,  0,
03-14 15:33:59.495   709  1219 I GpsLocationProvider: ELE   6,  1, 47, 26, 78, 33, 62,  6, 31, 20, 57, 17, 40, 43, 12, 16, 16, 59,
03-14 15:33:59.495   709  1219 I GpsLocationProvider: AZM 182,329,289,132,300, 45,136, 43, 95,272,  4, 50,274,312,106, 53,174,217,
03-14 15:33:59.995   709   778 V AlarmManager: sending alarm Alarm{42e17fb0 type 3 android}
03-14 15:34:00.466   709  1219 I GpsLocationProvider: sv count: 18 usedMask: 0 ephemerisMask: 264081d4 almanacMask: 264081d4
03-14 15:34:00.496   709  1219 I GpsLocationProvider: PRN   3,  5,  7,  8,  9, 16, 23, 26, 27, 30, 74, 73, 75, 65, 84, 83, 71, 72,
03-14 15:34:00.496   709  1219 I GpsLocationProvider: SNR   0,  0,  0,  0,  0,  0,  0,  0,  0,  0,  0,  0,  0,  0,  0,  0,  0,  0,
03-14 15:34:00.496   709  1219 I GpsLocationProvider: ELE   6,  1, 47, 26, 78, 33, 62,  6, 31, 20, 57, 17, 40, 43, 12, 16, 16, 59,
03-14 15:34:00.496   709  1219 I GpsLocationProvider: AZM 182,329,289,132,300, 45,136, 43, 95,272,  4, 50,274,312,106, 53,174,217,
03-14 15:34:01.467   709  1219 I GpsLocationProvider: sv count: 18 usedMask: 0 ephemerisMask: 264081d4 almanacMask: 264081d4
03-14 15:34:01.497   709  1219 I GpsLocationProvider: PRN   3,  5,  7,  8,  9, 16, 23, 26, 27, 30, 74, 73, 75, 65, 84, 83, 71, 72,
03-14 15:34:01.497   709  1219 I GpsLocationProvider: SNR   0,  0,  0,  0,  0,  0,  0,  0,  0,  0,  0,  0,  0,  0,  0,  0,  0,  0,
03-14 15:34:01.497   709  1219 I GpsLocationProvider: ELE   6,  1, 47, 26, 78, 33, 62,  6, 31, 20, 57, 17, 40, 43, 12, 16, 16, 59,
03-14 15:34:01.497   709  1219 I GpsLocationProvider: AZM 182,329,289,132,300, 45,136, 43, 95,272,  4, 50,274,312,106, 53,174,217,
03-14 15:34:02.458   709  1219 I GpsLocationProvider: sv count: 18 usedMask: 0 ephemerisMask: 264081d4 almanacMask: 264081d4
03-14 15:34:02.488   709  1219 I GpsLocationProvider: PRN   3,  5,  7,  8,  9, 16, 23, 26, 27, 30, 74, 73, 75, 65, 84, 83, 71, 72,
03-14 15:34:02.488   709  1219 I GpsLocationProvider: SNR   0,  0,  0,  0,  0,  0,  0,  0,  0,  0,  0,  0,  0,  0,  0,  0,  0,  0,
03-14 15:34:02.488   709  1219 I GpsLocationProvider: ELE   6,  1, 47, 26, 78, 33, 62,  6, 31, 20, 57, 17, 40, 43, 12, 16, 16, 59,
03-14 15:34:02.488   709  1219 I GpsLocationProvider: AZM 182,329,289,132,300, 45,136, 43, 95,272,  4, 50,274,312,106, 53,174,217,
03-14 15:34:03.459   709  1219 I GpsLocationProvider: sv count: 18 usedMask: 0 ephemerisMask: 264081d4 almanacMask: 264081d4
03-14 15:34:03.489   709  1219 I GpsLocationProvider: PRN   3,  5,  7,  8,  9, 16, 23, 26, 27, 30, 74, 73, 75, 65, 84, 83, 71, 72,
03-14 15:34:03.489   709  1219 I GpsLocationProvider: SNR   0,  0,  0,  0,  0,  0,  0,  0,  0,  0,  0,  0,  0,  0,  0,  0,  0,  0,
03-14 15:34:03.489   709  1219 I GpsLocationProvider: ELE   6,  1, 47, 26, 78, 33, 62,  6, 31, 20, 57, 17, 40, 43, 12, 16, 16, 59,
03-14 15:34:03.489   709  1219 I GpsLocationProvider: AZM 182,329,289,132,300, 45,136, 43, 95,272,  4, 50,274,312,106, 53,174,217,
03-14 15:34:04.140   709   778 V AlarmManager: sending alarm Alarm{4200de50 type 2 com.google.android.gms}
03-14 15:34:04.150   709  7334 D GpsLocationProvider: updateCriteria with action: 2minTime 0 minDistance 0.0 singleShot false criteria: null
03-14 15:34:04.150   709  7334 D GpsLocationProvider: JNI:Inupdate_criteria: action:2, minTime:0, minDistance:0.000000, singleShot:0, horizontalAccuracy:0, powerRequirement:0 
03-14 15:34:04.150   709  7334 D GpsLocationProvider: JNI:Inupdate_criteria: After translation action:2, minTime:0, minDistance:0.000000, singleShot:0, horizontalAccuracy:0, powerRequirement:0 
03-14 15:34:04.150   709  7334 D GpsLocationProvider: JNI:Inupdate_criteria:Before call to interface->update_criteria(native_criteria)
03-14 15:34:04.160   709  7334 I LocationManagerService: Stopped, Location UpdateRecord for com.google.uid.shared:10015, Provider: gps, MinTime: 0, MinDistance: 0.0, SingleShot: false, Receiver: Receiver{420bb0e8 Listener android.os.BinderProxy@420be200}mUpdateRecords: {gps=UpdateRecord{420ab458 mProvider: gps mUid: 10015}}
03-14 15:34:04.160   709  1170 D GpsLocationProvider: Gps MessageHandler. msg.what 9 msg.arg1:10015 msg.arg2: 0
03-14 15:34:04.160   709  1170 D GpsLocationProvider: Gps MessageHandler. msg.what 3 msg.arg1:0 msg.arg2: 0
03-14 15:34:04.160   709  1170 D GpsLocationProvider: In handleEnableLocationTrackingGps. enable false
03-14 15:34:04.160   709  1170 D GpsLocationProvider: stopNavigating s: false
03-14 15:34:04.160   709  1170 D GpsLocationProvider: stopNavigating: scount cleared.
03-14 15:34:04.160   709  7334 I LocationManagerService: remove gps (pid 1628), disabled
03-14 15:34:04.170   709  1137 I LocationManagerService: Started, Location UpdateRecord for com.google.uid.shared:10015, Provider: passive, MinTime: 0, MinDistance: 0.0, SingleShot: false, Receiver: Receiver{42ec5180 Listener android.os.BinderProxy@42ec5068}mUpdateRecords: {}
03-14 15:34:04.170   709  1219 V GpsLocationProvider: reportStatus status: 2
03-14 15:34:04.170   709  1219 D GpsLocationProvider: GPS_STATUS_SESSION_END
03-14 15:34:04.170   709  1219 D GpsLocationProvider: mSilentCnt: 0
03-14 15:34:04.170   709  1137 I LocationManagerService: request passive (pid 1628) 0 0
03-14 15:34:04.190   709   820 D WifiStateMachine: ConnectedState{ what=131073 when=0 arg1=2 }
03-14 15:34:04.190   709   820 D WifiStateMachine: L2ConnectedState{ what=131073 when=-1ms arg1=2 }
03-14 15:34:04.190   709   820 D WifiStateMachine: ConnectModeState{ what=131073 when=-1ms arg1=2 }
03-14 15:34:04.190   709   820 D WifiStateMachine: DriverStartedState{ what=131073 when=-2ms arg1=2 }
03-14 15:34:04.190   709   820 D WifiStateMachine: SupplicantStartedState{ what=131073 when=-2ms arg1=2 }
03-14 15:34:04.190   709   820 D WifiStateMachine: DefaultState{ what=131073 when=-5ms arg1=2 }
03-14 15:34:04.200   709   820 D WifiStateMachine: ConnectedState{ what=131083 when=-9ms }
03-14 15:34:04.200   709   820 D WifiStateMachine: L2ConnectedState{ what=131083 when=-10ms }
03-14 15:34:04.200   709   820 D WifiStateMachine: ConnectModeState{ what=131083 when=-10ms }
03-14 15:34:04.200   709   820 D WifiStateMachine: DriverStartedState{ what=131083 when=-10ms }
03-14 15:34:04.200   709   820 D WifiStateMachine: SupplicantStartedState{ what=131083 when=-11ms }
03-14 15:34:04.200   709   820 D WifiStateMachine: DefaultState{ what=131083 when=-11ms }
03-14 15:34:04.200   709   820 D WifiStateMachine: ConnectedState{ what=131144 when=-11ms arg1=1 }
03-14 15:34:04.200   709   820 D WifiStateMachine: L2ConnectedState{ what=131144 when=-11ms arg1=1 }
03-14 15:34:04.200   709   820 D WifiStateMachine: ConnectedState{ what=131085 when=-14ms }
03-14 15:34:04.200   709   820 D WifiStateMachine: L2ConnectedState{ what=131085 when=-14ms }
03-14 15:34:04.200   709   820 D WifiStateMachine: ConnectModeState{ what=131085 when=-14ms }
03-14 15:34:04.200   709   820 D WifiStateMachine: DriverStartedState{ what=131085 when=-15ms }
03-14 15:34:04.200   709   820 D WifiStateMachine: ConnectedState{ what=131149 when=-15ms }
03-14 15:34:04.200   709   820 D WifiStateMachine: L2ConnectedState{ what=131149 when=-15ms }
03-14 15:34:04.200   709   820 D WifiStateMachine: ConnectModeState{ what=131149 when=-15ms }
03-14 15:34:04.210   709   820 D WifiStateMachine: DriverStartedState{ what=131149 when=-16ms }
03-14 15:34:04.220   709  1219 V GpsLocationProvider: reportStatus status: 4
03-14 15:34:04.220   709  1219 D GpsLocationProvider: GPS_STATUS_ENGINE_OFF
03-14 15:34:17.684   709   780 D SensorManager: caller of registerListener:709,sensor type:5
03-14 15:34:17.684   555   555 I Sensors : sns_pwr.c(521):sns_pwr_on: vote 0x1, g_vote_mask 0x0, fd: 11
03-14 15:34:17.684   555   555 I Sensors : sns_pwr.c(532):Sent ON ioctl
03-14 15:34:17.684   709   780 E MotoSensors: CT406 set ALS poll interval: 200
03-14 15:34:17.684   709   780 E qcom_sensors_hal: _hal_sensors_set_delay: max_freq = 0. unsupported sensor? handle:22
03-14 15:34:17.684   709   780 E MotoSensors: CT406 set ALS poll interval: 1000
03-14 15:34:17.684   709   780 E qcom_sensors_hal: _hal_sensors_set_delay: max_freq = 0. unsupported sensor? handle:22
03-14 15:34:17.724  1519  1519 I Launcher: onPanelScrollEnd: WORKSPACE nextState=WORKSPACE finalPage=1
03-14 15:34:17.774   709   777 I lights  : KPD: color=0xff000000, value=0, mode=user, override=0
03-14 15:34:17.834  1001  1001 D ModemStatsService: receive intent android.intent.action.SCREEN_ON
03-14 15:34:17.834   709   776 I lights  : LCD:   1, scaled to   1, sensor
03-14 15:34:17.834  1001  1001 D ModemStatsService: handleDisplayOn, display on = true
03-14 15:34:17.834   709   725 D CBSLoader: loading com.motorola.android.cbs.sprint.dynamic.RemoteLockScreen in /system/app/SprintCBS.apk
03-14 15:34:17.834   709   776 I lights  : LCD:   2, scaled to   2, sensor
03-14 15:34:17.834   709   780 I WindowManager: Lock screen displayed!
03-14 15:34:17.834   709   725 W InputMethodManagerService: Got RemoteException sending setActive(false) notification to pid 31578 uid 10117
03-14 15:34:17.844   344   506 I Adreno200-EGLSUB: <CreateImage:897>: Android Image
03-14 15:34:17.844   344   506 I Adreno200-EGLSUB: <GetImageAttributes:1106>: RGBA_8888
03-14 15:34:17.844   709   821 D sensorhub: algo->id = 0
03-14 15:34:17.844   709   821 D sensorhub: Enable
03-14 15:34:17.844   709   821 D sensorhub: send_enable_req - 1 - 150
03-14 15:34:17.844   555   617 I Sensors : sns_pwr.c(245):acquiring wakelock
03-14 15:34:17.844   709   722 D sensorhub: hdr.service_number: 30
03-14 15:34:17.844   709   722 D sensorhub: 	hdr.msg_id: 2
03-14 15:34:17.844   709   722 D sensorhub: 	hdr.msg_type: 1
03-14 15:34:17.844   709   722 D sensorhub: 	hdr.msg_size: 3
03-14 15:34:17.844   709   722 D sensorhub: 	hdr.txn_id: 1
03-14 15:34:17.844   709   722 D sensorhub: Got ENABLE response, status = 0, id = 0
03-14 15:34:17.854   709   820 D WifiStateMachine: ConnectedState{ what=131073 when=0 arg1=2 }
03-14 15:34:17.854   709   820 D WifiStateMachine: L2ConnectedState{ what=131073 when=0 arg1=2 }
03-14 15:34:17.854   709   820 D WifiStateMachine: ConnectModeState{ what=131073 when=0 arg1=2 }
03-14 15:34:17.854   709   820 D WifiStateMachine: DriverStartedState{ what=131073 when=-1ms arg1=2 }
03-14 15:34:17.854   709   820 D WifiStateMachine: SupplicantStartedState{ what=131073 when=-1ms arg1=2 }
03-14 15:34:17.854   709   776 I lights  : LCD:   3, scaled to   3, sensor
03-14 15:34:17.854   709   820 D WifiStateMachine: DefaultState{ what=131073 when=-2ms arg1=2 }
03-14 15:34:17.854   709   820 D WifiStateMachine: ConnectedState{ what=131083 when=-3ms }
03-14 15:34:17.854   709   820 D WifiStateMachine: L2ConnectedState{ what=131083 when=-3ms }
03-14 15:34:17.854   709   820 D WifiStateMachine: ConnectModeState{ what=131083 when=-3ms }
03-14 15:34:17.854   709   820 D WifiStateMachine: DriverStartedState{ what=131083 when=-3ms }
03-14 15:34:17.854   709   820 D WifiStateMachine: SupplicantStartedState{ what=131083 when=-4ms }
03-14 15:34:17.854   709   820 D WifiStateMachine: DefaultState{ what=131083 when=-4ms }
03-14 15:34:17.854   709   820 D WifiStateMachine: ConnectedState{ what=131144 when=-4ms arg1=1 }
03-14 15:34:17.854   709   820 D WifiStateMachine: L2ConnectedState{ what=131144 when=-4ms arg1=1 }
03-14 15:34:17.854   857   857 I SBar.NetworkController: refreshSignalCluster: wifi: mWifiConnected=true Wifi=stat_sys_wifi_signal_4_fully Activity=stat_sys_wifi_inout Accessibility="Wi-Fi three bars."
03-14 15:34:17.854   857   857 I SBar.NetworkController: refreshSignalCluster: mobile: Signal=zz_moto_stat_sys_signal_6bar_2 Roaming=(none) mSimIconId=(none) Accessibility="Phone two bars.","Not roaming.",""
03-14 15:34:17.854   857   857 I SBar.NetworkController: refreshSignalCluster: mobile: mHasMobileDataFeature=true DataTypeShown=(none) Activity=(none) Accessibility="3G"
03-14 15:34:17.864   709   820 D WifiStateMachine: ConnectedState{ what=131085 when=-5ms }
03-14 15:34:17.864   709   820 D WifiStateMachine: L2ConnectedState{ what=131085 when=-5ms }
03-14 15:34:17.864   709   820 D WifiStateMachine: ConnectModeState{ what=131085 when=-5ms }
03-14 15:34:17.864   709   820 D WifiStateMachine: DriverStartedState{ what=131085 when=-5ms }
03-14 15:34:17.864   709   820 D WifiStateMachine: ConnectedState{ what=131149 when=-6ms }
03-14 15:34:17.864   709   820 D WifiStateMachine: L2ConnectedState{ what=131149 when=-6ms }
03-14 15:34:17.864   709   820 D WifiStateMachine: ConnectModeState{ what=131149 when=-6ms }
03-14 15:34:17.864   709   820 D WifiStateMachine: DriverStartedState{ what=131149 when=-6ms }
03-14 15:34:17.864   347   658 D AudioHardwareALSA: setParameters() screen_state=on
03-14 15:34:17.874   709   776 I lights  : LCD:  12, scaled to  12, sensor
03-14 15:34:17.874   709   820 D WifiStateMachine: ConnectedState{ what=131154 when=0 arg1=1 }
03-14 15:34:17.874   709   820 D WifiStateMachine: L2ConnectedState{ what=131154 when=0 arg1=1 }
03-14 15:34:17.874   709   820 D wifi    : doString: SIGNAL_POLL
03-14 15:34:17.884   709   820 D WifiStateMachine: ConnectedState{ what=131163 when=0 }
03-14 15:34:17.884   709   820 D WifiStateMachine: L2ConnectedState{ what=131163 when=0 }
03-14 15:34:17.884   709   820 D WifiStateMachine: ConnectModeState{ what=131163 when=0 }
03-14 15:34:17.884   709   820 D WifiStateMachine: DriverStartedState{ what=131163 when=0 }
03-14 15:34:17.884   709   820 D WifiStateMachine: SupplicantStartedState{ what=131163 when=0 }
03-14 15:34:17.884   709   820 D WifiStateMachine: DefaultState{ what=131163 when=-1ms }
03-14 15:34:17.884   709   820 D WifiStateMachine: ConnectedState{ what=131127 when=0 }
03-14 15:34:17.884   709   820 D WifiStateMachine: L2ConnectedState{ what=131127 when=0 }
03-14 15:34:17.884   709   820 D WifiStateMachine: ConnectModeState{ what=131127 when=0 }
03-14 15:34:17.884   709   820 D WifiStateMachine: DriverStartedState{ what=131127 when=0 }
03-14 15:34:17.884   709   820 D WifiStateMachine: SupplicantStartedState{ what=131127 when=0 }
03-14 15:34:17.884   709   820 D WifiStateMachine: ConnectedState{ what=131159 when=-1ms }
03-14 15:34:17.884   709   820 D WifiStateMachine: L2ConnectedState{ what=131159 when=-1ms }
03-14 15:34:17.884   709   820 D WifiStateMachine: ConnectModeState{ what=131159 when=-1ms }
03-14 15:34:17.884   344   506 I Adreno200-EGLSUB: <CreateImage:897>: Android Image
03-14 15:34:17.884   344   506 I Adreno200-EGLSUB: <GetImageAttributes:1106>: RGBA_8888
03-14 15:34:17.884   709   820 D WifiStateMachine: DriverStartedState{ what=131159 when=-1ms }
03-14 15:34:17.884   709   820 D wifi    : doBoolean: DRIVER SETSUSPENDMODE 0
03-14 15:34:17.884   709   776 I lights  : LCD:  23, scaled to  23, sensor
03-14 15:34:17.894   966   966 D SensorManager: caller of unregisterListener:966,sensor type: ALL
03-14 15:34:17.905   709   776 I lights  : LCD:  33, scaled to  33, sensor
03-14 15:34:17.925   709   776 I lights  : LCD:  36, scaled to  36, sensor
03-14 15:34:17.925  1001  1001 D ModemStatsService: onSignalStrengthsChanged
03-14 15:34:17.925  1001  1001 D ModemStatsService: CDMA, mRssi=-100, mEcio=-80
03-14 15:34:17.945  1046  4931 W NfcService: applyRouting() cannot config! isNfcEnabled(): false
03-14 15:34:17.945   857   857 I SBar.NetworkController: onSignalStrengthsChanged SignalStrength: 99 0 -100 -80 -120 -1 -1 99 2147483647 2147483647 2147483647 2147483647 cdma 0 0 0 false 0 0 2 0 0 1 99 0 6 6 6 6 6 5 5 0 level=2
03-14 15:34:17.975   344   506 I Adreno200-EGLSUB: <CreateImage:897>: Android Image
03-14 15:34:17.985   344   643 D SurfaceFlinger: Screen about to return, flinger = 0x41369088
03-14 15:34:17.985   344   506 I Adreno200-EGLSUB: <GetImageAttributes:1106>: RGBA_8888
03-14 15:34:17.995   344   506 I Adreno200-EGLSUB: <CreateImage:897>: Android Image
03-14 15:34:17.995   344   506 I Adreno200-EGLSUB: <GetImageAttributes:1106>: RGBA_8888
03-14 15:34:18.015   344   506 I Adreno200-EGLSUB: <CreateImage:897>: Android Image
03-14 15:34:18.015   344   506 I Adreno200-EGLSUB: <GetImageAttributes:1106>: RGBA_8888
03-14 15:34:18.045  1519  1519 D ImageView3DMsgHandler: start onHandleMessage : 4
03-14 15:34:18.045  1519  1519 D ImageView3DMsgHandler: start  decodeStream 
03-14 15:34:18.055  1519  1519 D ImageView3DMsgHandler: end  decodeStream 
03-14 15:34:18.055  1519  1519 D ImageView3DMsgHandler: end onHandleMessage : 4
03-14 15:34:18.065  1519  1519 D ImageView3DMsgHandler: start onHandleMessage : 9
03-14 15:34:18.065  1519  1519 D ImageView3DMsgHandler: end onHandleMessage : 9
03-14 15:34:18.075  2575  2575 D WeatherServiceReceiver: onReceive Intent { act=android.intent.action.SCREEN_ON flg=0x50000010 }
03-14 15:34:18.105  2575  2575 D WeatherHelperService: onStartCommand: Intent { act=android.intent.action.SCREEN_ON flg=0x50000010 cmp=com.motorola.blur.weather/.service.WeatherHelperService }
03-14 15:34:18.105  2575  2575 I WeatherService: onStartCommand action: android.intent.action.SCREEN_ON
03-14 15:34:18.115  2575  3887 D WeatherService: Screen ON notification
03-14 15:34:18.115  2575  3887 D WeatherService: updateTopLevelLocation
03-14 15:34:18.115  2575  3887 D WeatherUtil: *** anyLocationProviderEnabled
03-14 15:34:18.155  2575  3887 D WeatherUtil: Found location provider network
03-14 15:34:18.165  2575  3887 I WeatherUtil: acquireLocation
03-14 15:34:18.165  2575  3887 I WeatherUtil: Screen on case, location data is fresh
03-14 15:34:18.165  2575  3887 D WeatherService: Location is fresh, just get the partial update for current location
03-14 15:34:18.165  2575  3887 D WeatherService: updateCurrentLocationForecast: Update the forecast using the latitude and longitude from the DB
03-14 15:34:18.165  2575  3887 D WeatherService: current location forecast not present
03-14 15:34:18.165  2575  3887 I WeatherService: Empty cursor nothing to update
03-14 15:34:18.185  1094  1096 D dalvikvm: GC_CONCURRENT freed 1554K, 48% free 8827K/16963K, paused 22ms+4ms, total 90ms
03-14 15:34:18.205   977   979 D dalvikvm: GC_CONCURRENT freed 1674K, 48% free 8968K/16963K, paused 14ms+20ms, total 92ms
03-14 15:34:19.196   709   780 I RunwayLauncher: dispatchGrabbedEvent whichHandle2
03-14 15:34:19.276   709   780 I RunwayLauncher: dispatchGrabbedEvent whichHandle2
03-14 15:34:19.286   709   780 I RunwayLauncher: dispatchTriggerEvent whichHandle2
03-14 15:34:19.306   709   780 D CBSLoader: loading com.motorola.android.cbs.sprint.dynamic.RemoteLockScreen in /system/app/SprintCBS.apk
03-14 15:34:19.316   347   347 D AudioFlinger: createTrack pid = 709
03-14 15:34:19.316   347   347 D AudioFlinger: createTrack END
03-14 15:34:19.316   347   657 D AudioFlinger: MixerThread::checkForNewParameters_l()
03-14 15:34:19.316   347   657 D MmiEffectsBundle: Calling SuperAPI parser with accy=8, config=27
03-14 15:34:19.316   347   657 D ALSAStreamOps: setParameters(): keyRouting with device 2
03-14 15:34:19.316   347   657 D ALSAModule: s_route: devices 0x2 in mode 0
03-14 15:34:19.316   347   657 D ALSAControl: ALSAControl: ctor device /dev/snd/controlC0
03-14 15:34:19.326   347   657 D ALSAModule: No valid input device: 0
03-14 15:34:19.326   347   657 D alsa_ucm: snd_use_case_set(): uc_mgr 0x413c5fb8 identifier _enadev value Speaker
03-14 15:34:19.326   347   657 D ALSAModule: switchDevice: curTxUCMDevivce None curRxDevDevice Speaker
03-14 15:34:19.326   347   657 D ALSAControl: set:: name EMU Antipop value 0 index -1
03-14 15:34:19.326   347   657 D ALSAModule: switchDevice: Set EMU antipop 0
03-14 15:34:19.326   347   657 D AudioFlinger: MixerThread::checkForNewParameters_l() END
03-14 15:34:19.346   555   616 I Sensors : sns_pwr.c(273):releasing wakelock
03-14 15:34:19.356   347   656 D ALSAModule: s_route: devices 0x2 in mode 0
03-14 15:34:19.356   347   656 D ALSAControl: ALSAControl: ctor device /dev/snd/controlC0
03-14 15:34:19.356   347   656 D ALSAModule: No valid input device: 0
03-14 15:34:19.356   347   656 D alsa_ucm: snd_use_case_set(): uc_mgr 0x413c5fb8 identifier _enadev value Speaker
03-14 15:34:19.356   347   656 D ALSAModule: switchDevice: curTxUCMDevivce None curRxDevDevice Speaker
03-14 15:34:19.356   347   656 D ALSAControl: set:: name EMU Antipop value 0 index -1
03-14 15:34:19.356   347   656 D ALSAModule: switchDevice: Set EMU antipop 0
03-14 15:34:19.356   347   656 D alsa_ucm: snd_use_case_set(): uc_mgr 0x413c5fb8 identifier _verb value HiFi
03-14 15:34:19.356   347   656 D alsa_ucm: Set mixer controls for Speaker enable 1
03-14 15:34:19.356   347   656 D alsa_ucm: acdb_id 14 cap 1 enable 1
03-14 15:34:19.356   347   656 D alsa_ucm: Setting mixer control: SLIM_0_RX Channels, value: One
03-14 15:34:19.356   347   656 D alsa_ucm: Setting mixer control: RX3 MIX1 INP1, value: RX1
03-14 15:34:19.366   347   656 D alsa_ucm: Setting mixer control: RX4 DSM MUX, value: DSM_INV
03-14 15:34:19.376   347   656 D alsa_ucm: Setting mixer control: LINEOUT1 Volume, value: 14
03-14 15:34:19.376   347   656 D alsa_ucm: Setting mixer control: LINEOUT3 Volume, value: 14
03-14 15:34:19.376   347   656 D alsa_ucm: Set mixer controls for HiFi enable 1
03-14 15:34:19.376   347   656 D alsa_ucm: Setting mixer control: SLIMBUS_0_RX Audio Mixer MultiMedia1, value: 1
03-14 15:34:19.376   347   656 D ALSAModule: s_close: handle 0x410ea3e0 h 0x0
03-14 15:34:19.376   347   656 D ALSAModule: s_open: handle 0x410ea3e0
03-14 15:34:19.376   347   656 D ALSAModule: Device value returned is hw:0,0
03-14 15:34:19.376  1519  1519 I Launcher: onResume
03-14 15:34:19.376   347   656 D ALSAModule: setHardwareParams: reqBuffSize 2048 channels 2 sampleRate 44100
03-14 15:34:19.376   344   506 I Adreno200-EGLSUB: <CreateImage:897>: Android Image
03-14 15:34:19.376   344   506 I Adreno200-EGLSUB: <GetImageAttributes:1106>: RGBA_8888
03-14 15:34:19.376   857   857 D PhoneStatusBar: disable: < expand icons alerts ticker system_info BACK HOME recent* CLOCK >
03-14 15:34:19.386   347   656 D ALSAModule: setHardwareParams: buffer_size 16384, period_size 2048, period_cnt 8
03-14 15:34:19.386  1519  1519 D LauncherAppWidgetHost: checkForConfig returning false: {1.0 310mcc120mnc en_US sw360dp w360dp h566dp nrml port finger qwerty/v/h dpad/v s.17}
03-14 15:34:19.396 31473 31493 V MtpService: TimerTask.run(): mReason=1
03-14 15:34:19.396  1046  1132 W NfcService: applyRouting() cannot config! isNfcEnabled(): false
03-14 15:34:19.406   709   776 I lights  : LCD:  37, scaled to  37, sensor
03-14 15:34:19.426   709   776 I lights  : LCD:  38, scaled to  38, sensor
03-14 15:34:19.426   857   857 D PhoneStatusBar: disable: < expand icons alerts ticker system_info back* home* recent clock* >
03-14 15:34:19.436   709  1040 W InputMethodManagerService: Got RemoteException sending setActive(false) notification to pid 31578 uid 10117
03-14 15:34:19.446   709   776 I lights  : LCD:  55, scaled to  55, sensor
03-14 15:34:19.456   709   776 I lights  : LCD:  72, scaled to  72, sensor
03-14 15:34:19.476   709   776 I lights  : LCD:  90, scaled to  90, sensor
03-14 15:34:19.496   709  1042 D CBSLoader: loading com.motorola.android.cbs.sprint.dynamic.RemoteLockScreen in /system/app/SprintCBS.apk
03-14 15:34:19.496   709   776 I lights  : LCD: 100, scaled to 100, sensor
03-14 15:34:19.957  1519  1519 D ImageView3DMsgHandler: start onHandleMessage : 4
03-14 15:34:19.957  1519  1519 D ImageView3DMsgHandler: start  decodeStream 
03-14 15:34:19.967  1519  1519 D ImageView3DMsgHandler: end  decodeStream 
03-14 15:34:19.967  1519  1519 D ImageView3DMsgHandler: end onHandleMessage : 4
03-14 15:34:19.967  1519  1519 D ImageView3DMsgHandler: start onHandleMessage : 9
03-14 15:34:19.967  1519  1519 D ImageView3DMsgHandler: end onHandleMessage : 9
03-14 15:34:20.878   709   820 D WifiStateMachine: ConnectedState{ what=131155 when=-4ms arg1=87 }
03-14 15:34:20.878   709   820 D WifiStateMachine: L2ConnectedState{ what=131155 when=-4ms arg1=87 }
03-14 15:34:20.878   709   820 D wifi    : doString: SIGNAL_POLL
03-14 15:34:21.088  1628  2363 I PhenotypeFlagCommitter: Experiment Configs successfully retrieved for com.google.android.gms.playlog.uploader
03-14 15:34:21.098  1628  2363 I GoogleURLConnFactory: Using platform SSLCertificateSocketFactory
03-14 15:34:22.149  1628  1630 D dalvikvm: GC_CONCURRENT freed 4142K, 32% free 15878K/23239K, paused 13ms+51ms, total 130ms
03-14 15:34:22.329  1519  1519 I Workspace: changeState:NORMAL to:SMALL[0/3] progess=0.0 duration:300 origCurrPage=0 layoutScale=0.7 pageWidth=378 pageSpacing:5.0 layoutOffsetX=81 scrollX=0 currScroll=0
03-14 15:34:22.600   347   657 D AudioStreamOutALSA: standby
03-14 15:34:22.600   347   657 D ALSAModule: s_standby: handle 0x410ea3e0 h 0x0
03-14 15:34:22.600   347   657 E ALSAModule: s_standby handle h 0x410d53e8
03-14 15:34:22.800   347   657 D alsa_ucm: snd_use_case_set(): uc_mgr 0x413c5fb8 identifier _verb value Inactive
03-14 15:34:22.800   347   657 D alsa_ucm: Set mixer controls for HiFi enable 0
03-14 15:34:22.800   347   657 D alsa_ucm: Setting mixer control: SLIMBUS_0_RX Audio Mixer MultiMedia1, value: 0
03-14 15:34:22.800   347   657 E ALSAModule: Number of modifiers 0
03-14 15:34:22.800   347   657 E ALSAModule: usecase_type is 0
03-14 15:34:22.800   347   657 D alsa_ucm: snd_use_case_set(): uc_mgr 0x413c5fb8 identifier _disdev value Speaker
03-14 15:34:22.800   347   657 D alsa_ucm: Set mixer controls for Speaker enable 0
03-14 15:34:22.800   347   657 D alsa_ucm: Setting mixer control: RX3 MIX1 INP1, value: ZERO
03-14 15:34:22.800   347   657 D alsa_ucm: Setting mixer control: RX4 DSM MUX, value: CIC_OUT
03-14 15:34:22.810   347   657 D alsa_ucm: Setting mixer control: LINEOUT1 Volume, value: 0
03-14 15:34:22.810   347   657 D alsa_ucm: Setting mixer control: LINEOUT3 Volume, value: 0
03-14 15:34:22.840   709   711 D dalvikvm: GC_CONCURRENT freed 3286K, 25% free 21579K/28423K, paused 4ms+9ms, total 142ms
03-14 15:34:23.901   709   820 D WifiStateMachine: ConnectedState{ what=131155 when=-3ms arg1=87 }
03-14 15:34:23.901   709   820 D WifiStateMachine: L2ConnectedState{ what=131155 when=-3ms arg1=87 }
03-14 15:34:23.901   709   820 D wifi    : doString: SIGNAL_POLL
03-14 15:34:24.211  1231  1231 V GLSActivity: AuthDelegateWrapperCreated with selected intent: Intent { cmp=com.google.android.gms/.auth.DefaultAuthDelegateService }
03-14 15:34:24.211  1231  1231 V GLSActivity: AuthDelegateWrapperCreated with selected intent: Intent { cmp=com.google.android.gms/.auth.DefaultAuthDelegateService }
03-14 15:34:24.441   709  1057 I ActivityManager: START {act=android.intent.action.MAIN cat=[android.intent.category.LAUNCHER] flg=0x10200000 cmp=cs240.benjamin.familymap/.MainActivity u=0} from pid 1519
03-14 15:34:24.482  1519  1519 I Launcher: onPause
03-14 15:34:24.492  2387  2387 D dalvikvm: Late-enabling CheckJNI
03-14 15:34:24.492   709  1049 I ActivityManager: Start proc cs240.benjamin.familymap for activity cs240.benjamin.familymap/.MainActivity: pid=2387 uid=10117 gids={3003, 1028}
03-14 15:34:24.532   344   506 I Adreno200-EGLSUB: <CreateImage:897>: Android Image
03-14 15:34:24.532   344   506 I Adreno200-EGLSUB: <GetImageAttributes:1106>: RGBA_8888
03-14 15:34:24.542  2387  2387 E Trace   : error opening trace file: Permission denied (13)
03-14 15:34:24.542  2387  2387 D ActivityThread: setTargetHeapUtilization:0.25
03-14 15:34:24.542  2387  2387 D ActivityThread: setTargetHeapIdealFree:8388608
03-14 15:34:24.542  2387  2387 D ActivityThread: setTargetHeapConcurrentStart:2097152
03-14 15:34:24.602  2411  2411 F libc    : Fatal signal 13 (SIGPIPE) at 0x0000096b (code=0), thread 2411 (sh)
03-14 15:34:24.622  2387  2387 E familyMainActivity: added loginfragment
03-14 15:34:24.622   709  1049 I ActivityManager: START {act=android.intent.action.MAIN cat=[android.intent.category.LAUNCHER] flg=0x10200000 cmp=cs240.benjamin.familymap/.MainActivity u=0} from pid 1519
03-14 15:34:24.712   342   342 I DEBUG   : *** *** *** *** *** *** *** *** *** *** *** *** *** *** *** ***
03-14 15:34:24.712   342   342 I DEBUG   : Build fingerprint: 'motorola/XT897_us_spr/asanti_c:4.1.2/9.8.2Q-122_XT897_FFW-8/9:user/release-keys'
03-14 15:34:24.712   342   342 I DEBUG   : pid: 2411, tid: 2411, name: sh  >>> /system/bin/sh <<<
03-14 15:34:24.712   342   342 I DEBUG   : signal 13 (SIGPIPE), code -6 (?), fault addr --------
03-14 15:34:24.712   342   342 I DEBUG   :     r0 ffffffe0  r1 408fcfe0  r2 00000ff2  r3 00000000
03-14 15:34:24.712   342   342 I DEBUG   :     r4 00000000  r5 00000003  r6 408fcfbc  r7 00000004
03-14 15:34:24.712   342   342 I DEBUG   :     r8 408fcfe0  r9 408fcf30  sl 408fcfe0  fp 400c1cb8
03-14 15:34:24.712   342   342 I DEBUG   :     ip 400c5f40  sp bef4f710  lr 400ae501  pc 4012f9f8  cpsr 00000010
03-14 15:34:24.712   342   342 I DEBUG   :     d0  762f3a6e6962732f  d1  69622f726f646e65
03-14 15:34:24.712   342   342 I DEBUG   :     d2  65747379732f3a6e  d3  2f3a6e6962732f6d
03-14 15:34:24.712   342   342 I DEBUG   :     d4  0000000000000000  d5  0000000000000000
03-14 15:34:24.712   342   342 I DEBUG   :     d6  0000000000000000  d7  5fde4d2300000000
03-14 15:34:24.712   342   342 I DEBUG   :     d8  0000000000000000  d9  0000000000000000
03-14 15:34:24.712   342   342 I DEBUG   :     d10 0000000000000000  d11 0000000000000000
03-14 15:34:24.712   342   342 I DEBUG   :     d12 0000000000000000  d13 0000000000000000
03-14 15:34:24.712   342   342 I DEBUG   :     d14 0000000000000000  d15 0000000000000000
03-14 15:34:24.712   342   342 I DEBUG   :     d16 4150243d48544150  d17 6d6f63202e3a4854
03-14 15:34:24.712   342   342 I DEBUG   :     d18 6a2e6e6f6464612e  d19 747379732f3a7261
03-14 15:34:24.712   342   342 I DEBUG   :     d20 656d6172662f6d65  d21 6d6f632f6b726f77
03-14 15:34:24.712   342   342 I DEBUG   :     d22 6c6f726f746f6d2e  d23 696f72646e612e61
03-14 15:34:24.712   342   342 I DEBUG   :     d24 0000000000000000  d25 0000000000000000
03-14 15:34:24.712   342   342 I DEBUG   :     d26 0000000000000000  d27 0000000000000000
03-14 15:34:24.712   342   342 I DEBUG   :     d28 0000000000000000  d29 0000000000000000
03-14 15:34:24.712   342   342 I DEBUG   :     d30 0000000000000000  d31 0000000000000000
03-14 15:34:24.712   342   342 I DEBUG   :     scr 00000010
03-14 15:34:24.712   342   342 I DEBUG   : 
03-14 15:34:24.712   342   342 I DEBUG   : backtrace:
03-14 15:34:24.712   342   342 I DEBUG   :     #00  pc 0000c9f8  /system/lib/libc.so (write+12)
03-14 15:34:24.712   342   342 I DEBUG   :     #01  pc 0000e4fd  /system/bin/mksh
03-14 15:34:24.712   342   342 I DEBUG   : 
03-14 15:34:24.712   342   342 I DEBUG   : stack:
03-14 15:34:24.712   342   342 I DEBUG   :          bef4f6d0  0000100b  
03-14 15:34:24.712   342   342 I DEBUG   :          bef4f6d4  40138597  /system/lib/libc.so (dlmalloc+5322)
03-14 15:34:24.712   342   342 I DEBUG   :          bef4f6d8  00000000  
03-14 15:34:24.712   342   342 I DEBUG   :          bef4f6dc  00000004  
03-14 15:34:24.712   342   342 I DEBUG   :          bef4f6e0  408fcf90  [heap]
03-14 15:34:24.712   342   342 I DEBUG   :          bef4f6e4  40138597  /system/lib/libc.so (dlmalloc+5322)
03-14 15:34:24.712   342   342 I DEBUG   :          bef4f6e8  00000000  
03-14 15:34:24.712   342   342 I DEBUG   :          bef4f6ec  400c5eac  /system/bin/mksh
03-14 15:34:24.712   342   342 I DEBUG   :          bef4f6f0  408fcf28  [heap]
03-14 15:34:24.712   342   342 I DEBUG   :          bef4f6f4  400cacc4  
03-14 15:34:24.712   342   342 I DEBUG   :          bef4f6f8  00000000  
03-14 15:34:24.712   342   342 I DEBUG   :          bef4f6fc  408fcfe0  [heap]
03-14 15:34:24.712   342   342 I DEBUG   :          bef4f700  00000000  
03-14 15:34:24.712   342   342 I DEBUG   :          bef4f704  00000003  
03-14 15:34:24.712   342   342 I DEBUG   :          bef4f708  df0027ad  
03-14 15:34:24.712   342   342 I DEBUG   :          bef4f70c  00000000  
03-14 15:34:24.712   342   342 I DEBUG   :     #00  bef4f710  00000000  
03-14 15:34:24.712   342   342 I DEBUG   :          bef4f714  00000ff2  
03-14 15:34:24.712   342   342 I DEBUG   :     #01  bef4f718  408fcf28  [heap]
03-14 15:34:24.712   342   342 I DEBUG   :          bef4f71c  00013804  
03-14 15:34:24.712   342   342 I DEBUG   :          bef4f720  00000001  
03-14 15:34:24.712   342   342 I DEBUG   :          bef4f724  400c5eac  /system/bin/mksh
03-14 15:34:24.712   342   342 I DEBUG   :          bef4f728  400cad84  
03-14 15:34:24.712   342   342 I DEBUG   :          bef4f72c  400cad88  
03-14 15:34:24.712   342   342 I DEBUG   :          bef4f730  400cabb0  
03-14 15:34:24.712   342   342 I DEBUG   :          bef4f734  408fcf28  [heap]
03-14 15:34:24.712   342   342 I DEBUG   :          bef4f738  408f9f9c  [heap]
03-14 15:34:24.712   342   342 I DEBUG   :          bef4f73c  400cadf6  
03-14 15:34:24.712   342   342 I DEBUG   :          bef4f740  00000001  
03-14 15:34:24.712   342   342 I DEBUG   :          bef4f744  400ab5cd  /system/bin/mksh
03-14 15:34:24.712   342   342 I DEBUG   :          bef4f748  408fcf28  [heap]
03-14 15:34:24.712   342   342 I DEBUG   :          bef4f74c  0000001f  
03-14 15:34:24.712   342   342 I DEBUG   :          bef4f750  408fcfac  [heap]
03-14 15:34:24.712   342   342 I DEBUG   :          bef4f754  408fcb3c  [heap]
03-14 15:34:24.712   342   342 I DEBUG   : 
03-14 15:34:24.712   342   342 I DEBUG   : memory near r1:
03-14 15:34:24.712   342   342 I DEBUG   :     408fcfc0 656e2f63 74782f74 6174715f 64697567  c/net/xt_qtaguid
03-14 15:34:24.712   342   342 I DEBUG   :     408fcfd0 6174732f 00007374 00000000 0000100b  /stats..........
03-14 15:34:24.712   342   342 I DEBUG   :     408fcfe0 20786469 63616669 63612065 745f7463  idx iface acct_t
03-14 15:34:24.712   342   342 I DEBUG   :     408fcff0 685f6761 75207865 745f6469 695f6761  ag_hex uid_tag_i
03-14 15:34:24.712   342   342 I DEBUG   :     408fd000 6320746e 735f746e 72207465 79625f78  nt cnt_set rx_by
03-14 15:34:24.712   342   342 I DEBUG   : 
03-14 15:34:24.712   342   342 I DEBUG   : memory near r6:
03-14 15:34:24.712   342   342 I DEBUG   :     408fcf9c 4016c5b4 00000010 00000012 00000000  ...@............
03-14 15:34:24.712   342   342 I DEBUG   :     408fcfac 00746163 00000000 0000002b 408fcfa8  cat.....+......@
03-14 15:34:24.712   342   342 I DEBUG   :     408fcfbc 6f72702f 656e2f63 74782f74 6174715f  /proc/net/xt_qta
03-14 15:34:24.712   342   342 I DEBUG   :     408fcfcc 64697567 6174732f 00007374 00000000  guid/stats......
03-14 15:34:24.712   342   342 I DEBUG   :     408fcfdc 0000100b 20786469 63616669 63612065  ....idx iface ac
03-14 15:34:24.712   342   342 I DEBUG   : 
03-14 15:34:24.712   342   342 I DEBUG   : memory near r8:
03-14 15:34:24.712   342   342 I DEBUG   :     408fcfc0 656e2f63 74782f74 6174715f 64697567  c/net/xt_qtaguid
03-14 15:34:24.712   342   342 I DEBUG   :     408fcfd0 6174732f 00007374 00000000 0000100b  /stats..........
03-14 15:34:24.712   342   342 I DEBUG   :     408fcfe0 20786469 63616669 63612065 745f7463  idx iface acct_t
03-14 15:34:24.712   342   342 I DEBUG   :     408fcff0 685f6761 75207865 745f6469 695f6761  ag_hex uid_tag_i
03-14 15:34:24.712   342   342 I DEBUG   :     408fd000 6320746e 735f746e 72207465 79625f78  nt cnt_set rx_by
03-14 15:34:24.712   342   342 I DEBUG   : 
03-14 15:34:24.712   342   342 I DEBUG   : memory near r9:
03-14 15:34:24.712   342   342 I DEBUG   :     408fcf10 00000000 00000004 00000000 0000001b  ................
03-14 15:34:24.712   342   342 I DEBUG   :     408fcf20 408fcfb8 00000000 408fcfac 408fcfbc  ...@.......@...@
03-14 15:34:24.712   342   342 I DEBUG   :     408fcf30 00000000 00000063 408fcf20 408fcbf8  ....c... ..@...@
03-14 15:34:24.712   342   342 I DEBUG   :     408fcf40 bef4fbbc 00000000 00000000 408f900c  ...............@
03-14 15:34:24.712   342   342 I DEBUG   :     408fcf50 408fcf3c 408fca6c 00000006 00000003  <..@l..@........
03-14 15:34:24.712   342   342 I DEBUG   : 
03-14 15:34:24.712   342   342 I DEBUG   : memory near sl:
03-14 15:34:24.712   342   342 I DEBUG   :     408fcfc0 656e2f63 74782f74 6174715f 64697567  c/net/xt_qtaguid
03-14 15:34:24.712   342   342 I DEBUG   :     408fcfd0 6174732f 00007374 00000000 0000100b  /stats..........
03-14 15:34:24.712   342   342 I DEBUG   :     408fcfe0 20786469 63616669 63612065 745f7463  idx iface acct_t
03-14 15:34:24.712   342   342 I DEBUG   :     408fcff0 685f6761 75207865 745f6469 695f6761  ag_hex uid_tag_i
03-14 15:34:24.712   342   342 I DEBUG   :     408fd000 6320746e 735f746e 72207465 79625f78  nt cnt_set rx_by
03-14 15:34:24.712   342   342 I DEBUG   : 
03-14 15:34:24.712   342   342 I DEBUG   : memory near fp:
03-14 15:34:24.712   342   342 I DEBUG   :     400c1c98 27000a27 49005c00 22005346 27262423  '..'.\.IFS."#$&'
03-14 15:34:24.712   342   342 I DEBUG   :     400c1ca8 3a2a2928 3e3d3c3b 605c5b3f 007d7c7b  ()*:;<=>?[\`{|}.
03-14 15:34:24.712   342   342 I DEBUG   :     400c1cb8 203a7325 67007325 68626172 00747369  %s: %s.grabhist.
03-14 15:34:24.712   342   342 I DEBUG   :     400c1cc8 20646162 74736968 2079726f 61727261  bad history arra
03-14 15:34:24.712   342   342 I DEBUG   :     400c1cd8 20200079 25002020 64252073 20636600  y.    .%s %d.fc 
03-14 15:34:24.712   342   342 I DEBUG   : 
03-14 15:34:24.712   342   342 I DEBUG   : memory near ip:
03-14 15:34:24.712   342   342 I DEBUG   :     400c5f20 40130184 4013ca09 40145ba1 40130558  ...@...@.[.@X..@
03-14 15:34:24.712   342   342 I DEBUG   :     400c5f30 4012f5ec 4012f9d0 40131b68 4013a061  ...@...@h..@a..@
03-14 15:34:24.722   342   342 I DEBUG   :     400c5f40 4012f9ec 4013b8a5 4012f894 4013c935  ...@...@...@5..@
03-14 15:34:24.722   342   342 I DEBUG   :     400c5f50 401309a0 4013c96d 40130d6c 4013014c  ...@m..@l..@L..@
03-14 15:34:24.722   342   342 I DEBUG   :     400c5f60 4012f878 4012f85c 4012f678 40130340  x..@\..@x..@@..@
03-14 15:34:24.722   342   342 I DEBUG   : 
03-14 15:34:24.722   342   342 I DEBUG   : memory near sp:
03-14 15:34:24.722   342   342 I DEBUG   :     bef4f6f0 408fcf28 400cacc4 00000000 408fcfe0  (..@...@.......@
03-14 15:34:24.722   342   342 I DEBUG   :     bef4f700 00000000 00000003 df0027ad 00000000  .........'......
03-14 15:34:24.722   342   342 I DEBUG   :     bef4f710 00000000 00000ff2 408fcf28 00013804  ........(..@.8..
03-14 15:34:24.722   342   342 I DEBUG   :     bef4f720 00000001 400c5eac 400cad84 400cad88  .....^.@...@...@
03-14 15:34:24.722   342   342 I DEBUG   :     bef4f730 400cabb0 408fcf28 408f9f9c 400cadf6  ...@(..@...@...@
03-14 15:34:24.722   342   342 I DEBUG   : 
03-14 15:34:24.722   342   342 I DEBUG   : code around pc:
03-14 15:34:24.722   342   342 I DEBUG   :     4012f9d8 ef000000 e8bd0090 e1b00000 512fff1e  ............../Q
03-14 15:34:24.722   342   342 I DEBUG   :     4012f9e8 ea00b4ec e92d0090 e3a07004 ef000000  ......-..p......
03-14 15:34:24.722   342   342 I DEBUG   :     4012f9f8 e8bd0090 e1b00000 512fff1e ea00b4e5  ........../Q....
03-14 15:34:24.722   342   342 I DEBUG   :     4012fa08 e1a0c00d e92d00f0 e89c0070 e3a070b4  ......-.p....p..
03-14 15:34:24.722   342   342 I DEBUG   :     4012fa18 ef000000 e8bd00f0 e1b00000 512fff1e  ............../Q
03-14 15:34:24.722   342   342 I DEBUG   : 
03-14 15:34:24.722   342   342 I DEBUG   : code around lr:
03-14 15:34:24.722   342   342 I DEBUG   :     400ae4e0 f7f36800 4631ed6a 46584602 fe64f009  .h..j.1F.FXF..d.
03-14 15:34:24.722   342   342 I DEBUG   :     400ae4f0 b320e025 200146c2 463a4651 ed80f7f3  %. ..F. QF:F....
03-14 15:34:24.722   342   342 I DEBUG   :     400ae500 bf1c1c43 0707ebc0 d1154482 ed1ef7f3  C........D......
03-14 15:34:24.722   342   342 I DEBUG   :     400ae510 2a046802 f7f3d010 6800ed1a ed4cf7f3  .h.*.......h..L.
03-14 15:34:24.722   342   342 I DEBUG   :     400ae520 44794916 48164602 f0094478 b17dfe45  .IyD.F.HxD..E.}.
03-14 15:34:24.732   709   735 I BootReceiver: Copying /data/tombstones/tombstone_08 to DropBox (SYSTEM_TOMBSTONE)
03-14 15:34:24.762  2387  2387 D libEGL  : loaded /system/lib/egl/libEGL_adreno200.so
03-14 15:34:24.772  2387  2387 D libEGL  : loaded /system/lib/egl/libGLESv1_CM_adreno200.so
03-14 15:34:24.772  2387  2387 D libEGL  : loaded /system/lib/egl/libGLESv2_adreno200.so
03-14 15:34:24.782  2387  2387 I Adreno200-EGLSUB: <ConfigWindowMatch:2087>: Format RGBA_8888.
03-14 15:34:24.792  1001  1001 D ModemStatsService: receive intent android.intent.action.DROPBOX_ENTRY_ADDED
03-14 15:34:24.792  1001  1001 D ModemStatsService: receive intent, tagname is SYSTEM_TOMBSTONE time is 1457991264796 isMobileDataConnected : false
03-14 15:34:24.802  2387  2387 E         : <s3dReadConfigFile:75>: Can't open file for reading
03-14 15:34:24.802  2387  2387 E         : <s3dReadConfigFile:75>: Can't open file for reading
03-14 15:34:24.802  2387  2387 D OpenGLRenderer: Enabling debug mode 0
03-14 15:34:24.892   344   506 I Adreno200-EGLSUB: <CreateImage:897>: Android Image
03-14 15:34:24.892   344   506 I Adreno200-EGLSUB: <GetImageAttributes:1106>: RGBA_8888
03-14 15:34:24.892   709   779 I ActivityManager: Displayed cs240.benjamin.familymap/.MainActivity: +414ms
03-14 15:34:24.962 31604 31604 D DataOffloadReceiver: Received broadcast intentcom.motorola.blur.apps.ACTION_APP_LAUNCHED
03-14 15:34:24.962 31604 31604 D DataOffloadReceiver: Sprint offload flag =1
03-14 15:34:24.962 31604 31604 D DataOffloadReceiver: check if sprint timer expired
03-14 15:34:24.962 31604 31604 D DataOffloadReceiver: OptionClickedTime =1427741605118currentTime=97758441
03-14 15:34:24.962 31604 31604 D DataOffloadReceiver: Offload not required, ignore the intent
03-14 15:34:25.142  2429  2429 F libc    : Fatal signal 13 (SIGPIPE) at 0x0000097d (code=0), thread 2429 (sh)
03-14 15:34:25.162 31604 31604 D DataOffloadReceiver: Received broadcast intentcom.motorola.blur.apps.ACTION_APP_LAUNCHED
03-14 15:34:25.162 31604 31604 D DataOffloadReceiver: Sprint offload flag =1
03-14 15:34:25.162 31604 31604 D DataOffloadReceiver: check if sprint timer expired
03-14 15:34:25.162 31604 31604 D DataOffloadReceiver: OptionClickedTime =1427741605118currentTime=97758639
03-14 15:34:25.162 31604 31604 D DataOffloadReceiver: Offload not required, ignore the intent
03-14 15:34:25.242   342   342 I DEBUG   : *** *** *** *** *** *** *** *** *** *** *** *** *** *** *** ***
03-14 15:34:25.242   342   342 I DEBUG   : Build fingerprint: 'motorola/XT897_us_spr/asanti_c:4.1.2/9.8.2Q-122_XT897_FFW-8/9:user/release-keys'
03-14 15:34:25.242   342   342 I DEBUG   : pid: 2429, tid: 2429, name: sh  >>> /system/bin/sh <<<
03-14 15:34:25.242   342   342 I DEBUG   : signal 13 (SIGPIPE), code -6 (?), fault addr --------
03-14 15:34:25.242   342   342 I DEBUG   :     r0 ffffffe0  r1 4088cfe0  r2 00000ff2  r3 00000000
03-14 15:34:25.242   342   342 I DEBUG   :     r4 00000000  r5 00000003  r6 4088cfbc  r7 00000004
03-14 15:34:25.242   342   342 I DEBUG   :     r8 4088cfe0  r9 4088cf30  sl 4088cfe0  fp 400facb8
03-14 15:34:25.242   342   342 I DEBUG   :     ip 400fef40  sp bee2f710  lr 400e7501  pc 400449f8  cpsr 00000010
03-14 15:34:25.242   342   342 I DEBUG   :     d0  762f3a6e6962732f  d1  69622f726f646e65
03-14 15:34:25.242   342   342 I DEBUG   :     d2  65747379732f3a6e  d3  2f3a6e6962732f6d
03-14 15:34:25.242   342   342 I DEBUG   :     d4  0000000000000000  d5  0000000000000000
03-14 15:34:25.242   342   342 I DEBUG   :     d6  0000000000000000  d7  5fe6704600000000
03-14 15:34:25.242   342   342 I DEBUG   :     d8  0000000000000000  d9  0000000000000000
03-14 15:34:25.242   342   342 I DEBUG   :     d10 0000000000000000  d11 0000000000000000
03-14 15:34:25.242   342   342 I DEBUG   :     d12 0000000000000000  d13 0000000000000000
03-14 15:34:25.242   342   342 I DEBUG   :     d14 0000000000000000  d15 0000000000000000
03-14 15:34:25.242   342   342 I DEBUG   :     d16 4150243d48544150  d17 6d6f63202e3a4854
03-14 15:34:25.242   342   342 I DEBUG   :     d18 6a2e6e6f6464612e  d19 747379732f3a7261
03-14 15:34:25.242   342   342 I DEBUG   :     d20 656d6172662f6d65  d21 6d6f632f6b726f77
03-14 15:34:25.242   342   342 I DEBUG   :     d22 6c6f726f746f6d2e  d23 696f72646e612e61
03-14 15:34:25.242   342   342 I DEBUG   :     d24 0000000000000000  d25 0000000000000000
03-14 15:34:25.242   342   342 I DEBUG   :     d26 0000000000000000  d27 0000000000000000
03-14 15:34:25.242   342   342 I DEBUG   :     d28 0000000000000000  d29 0000000000000000
03-14 15:34:25.242   342   342 I DEBUG   :     d30 0000000000000000  d31 0000000000000000
03-14 15:34:25.242   342   342 I DEBUG   :     scr 00000010
03-14 15:34:25.242   342   342 I DEBUG   : 
03-14 15:34:25.242   342   342 I DEBUG   : backtrace:
03-14 15:34:25.242   342   342 I DEBUG   :     #00  pc 0000c9f8  /system/lib/libc.so (write+12)
03-14 15:34:25.242   342   342 I DEBUG   :     #01  pc 0000e4fd  /system/bin/mksh
03-14 15:34:25.242   342   342 I DEBUG   : 
03-14 15:34:25.242   342   342 I DEBUG   : stack:
03-14 15:34:25.242   342   342 I DEBUG   :          bee2f6d0  0000100b  
03-14 15:34:25.242   342   342 I DEBUG   :          bee2f6d4  4004d597  /system/lib/libc.so (dlmalloc+5322)
03-14 15:34:25.242   342   342 I DEBUG   :          bee2f6d8  00000000  
03-14 15:34:25.242   342   342 I DEBUG   :          bee2f6dc  00000004  
03-14 15:34:25.242   342   342 I DEBUG   :          bee2f6e0  4088cf90  [heap]
03-14 15:34:25.242   342   342 I DEBUG   :          bee2f6e4  4004d597  /system/lib/libc.so (dlmalloc+5322)
03-14 15:34:25.242   342   342 I DEBUG   :          bee2f6e8  00000000  
03-14 15:34:25.242   342   342 I DEBUG   :          bee2f6ec  400feeac  /system/bin/mksh
03-14 15:34:25.242   342   342 I DEBUG   :          bee2f6f0  4088cf28  [heap]
03-14 15:34:25.242   342   342 I DEBUG   :          bee2f6f4  40103cc4  
03-14 15:34:25.242   342   342 I DEBUG   :          bee2f6f8  00000000  
03-14 15:34:25.242   342   342 I DEBUG   :          bee2f6fc  4088cfe0  [heap]
03-14 15:34:25.242   342   342 I DEBUG   :          bee2f700  00000000  
03-14 15:34:25.242   342   342 I DEBUG   :          bee2f704  00000003  
03-14 15:34:25.242   342   342 I DEBUG   :          bee2f708  df0027ad  
03-14 15:34:25.242   342   342 I DEBUG   :          bee2f70c  00000000  
03-14 15:34:25.252   342   342 I DEBUG   :     #00  bee2f710  00000000  
03-14 15:34:25.252   342   342 I DEBUG   :          bee2f714  00000ff2  
03-14 15:34:25.252   342   342 I DEBUG   :     #01  bee2f718  4088cf28  [heap]
03-14 15:34:25.262   342   342 I DEBUG   :          bee2f71c  00013804  
03-14 15:34:25.262   342   342 I DEBUG   :          bee2f720  00000001  
03-14 15:34:25.262   342   342 I DEBUG   :          bee2f724  400feeac  /system/bin/mksh
03-14 15:34:25.262   342   342 I DEBUG   :          bee2f728  40103d84  
03-14 15:34:25.262   342   342 I DEBUG   :          bee2f72c  40103d88  
03-14 15:34:25.262   342   342 I DEBUG   :          bee2f730  40103bb0  
03-14 15:34:25.272   342   342 I DEBUG   :          bee2f734  4088cf28  [heap]
03-14 15:34:25.272   342   342 I DEBUG   :          bee2f738  40889f9c  [heap]
03-14 15:34:25.272   342   342 I DEBUG   :          bee2f73c  40103df6  
03-14 15:34:25.272   342   342 I DEBUG   :          bee2f740  00000001  
03-14 15:34:25.272   342   342 I DEBUG   :          bee2f744  400e45cd  /system/bin/mksh
03-14 15:34:25.272   342   342 I DEBUG   :          bee2f748  4088cf28  [heap]
03-14 15:34:25.272   342   342 I DEBUG   :          bee2f74c  0000001f  
03-14 15:34:25.272   342   342 I DEBUG   :          bee2f750  4088cfac  [heap]
03-14 15:34:25.272   342   342 I DEBUG   :          bee2f754  4088cb3c  [heap]
03-14 15:34:25.272   342   342 I DEBUG   : 
03-14 15:34:25.272   342   342 I DEBUG   : memory near r1:
03-14 15:34:25.272   342   342 I DEBUG   :     4088cfc0 656e2f63 74782f74 6174715f 64697567  c/net/xt_qtaguid
03-14 15:34:25.282   342   342 I DEBUG   :     4088cfd0 6174732f 00007374 00000000 0000100b  /stats..........
03-14 15:34:25.282   342   342 I DEBUG   :     4088cfe0 20786469 63616669 63612065 745f7463  idx iface acct_t
03-14 15:34:25.282   342   342 I DEBUG   :     4088cff0 685f6761 75207865 745f6469 695f6761  ag_hex uid_tag_i
03-14 15:34:25.282   342   342 I DEBUG   :     4088d000 6320746e 735f746e 72207465 79625f78  nt cnt_set rx_by
03-14 15:34:25.282   342   342 I DEBUG   : 
03-14 15:34:25.282   342   342 I DEBUG   : memory near r6:
03-14 15:34:25.282   342   342 I DEBUG   :     4088cf9c 400815b4 00000010 00000012 00000000  ...@............
03-14 15:34:25.282   342   342 I DEBUG   :     4088cfac 00746163 00000000 0000002b 4088cfa8  cat.....+......@
03-14 15:34:25.282   342   342 I DEBUG   :     4088cfbc 6f72702f 656e2f63 74782f74 6174715f  /proc/net/xt_qta
03-14 15:34:25.282   342   342 I DEBUG   :     4088cfcc 64697567 6174732f 00007374 00000000  guid/stats......
