03-14 15:30:26.938   342   342 I DEBUG   :     400adf30 401045ec 401049d0 40106b68 4010f061  .E.@.I.@hk.@a..@
03-14 15:30:26.938   342   342 I DEBUG   :     400adf40 401049ec 401108a5 40104894 40111935  .I.@...@.H.@5..@
03-14 15:30:26.938   342   342 I DEBUG   :     400adf50 401059a0 4011196d 40105d6c 4010514c  .Y.@m..@l].@LQ.@
03-14 15:30:26.938   342   342 I DEBUG   :     400adf60 40104878 4010485c 40104678 40105340  xH.@\H.@xF.@@S.@
03-14 15:30:26.938   342   342 I DEBUG   : 
03-14 15:30:26.938   342   342 I DEBUG   : memory near sp:
03-14 15:30:26.938   342   342 I DEBUG   :     bef8f6f0 40c37f28 400b2cc4 00000000 40c37fe0  (..@.,.@.......@
03-14 15:30:26.938   342   342 I DEBUG   :     bef8f700 00000000 00000003 df0027ad 00000000  .........'......
03-14 15:30:26.938   342   342 I DEBUG   :     bef8f710 00000000 00000ff1 40c37f28 00013804  ........(..@.8..
03-14 15:30:26.938   342   342 I DEBUG   :     bef8f720 00000001 400adeac 400b2d84 400b2d88  .......@.-.@.-.@
03-14 15:30:26.938   342   342 I DEBUG   :     bef8f730 400b2bb0 40c37f28 40c34f9c 400b2df6  .+.@(..@.O.@.-.@
03-14 15:30:26.938   342   342 I DEBUG   : 
03-14 15:30:26.938   342   342 I DEBUG   : code around pc:
03-14 15:30:26.938   342   342 I DEBUG   :     401049d8 ef000000 e8bd0090 e1b00000 512fff1e  ............../Q
03-14 15:30:26.938   342   342 I DEBUG   :     401049e8 ea00b4ec e92d0090 e3a07004 ef000000  ......-..p......
03-14 15:30:26.938   342   342 I DEBUG   :     401049f8 e8bd0090 e1b00000 512fff1e ea00b4e5  ........../Q....
03-14 15:30:26.938   342   342 I DEBUG   :     40104a08 e1a0c00d e92d00f0 e89c0070 e3a070b4  ......-.p....p..
03-14 15:30:26.938   342   342 I DEBUG   :     40104a18 ef000000 e8bd00f0 e1b00000 512fff1e  ............../Q
03-14 15:30:26.938   342   342 I DEBUG   : 
03-14 15:30:26.938   342   342 I DEBUG   : code around lr:
03-14 15:30:26.938   342   342 I DEBUG   :     400964e0 f7f36800 4631ed6a 46584602 fe64f009  .h..j.1F.FXF..d.
03-14 15:30:26.938   342   342 I DEBUG   :     400964f0 b320e025 200146c2 463a4651 ed80f7f3  %. ..F. QF:F....
03-14 15:30:26.938   342   342 I DEBUG   :     40096500 bf1c1c43 0707ebc0 d1154482 ed1ef7f3  C........D......
03-14 15:30:26.938   342   342 I DEBUG   :     40096510 2a046802 f7f3d010 6800ed1a ed4cf7f3  .h.*.......h..L.
03-14 15:30:26.938   342   342 I DEBUG   :     40096520 44794916 48164602 f0094478 b17dfe45  .IyD.F.HxD..E.}.
03-14 15:30:26.938   709   735 I BootReceiver: Copying /data/tombstones/tombstone_02 to DropBox (SYSTEM_TOMBSTONE)
03-14 15:30:26.968  1001  1001 D ModemStatsService: receive intent android.intent.action.DROPBOX_ENTRY_ADDED
03-14 15:30:26.968  1001  1001 D ModemStatsService: receive intent, tagname is SYSTEM_TOMBSTONE time is 1457991026980 isMobileDataConnected : false
03-14 15:30:27.479  2161  2161 F libc    : Fatal signal 13 (SIGPIPE) at 0x00000871 (code=0), thread 2161 (sh)
03-14 15:30:27.579   342   342 I DEBUG   : *** *** *** *** *** *** *** *** *** *** *** *** *** *** *** ***
03-14 15:30:27.579   342   342 I DEBUG   : Build fingerprint: 'motorola/XT897_us_spr/asanti_c:4.1.2/9.8.2Q-122_XT897_FFW-8/9:user/release-keys'
03-14 15:30:27.579   342   342 I DEBUG   : pid: 2161, tid: 2161, name: sh  >>> /system/bin/sh <<<
03-14 15:30:27.579   342   342 I DEBUG   : signal 13 (SIGPIPE), code -6 (?), fault addr --------
03-14 15:30:27.589   342   342 I DEBUG   :     r0 ffffffe0  r1 411a1fe0  r2 00000ff1  r3 00000000
03-14 15:30:27.589   342   342 I DEBUG   :     r4 00000000  r5 00000003  r6 411a1fbc  r7 00000004
03-14 15:30:27.589   342   342 I DEBUG   :     r8 411a1fe0  r9 411a1f30  sl 411a1fe0  fp 4011bcb8
03-14 15:30:27.589   342   342 I DEBUG   :     ip 4011ff40  sp be9a9710  lr 40108501  pc 401569f8  cpsr 00000010
03-14 15:30:27.599   342   342 I DEBUG   :     d0  762f3a6e6962732f  d1  69622f726f646e65
03-14 15:30:27.599   342   342 I DEBUG   :     d2  65747379732f3a6e  d3  2f3a6e6962732f6d
03-14 15:30:27.599   342   342 I DEBUG   :     d4  0000000000000000  d5  0000000000000000
03-14 15:30:27.599   342   342 I DEBUG   :     d6  0000000000000000  d7  51bc117800000000
03-14 15:30:27.599   342   342 I DEBUG   :     d8  0000000000000000  d9  0000000000000000
03-14 15:30:27.599   342   342 I DEBUG   :     d10 0000000000000000  d11 0000000000000000
03-14 15:30:27.599   342   342 I DEBUG   :     d12 0000000000000000  d13 0000000000000000
03-14 15:30:27.599   342   342 I DEBUG   :     d14 0000000000000000  d15 0000000000000000
03-14 15:30:27.599   342   342 I DEBUG   :     d16 4150243d48544150  d17 6d6f63202e3a4854
03-14 15:30:27.599   342   342 I DEBUG   :     d18 6a2e6e6f6464612e  d19 747379732f3a7261
03-14 15:30:27.599   342   342 I DEBUG   :     d20 656d6172662f6d65  d21 6d6f632f6b726f77
03-14 15:30:27.599   342   342 I DEBUG   :     d22 6c6f726f746f6d2e  d23 696f72646e612e61
03-14 15:30:27.599   342   342 I DEBUG   :     d24 0000000000000000  d25 0000000000000000
03-14 15:30:27.599   342   342 I DEBUG   :     d26 0000000000000000  d27 0000000000000000
03-14 15:30:27.599   342   342 I DEBUG   :     d28 0000000000000000  d29 0000000000000000
03-14 15:30:27.599   342   342 I DEBUG   :     d30 0000000000000000  d31 0000000000000000
03-14 15:30:27.599   342   342 I DEBUG   :     scr 00000010
03-14 15:30:27.599   342   342 I DEBUG   : 
03-14 15:30:27.599   342   342 I DEBUG   : backtrace:
03-14 15:30:27.599   342   342 I DEBUG   :     #00  pc 0000c9f8  /system/lib/libc.so (write+12)
03-14 15:30:27.599   342   342 I DEBUG   :     #01  pc 0000e4fd  /system/bin/mksh
03-14 15:30:27.609   342   342 I DEBUG   : 
03-14 15:30:27.609   342   342 I DEBUG   : stack:
03-14 15:30:27.609   342   342 I DEBUG   :          be9a96d0  0000100b  
03-14 15:30:27.609   342   342 I DEBUG   :          be9a96d4  4015f597  /system/lib/libc.so (dlmalloc+5322)
03-14 15:30:27.609   342   342 I DEBUG   :          be9a96d8  00000000  
03-14 15:30:27.609   342   342 I DEBUG   :          be9a96dc  00000004  
03-14 15:30:27.609   342   342 I DEBUG   :          be9a96e0  411a1f90  [heap]
03-14 15:30:27.609   342   342 I DEBUG   :          be9a96e4  4015f597  /system/lib/libc.so (dlmalloc+5322)
03-14 15:30:27.609   342   342 I DEBUG   :          be9a96e8  00000000  
03-14 15:30:27.609   342   342 I DEBUG   :          be9a96ec  4011feac  /system/bin/mksh
03-14 15:30:27.609   342   342 I DEBUG   :          be9a96f0  411a1f28  [heap]
03-14 15:30:27.609   342   342 I DEBUG   :          be9a96f4  40124cc4  
03-14 15:30:27.609   342   342 I DEBUG   :          be9a96f8  00000000  
03-14 15:30:27.609   342   342 I DEBUG   :          be9a96fc  411a1fe0  [heap]
03-14 15:30:27.609   342   342 I DEBUG   :          be9a9700  00000000  
03-14 15:30:27.609   342   342 I DEBUG   :          be9a9704  00000003  
03-14 15:30:27.609   342   342 I DEBUG   :          be9a9708  df0027ad  
03-14 15:30:27.619   342   342 I DEBUG   :          be9a970c  00000000  
03-14 15:30:27.619   342   342 I DEBUG   :     #00  be9a9710  00000000  
03-14 15:30:27.619   342   342 I DEBUG   :          be9a9714  00000ff1  
03-14 15:30:27.619   342   342 I DEBUG   :     #01  be9a9718  411a1f28  [heap]
03-14 15:30:27.619   342   342 I DEBUG   :          be9a971c  00013804  
03-14 15:30:27.619   342   342 I DEBUG   :          be9a9720  00000001  
03-14 15:30:27.619   342   342 I DEBUG   :          be9a9724  4011feac  /system/bin/mksh
03-14 15:30:27.619   342   342 I DEBUG   :          be9a9728  40124d84  
03-14 15:30:27.619   342   342 I DEBUG   :          be9a972c  40124d88  
03-14 15:30:27.619   342   342 I DEBUG   :          be9a9730  40124bb0  
03-14 15:30:27.619   342   342 I DEBUG   :          be9a9734  411a1f28  [heap]
03-14 15:30:27.619   342   342 I DEBUG   :          be9a9738  4119ef9c  [heap]
03-14 15:30:27.619   342   342 I DEBUG   :          be9a973c  40124df6  
03-14 15:30:27.629   342   342 I DEBUG   :          be9a9740  00000001  
03-14 15:30:27.629   342   342 I DEBUG   :          be9a9744  401055cd  /system/bin/mksh
03-14 15:30:27.629   342   342 I DEBUG   :          be9a9748  411a1f28  [heap]
03-14 15:30:27.629   342   342 I DEBUG   :          be9a974c  0000001f  
03-14 15:30:27.629   342   342 I DEBUG   :          be9a9750  411a1fac  [heap]
03-14 15:30:27.629   342   342 I DEBUG   :          be9a9754  411a1b3c  [heap]
03-14 15:30:27.629   342   342 I DEBUG   : 
03-14 15:30:27.629   342   342 I DEBUG   : memory near r1:
03-14 15:30:27.629   342   342 I DEBUG   :     411a1fc0 656e2f63 74782f74 6174715f 64697567  c/net/xt_qtaguid
03-14 15:30:27.629   342   342 I DEBUG   :     411a1fd0 6174732f 00007374 00000000 0000100b  /stats..........
03-14 15:30:27.629   342   342 I DEBUG   :     411a1fe0 20786469 63616669 63612065 745f7463  idx iface acct_t
03-14 15:30:27.629   342   342 I DEBUG   :     411a1ff0 685f6761 75207865 745f6469 695f6761  ag_hex uid_tag_i
03-14 15:30:27.629   342   342 I DEBUG   :     411a2000 6320746e 735f746e 72207465 79625f78  nt cnt_set rx_by
03-14 15:30:27.639   342   342 I DEBUG   : 
03-14 15:30:27.639   342   342 I DEBUG   : memory near r6:
03-14 15:30:27.639   342   342 I DEBUG   :     411a1f9c 401935b4 00000010 00000012 00000000  .5.@............
03-14 15:30:27.639   342   342 I DEBUG   :     411a1fac 00746163 00000000 0000002b 411a1fa8  cat.....+......A
03-14 15:30:27.639   342   342 I DEBUG   :     411a1fbc 6f72702f 656e2f63 74782f74 6174715f  /proc/net/xt_qta
03-14 15:30:27.639   342   342 I DEBUG   :     411a1fcc 64697567 6174732f 00007374 00000000  guid/stats......
03-14 15:30:27.639   342   342 I DEBUG   :     411a1fdc 0000100b 20786469 63616669 63612065  ....idx iface ac
03-14 15:30:27.639   342   342 I DEBUG   : 
03-14 15:30:27.639   342   342 I DEBUG   : memory near r8:
03-14 15:30:27.639   342   342 I DEBUG   :     411a1fc0 656e2f63 74782f74 6174715f 64697567  c/net/xt_qtaguid
03-14 15:30:27.639   342   342 I DEBUG   :     411a1fd0 6174732f 00007374 00000000 0000100b  /stats..........
03-14 15:30:27.639   342   342 I DEBUG   :     411a1fe0 20786469 63616669 63612065 745f7463  idx iface acct_t
03-14 15:30:27.639   342   342 I DEBUG   :     411a1ff0 685f6761 75207865 745f6469 695f6761  ag_hex uid_tag_i
03-14 15:30:27.639   342   342 I DEBUG   :     411a2000 6320746e 735f746e 72207465 79625f78  nt cnt_set rx_by
03-14 15:30:27.639   342   342 I DEBUG   : 
03-14 15:30:27.639   342   342 I DEBUG   : memory near r9:
03-14 15:30:27.639   342   342 I DEBUG   :     411a1f10 00000000 00000004 00000000 0000001b  ................
03-14 15:30:27.639   342   342 I DEBUG   :     411a1f20 411a1fb8 00000000 411a1fac 411a1fbc  ...A.......A...A
03-14 15:30:27.639   342   342 I DEBUG   :     411a1f30 00000000 00000063 411a1f20 411a1bf8  ....c... ..A...A
03-14 15:30:27.639   342   342 I DEBUG   :     411a1f40 be9a9bbc 00000000 00000000 4119e00c  ...............A
03-14 15:30:27.639   342   342 I DEBUG   :     411a1f50 411a1f3c 411a1a6c 00000006 00000003  <..Al..A........
03-14 15:30:27.639   342   342 I DEBUG   : 
03-14 15:30:27.639   342   342 I DEBUG   : memory near sl:
03-14 15:30:27.639   342   342 I DEBUG   :     411a1fc0 656e2f63 74782f74 6174715f 64697567  c/net/xt_qtaguid
03-14 15:30:27.639   342   342 I DEBUG   :     411a1fd0 6174732f 00007374 00000000 0000100b  /stats..........
03-14 15:30:27.639   342   342 I DEBUG   :     411a1fe0 20786469 63616669 63612065 745f7463  idx iface acct_t
03-14 15:30:27.639   342   342 I DEBUG   :     411a1ff0 685f6761 75207865 745f6469 695f6761  ag_hex uid_tag_i
03-14 15:30:27.639   342   342 I DEBUG   :     411a2000 6320746e 735f746e 72207465 79625f78  nt cnt_set rx_by
03-14 15:30:27.639   342   342 I DEBUG   : 
03-14 15:30:27.639   342   342 I DEBUG   : memory near fp:
03-14 15:30:27.639   342   342 I DEBUG   :     4011bc98 27000a27 49005c00 22005346 27262423  '..'.\.IFS."#$&'
03-14 15:30:27.639   342   342 I DEBUG   :     4011bca8 3a2a2928 3e3d3c3b 605c5b3f 007d7c7b  ()*:;<=>?[\`{|}.
03-14 15:30:27.639   342   342 I DEBUG   :     4011bcb8 203a7325 67007325 68626172 00747369  %s: %s.grabhist.
03-14 15:30:27.639   342   342 I DEBUG   :     4011bcc8 20646162 74736968 2079726f 61727261  bad history arra
03-14 15:30:27.639   342   342 I DEBUG   :     4011bcd8 20200079 25002020 64252073 20636600  y.    .%s %d.fc 
03-14 15:30:27.639   342   342 I DEBUG   : 
03-14 15:30:27.639   342   342 I DEBUG   : memory near ip:
03-14 15:30:27.639   342   342 I DEBUG   :     4011ff20 40157184 40163a09 4016cba1 40157558  .q.@.:.@...@Xu.@
03-14 15:30:27.639   342   342 I DEBUG   :     4011ff30 401565ec 401569d0 40158b68 40161061  .e.@.i.@h..@a..@
03-14 15:30:27.639   342   342 I DEBUG   :     4011ff40 401569ec 401628a5 40156894 40163935  .i.@.(.@.h.@59.@
03-14 15:30:27.639   342   342 I DEBUG   :     4011ff50 401579a0 4016396d 40157d6c 4015714c  .y.@m9.@l}.@Lq.@
03-14 15:30:27.639   342   342 I DEBUG   :     4011ff60 40156878 4015685c 40156678 40157340  xh.@\h.@xf.@@s.@
03-14 15:30:27.639   342   342 I DEBUG   : 
03-14 15:30:27.639   342   342 I DEBUG   : memory near sp:
03-14 15:30:27.639   342   342 I DEBUG   :     be9a96f0 411a1f28 40124cc4 00000000 411a1fe0  (..A.L.@.......A
03-14 15:30:27.639   342   342 I DEBUG   :     be9a9700 00000000 00000003 df0027ad 00000000  .........'......
03-14 15:30:27.639   342   342 I DEBUG   :     be9a9710 00000000 00000ff1 411a1f28 00013804  ........(..A.8..
03-14 15:30:27.639   342   342 I DEBUG   :     be9a9720 00000001 4011feac 40124d84 40124d88  .......@.M.@.M.@
03-14 15:30:27.639   342   342 I DEBUG   :     be9a9730 40124bb0 411a1f28 4119ef9c 40124df6  .K.@(..A...A.M.@
03-14 15:30:27.639   342   342 I DEBUG   : 
03-14 15:30:27.639   342   342 I DEBUG   : code around pc:
03-14 15:30:27.639   342   342 I DEBUG   :     401569d8 ef000000 e8bd0090 e1b00000 512fff1e  ............../Q
03-14 15:30:27.639   342   342 I DEBUG   :     401569e8 ea00b4ec e92d0090 e3a07004 ef000000  ......-..p......
03-14 15:30:27.639   342   342 I DEBUG   :     401569f8 e8bd0090 e1b00000 512fff1e ea00b4e5  ........../Q....
03-14 15:30:27.639   342   342 I DEBUG   :     40156a08 e1a0c00d e92d00f0 e89c0070 e3a070b4  ......-.p....p..
03-14 15:30:27.639   342   342 I DEBUG   :     40156a18 ef000000 e8bd00f0 e1b00000 512fff1e  ............../Q
03-14 15:30:27.639   342   342 I DEBUG   : 
03-14 15:30:27.639   342   342 I DEBUG   : code around lr:
03-14 15:30:27.639   342   342 I DEBUG   :     401084e0 f7f36800 4631ed6a 46584602 fe64f009  .h..j.1F.FXF..d.
03-14 15:30:27.639   342   342 I DEBUG   :     401084f0 b320e025 200146c2 463a4651 ed80f7f3  %. ..F. QF:F....
03-14 15:30:27.639   342   342 I DEBUG   :     40108500 bf1c1c43 0707ebc0 d1154482 ed1ef7f3  C........D......
03-14 15:30:27.639   342   342 I DEBUG   :     40108510 2a046802 f7f3d010 6800ed1a ed4cf7f3  .h.*.......h..L.
03-14 15:30:27.639   342   342 I DEBUG   :     40108520 44794916 48164602 f0094478 b17dfe45  .IyD.F.HxD..E.}.
03-14 15:30:27.639   709   735 I BootReceiver: Copying /data/tombstones/tombstone_03 to DropBox (SYSTEM_TOMBSTONE)
03-14 15:30:27.769   709   711 D dalvikvm: GC_CONCURRENT freed 3219K, 24% free 21792K/28423K, paused 4ms+9ms, total 117ms
03-14 15:30:27.779  1001  1001 D ModemStatsService: receive intent android.intent.action.DROPBOX_ENTRY_ADDED
03-14 15:30:27.779  1001  1001 D ModemStatsService: receive intent, tagname is SYSTEM_TOMBSTONE time is 1457991027786 isMobileDataConnected : false
03-14 15:30:29.341  2201  2201 F libc    : Fatal signal 13 (SIGPIPE) at 0x00000899 (code=0), thread 2201 (sh)
03-14 15:30:29.451   342   342 I DEBUG   : *** *** *** *** *** *** *** *** *** *** *** *** *** *** *** ***
03-14 15:30:29.451   342   342 I DEBUG   : Build fingerprint: 'motorola/XT897_us_spr/asanti_c:4.1.2/9.8.2Q-122_XT897_FFW-8/9:user/release-keys'
03-14 15:30:29.451   342   342 I DEBUG   : pid: 2201, tid: 2201, name: sh  >>> /system/bin/sh <<<
03-14 15:30:29.451   342   342 I DEBUG   : signal 13 (SIGPIPE), code -6 (?), fault addr --------
03-14 15:30:29.451   342   342 I DEBUG   :     r0 ffffffe0  r1 40968fe0  r2 00000fc0  r3 00000fd2
03-14 15:30:29.451   342   342 I DEBUG   :     r4 00000000  r5 00000003  r6 40968fbc  r7 00000004
03-14 15:30:29.451   342   342 I DEBUG   :     r8 40968fe0  r9 40968f30  sl 40968fe0  fp 400c5cb8
03-14 15:30:29.451   342   342 I DEBUG   :     ip 400c9f40  sp bee7e710  lr 400b2501  pc 400db9f8  cpsr 00000010
03-14 15:30:29.451   342   342 I DEBUG   :     d0  762f3a6e6962732f  d1  69622f726f646e65
03-14 15:30:29.451   342   342 I DEBUG   :     d2  65747379732f3a6e  d3  2f3a6e6962732f6d
03-14 15:30:29.451   342   342 I DEBUG   :     d4  0000000000000000  d5  0000000000000000
03-14 15:30:29.451   342   342 I DEBUG   :     d6  0000000000000000  d7  51d83ea600000000
03-14 15:30:29.451   342   342 I DEBUG   :     d8  0000000000000000  d9  0000000000000000
03-14 15:30:29.451   342   342 I DEBUG   :     d10 0000000000000000  d11 0000000000000000
03-14 15:30:29.451   342   342 I DEBUG   :     d12 0000000000000000  d13 0000000000000000
03-14 15:30:29.451   342   342 I DEBUG   :     d14 0000000000000000  d15 0000000000000000
03-14 15:30:29.451   342   342 I DEBUG   :     d16 4150243d48544150  d17 6d6f63202e3a4854
03-14 15:30:29.451   342   342 I DEBUG   :     d18 6a2e6e6f6464612e  d19 747379732f3a7261
03-14 15:30:29.451   342   342 I DEBUG   :     d20 656d6172662f6d65  d21 6d6f632f6b726f77
03-14 15:30:29.451   342   342 I DEBUG   :     d22 6c6f726f746f6d2e  d23 696f72646e612e61
03-14 15:30:29.451   342   342 I DEBUG   :     d24 0000000000000000  d25 0000000000000000
03-14 15:30:29.451   342   342 I DEBUG   :     d26 0000000000000000  d27 0000000000000000
03-14 15:30:29.451   342   342 I DEBUG   :     d28 0000000000000000  d29 0000000000000000
03-14 15:30:29.451   342   342 I DEBUG   :     d30 0000000000000000  d31 0000000000000000
03-14 15:30:29.451   342   342 I DEBUG   :     scr 00000010
03-14 15:30:29.451   342   342 I DEBUG   : 
03-14 15:30:29.451   342   342 I DEBUG   : backtrace:
03-14 15:30:29.451   342   342 I DEBUG   :     #00  pc 0000c9f8  /system/lib/libc.so (write+12)
03-14 15:30:29.451   342   342 I DEBUG   :     #01  pc 0000e4fd  /system/bin/mksh
03-14 15:30:29.451   342   342 I DEBUG   : 
03-14 15:30:29.451   342   342 I DEBUG   : stack:
03-14 15:30:29.451   342   342 I DEBUG   :          bee7e6d0  0000100b  
03-14 15:30:29.451   342   342 I DEBUG   :          bee7e6d4  400e4597  /system/lib/libc.so (dlmalloc+5322)
03-14 15:30:29.451   342   342 I DEBUG   :          bee7e6d8  00000000  
03-14 15:30:29.451   342   342 I DEBUG   :          bee7e6dc  00000004  
03-14 15:30:29.451   342   342 I DEBUG   :          bee7e6e0  40968f90  [heap]
03-14 15:30:29.451   342   342 I DEBUG   :          bee7e6e4  400e4597  /system/lib/libc.so (dlmalloc+5322)
03-14 15:30:29.451   342   342 I DEBUG   :          bee7e6e8  00000000  
03-14 15:30:29.451   342   342 I DEBUG   :          bee7e6ec  400c9eac  /system/bin/mksh
03-14 15:30:29.451   342   342 I DEBUG   :          bee7e6f0  40968f28  [heap]
03-14 15:30:29.451   342   342 I DEBUG   :          bee7e6f4  400cecc4  
03-14 15:30:29.451   342   342 I DEBUG   :          bee7e6f8  00000000  
03-14 15:30:29.451   342   342 I DEBUG   :          bee7e6fc  40968fe0  [heap]
03-14 15:30:29.451   342   342 I DEBUG   :          bee7e700  00000000  
03-14 15:30:29.451   342   342 I DEBUG   :          bee7e704  00000003  
03-14 15:30:29.451   342   342 I DEBUG   :          bee7e708  df0027ad  
03-14 15:30:29.451   342   342 I DEBUG   :          bee7e70c  00000000  
03-14 15:30:29.451   342   342 I DEBUG   :     #00  bee7e710  00000000  
03-14 15:30:29.451   342   342 I DEBUG   :          bee7e714  00000fc0  
03-14 15:30:29.451   342   342 I DEBUG   :     #01  bee7e718  40968f28  [heap]
03-14 15:30:29.451   342   342 I DEBUG   :          bee7e71c  00013804  
03-14 15:30:29.451   342   342 I DEBUG   :          bee7e720  00000001  
03-14 15:30:29.451   342   342 I DEBUG   :          bee7e724  400c9eac  /system/bin/mksh
03-14 15:30:29.451   342   342 I DEBUG   :          bee7e728  400ced84  
03-14 15:30:29.451   342   342 I DEBUG   :          bee7e72c  400ced88  
03-14 15:30:29.451   342   342 I DEBUG   :          bee7e730  400cebb0  
03-14 15:30:29.451   342   342 I DEBUG   :          bee7e734  40968f28  [heap]
03-14 15:30:29.451   342   342 I DEBUG   :          bee7e738  40965f9c  [heap]
03-14 15:30:29.451   342   342 I DEBUG   :          bee7e73c  400cedf6  
03-14 15:30:29.451   342   342 I DEBUG   :          bee7e740  00000001  
03-14 15:30:29.451   342   342 I DEBUG   :          bee7e744  400af5cd  /system/bin/mksh
03-14 15:30:29.451   342   342 I DEBUG   :          bee7e748  40968f28  [heap]
03-14 15:30:29.451   342   342 I DEBUG   :          bee7e74c  0000001f  
03-14 15:30:29.451   342   342 I DEBUG   :          bee7e750  40968fac  [heap]
03-14 15:30:29.451   342   342 I DEBUG   :          bee7e754  40968b3c  [heap]
03-14 15:30:29.451   342   342 I DEBUG   : 
03-14 15:30:29.451   342   342 I DEBUG   : memory near r1:
03-14 15:30:29.451   342   342 I DEBUG   :     40968fc0 656e2f63 74782f74 6174715f 64697567  c/net/xt_qtaguid
03-14 15:30:29.451   342   342 I DEBUG   :     40968fd0 6174732f 00007374 00000000 0000100b  /stats..........
03-14 15:30:29.451   342   342 I DEBUG   :     40968fe0 20303131 656e6d72 30203074 31203078  110 rmnet0 0x0 1
03-14 15:30:29.451   342   342 I DEBUG   :     40968ff0 20303030 36342030 20323936 34203934  000 0 46692 49 4
03-14 15:30:29.451   342   342 I DEBUG   :     40969000 20303530 34203934 38383336 20353420  050 49 46388 45 
03-14 15:30:29.451   342   342 I DEBUG   : 
03-14 15:30:29.451   342   342 I DEBUG   : memory near r6:
03-14 15:30:29.451   342   342 I DEBUG   :     40968f9c 401185b4 00000010 00000012 00000000  ...@............
03-14 15:30:29.451   342   342 I DEBUG   :     40968fac 00746163 00000000 0000002b 40968fa8  cat.....+......@
03-14 15:30:29.451   342   342 I DEBUG   :     40968fbc 6f72702f 656e2f63 74782f74 6174715f  /proc/net/xt_qta
03-14 15:30:29.451   342   342 I DEBUG   :     40968fcc 64697567 6174732f 00007374 00000000  guid/stats......
03-14 15:30:29.451   342   342 I DEBUG   :     40968fdc 0000100b 20303131 656e6d72 30203074  ....110 rmnet0 0
03-14 15:30:29.451   342   342 I DEBUG   : 
03-14 15:30:29.451   342   342 I DEBUG   : memory near r8:
03-14 15:30:29.451   342   342 I DEBUG   :     40968fc0 656e2f63 74782f74 6174715f 64697567  c/net/xt_qtaguid
03-14 15:30:29.451   342   342 I DEBUG   :     40968fd0 6174732f 00007374 00000000 0000100b  /stats..........
03-14 15:30:29.451   342   342 I DEBUG   :     40968fe0 20303131 656e6d72 30203074 31203078  110 rmnet0 0x0 1
03-14 15:30:29.451   342   342 I DEBUG   :     40968ff0 20303030 36342030 20323936 34203934  000 0 46692 49 4
03-14 15:30:29.451   342   342 I DEBUG   :     40969000 20303530 34203934 38383336 20353420  050 49 46388 45 
03-14 15:30:29.451   342   342 I DEBUG   : 
03-14 15:30:29.451   342   342 I DEBUG   : memory near r9:
03-14 15:30:29.451   342   342 I DEBUG   :     40968f10 00000000 00000004 00000000 0000001b  ................
03-14 15:30:29.451   342   342 I DEBUG   :     40968f20 40968fb8 00000000 40968fac 40968fbc  ...@.......@...@
03-14 15:30:29.451   342   342 I DEBUG   :     40968f30 00000000 00000063 40968f20 40968bf8  ....c... ..@...@
03-14 15:30:29.451   342   342 I DEBUG   :     40968f40 bee7ebbc 00000000 00000000 4096500c  .............P.@
03-14 15:30:29.451   342   342 I DEBUG   :     40968f50 40968f3c 40968a6c 00000006 00000003  <..@l..@........
03-14 15:30:29.451   342   342 I DEBUG   : 
03-14 15:30:29.451   342   342 I DEBUG   : memory near sl:
03-14 15:30:29.451   342   342 I DEBUG   :     40968fc0 656e2f63 74782f74 6174715f 64697567  c/net/xt_qtaguid
03-14 15:30:29.451   342   342 I DEBUG   :     40968fd0 6174732f 00007374 00000000 0000100b  /stats..........
03-14 15:30:29.451   342   342 I DEBUG   :     40968fe0 20303131 656e6d72 30203074 31203078  110 rmnet0 0x0 1
03-14 15:30:29.451   342   342 I DEBUG   :     40968ff0 20303030 36342030 20323936 34203934  000 0 46692 49 4
03-14 15:30:29.451   342   342 I DEBUG   :     40969000 20303530 34203934 38383336 20353420  050 49 46388 45 
03-14 15:30:29.451   342   342 I DEBUG   : 
03-14 15:30:29.451   342   342 I DEBUG   : memory near fp:
03-14 15:30:29.451   342   342 I DEBUG   :     400c5c98 27000a27 49005c00 22005346 27262423  '..'.\.IFS."#$&'
03-14 15:30:29.481   342   342 I DEBUG   :     400c5ca8 3a2a2928 3e3d3c3b 605c5b3f 007d7c7b  ()*:;<=>?[\`{|}.
03-14 15:30:29.481   342   342 I DEBUG   :     400c5cb8 203a7325 67007325 68626172 00747369  %s: %s.grabhist.
03-14 15:30:29.481   342   342 I DEBUG   :     400c5cc8 20646162 74736968 2079726f 61727261  bad history arra
03-14 15:30:29.481   342   342 I DEBUG   :     400c5cd8 20200079 25002020 64252073 20636600  y.    .%s %d.fc 
03-14 15:30:29.491   342   342 I DEBUG   : 
03-14 15:30:29.491   342   342 I DEBUG   : memory near ip:
03-14 15:30:29.491   342   342 I DEBUG   :     400c9f20 400dc184 400e8a09 400f1ba1 400dc558  ...@...@...@X..@
03-14 15:30:29.491   342   342 I DEBUG   :     400c9f30 400db5ec 400db9d0 400ddb68 400e6061  ...@...@h..@a`.@
03-14 15:30:29.491   342   342 I DEBUG   :     400c9f40 400db9ec 400e78a5 400db894 400e8935  ...@.x.@...@5..@
03-14 15:30:29.491   342   342 I DEBUG   :     400c9f50 400dc9a0 400e896d 400dcd6c 400dc14c  ...@m..@l..@L..@
03-14 15:30:29.491   342   342 I DEBUG   :     400c9f60 400db878 400db85c 400db678 400dc340  x..@\..@x..@@..@
03-14 15:30:29.491   342   342 I DEBUG   : 
03-14 15:30:29.491   342   342 I DEBUG   : memory near sp:
03-14 15:30:29.491   342   342 I DEBUG   :     bee7e6f0 40968f28 400cecc4 00000000 40968fe0  (..@...@.......@
03-14 15:30:29.491   342   342 I DEBUG   :     bee7e700 00000000 00000003 df0027ad 00000000  .........'......
03-14 15:30:29.491   342   342 I DEBUG   :     bee7e710 00000000 00000fc0 40968f28 00013804  ........(..@.8..
03-14 15:30:29.491   342   342 I DEBUG   :     bee7e720 00000001 400c9eac 400ced84 400ced88  .......@...@...@
03-14 15:30:29.491   342   342 I DEBUG   :     bee7e730 400cebb0 40968f28 40965f9c 400cedf6  ...@(..@._.@...@
03-14 15:30:29.491   342   342 I DEBUG   : 
03-14 15:30:29.491   342   342 I DEBUG   : code around pc:
03-14 15:30:29.491   342   342 I DEBUG   :     400db9d8 ef000000 e8bd0090 e1b00000 512fff1e  ............../Q
03-14 15:30:29.491   342   342 I DEBUG   :     400db9e8 ea00b4ec e92d0090 e3a07004 ef000000  ......-..p......
03-14 15:30:29.491   342   342 I DEBUG   :     400db9f8 e8bd0090 e1b00000 512fff1e ea00b4e5  ........../Q....
03-14 15:30:29.501   342   342 I DEBUG   :     400dba08 e1a0c00d e92d00f0 e89c0070 e3a070b4  ......-.p....p..
03-14 15:30:29.501   342   342 I DEBUG   :     400dba18 ef000000 e8bd00f0 e1b00000 512fff1e  ............../Q
03-14 15:30:29.501   342   342 I DEBUG   : 
03-14 15:30:29.501   342   342 I DEBUG   : code around lr:
03-14 15:30:29.501   342   342 I DEBUG   :     400b24e0 f7f36800 4631ed6a 46584602 fe64f009  .h..j.1F.FXF..d.
03-14 15:30:29.501   342   342 I DEBUG   :     400b24f0 b320e025 200146c2 463a4651 ed80f7f3  %. ..F. QF:F....
03-14 15:30:29.501   342   342 I DEBUG   :     400b2500 bf1c1c43 0707ebc0 d1154482 ed1ef7f3  C........D......
03-14 15:30:29.501   342   342 I DEBUG   :     400b2510 2a046802 f7f3d010 6800ed1a ed4cf7f3  .h.*.......h..L.
03-14 15:30:29.501   342   342 I DEBUG   :     400b2520 44794916 48164602 f0094478 b17dfe45  .IyD.F.HxD..E.}.
03-14 15:30:29.511   709   735 I BootReceiver: Copying /data/tombstones/tombstone_04 to DropBox (SYSTEM_TOMBSTONE)
03-14 15:30:29.541  1001  1001 D ModemStatsService: receive intent android.intent.action.DROPBOX_ENTRY_ADDED
03-14 15:30:29.541  1001  1001 D ModemStatsService: receive intent, tagname is SYSTEM_TOMBSTONE time is 1457991029553 isMobileDataConnected : false
03-14 15:30:30.051  2216  2216 F libc    : Fatal signal 13 (SIGPIPE) at 0x000008a8 (code=0), thread 2216 (sh)
03-14 15:30:30.151   342   342 I DEBUG   : *** *** *** *** *** *** *** *** *** *** *** *** *** *** *** ***
03-14 15:30:30.151   342   342 I DEBUG   : Build fingerprint: 'motorola/XT897_us_spr/asanti_c:4.1.2/9.8.2Q-122_XT897_FFW-8/9:user/release-keys'
03-14 15:30:30.151   342   342 I DEBUG   : pid: 2216, tid: 2216, name: sh  >>> /system/bin/sh <<<
03-14 15:30:30.151   342   342 I DEBUG   : signal 13 (SIGPIPE), code -6 (?), fault addr --------
03-14 15:30:30.151   342   342 I DEBUG   :     r0 ffffffe0  r1 4134ffe0  r2 00000fc0  r3 00000fd2
03-14 15:30:30.151   342   342 I DEBUG   :     r4 00000000  r5 00000003  r6 4134ffbc  r7 00000004
03-14 15:30:30.151   342   342 I DEBUG   :     r8 4134ffe0  r9 4134ff30  sl 4134ffe0  fp 40035cb8
03-14 15:30:30.151   342   342 I DEBUG   :     ip 40039f40  sp bef44710  lr 40022501  pc 400619f8  cpsr 00000010
03-14 15:30:30.151   342   342 I DEBUG   :     d0  762f3a6e6962732f  d1  69622f726f646e65
03-14 15:30:30.151   342   342 I DEBUG   :     d2  65747379732f3a6e  d3  2f3a6e6962732f6d
03-14 15:30:30.151   342   342 I DEBUG   :     d4  0000000000000000  d5  0000000000000000
03-14 15:30:30.151   342   342 I DEBUG   :     d6  0000000000000000  d7  51e31fa200000000
03-14 15:30:30.151   342   342 I DEBUG   :     d8  0000000000000000  d9  0000000000000000
03-14 15:30:30.151   342   342 I DEBUG   :     d10 0000000000000000  d11 0000000000000000
03-14 15:30:30.151   342   342 I DEBUG   :     d12 0000000000000000  d13 0000000000000000
03-14 15:30:30.151   342   342 I DEBUG   :     d14 0000000000000000  d15 0000000000000000
03-14 15:30:30.151   342   342 I DEBUG   :     d16 4150243d48544150  d17 6d6f63202e3a4854
03-14 15:30:30.151   342   342 I DEBUG   :     d18 6a2e6e6f6464612e  d19 747379732f3a7261
03-14 15:30:30.151   342   342 I DEBUG   :     d20 656d6172662f6d65  d21 6d6f632f6b726f77
03-14 15:30:30.151   342   342 I DEBUG   :     d22 6c6f726f746f6d2e  d23 696f72646e612e61
03-14 15:30:30.151   342   342 I DEBUG   :     d24 0000000000000000  d25 0000000000000000
03-14 15:30:30.151   342   342 I DEBUG   :     d26 0000000000000000  d27 0000000000000000
03-14 15:30:30.151   342   342 I DEBUG   :     d28 0000000000000000  d29 0000000000000000
03-14 15:30:30.151   342   342 I DEBUG   :     d30 0000000000000000  d31 0000000000000000
03-14 15:30:30.151   342   342 I DEBUG   :     scr 00000010
03-14 15:30:30.151   342   342 I DEBUG   : 
03-14 15:30:30.151   342   342 I DEBUG   : backtrace:
03-14 15:30:30.151   342   342 I DEBUG   :     #00  pc 0000c9f8  /system/lib/libc.so (write+12)
03-14 15:30:30.151   342   342 I DEBUG   :     #01  pc 0000e4fd  /system/bin/mksh
03-14 15:30:30.151   342   342 I DEBUG   : 
03-14 15:30:30.151   342   342 I DEBUG   : stack:
03-14 15:30:30.151   342   342 I DEBUG   :          bef446d0  0000100b  
03-14 15:30:30.151   342   342 I DEBUG   :          bef446d4  4006a597  /system/lib/libc.so (dlmalloc+5322)
03-14 15:30:30.151   342   342 I DEBUG   :          bef446d8  00000000  
03-14 15:30:30.151   342   342 I DEBUG   :          bef446dc  00000004  
03-14 15:30:30.151   342   342 I DEBUG   :          bef446e0  4134ff90  [heap]
03-14 15:30:30.151   342   342 I DEBUG   :          bef446e4  4006a597  /system/lib/libc.so (dlmalloc+5322)
03-14 15:30:30.151   342   342 I DEBUG   :          bef446e8  00000000  
03-14 15:30:30.151   342   342 I DEBUG   :          bef446ec  40039eac  /system/bin/mksh
03-14 15:30:30.151   342   342 I DEBUG   :          bef446f0  4134ff28  [heap]
03-14 15:30:30.151   342   342 I DEBUG   :          bef446f4  4003ecc4  
03-14 15:30:30.151   342   342 I DEBUG   :          bef446f8  00000000  
03-14 15:30:30.151   342   342 I DEBUG   :          bef446fc  4134ffe0  [heap]
03-14 15:30:30.151   342   342 I DEBUG   :          bef44700  00000000  
03-14 15:30:30.151   342   342 I DEBUG   :          bef44704  00000003  
03-14 15:30:30.151   342   342 I DEBUG   :          bef44708  df0027ad  
03-14 15:30:30.151   342   342 I DEBUG   :          bef4470c  00000000  
03-14 15:30:30.151   342   342 I DEBUG   :     #00  bef44710  00000000  
03-14 15:30:30.151   342   342 I DEBUG   :          bef44714  00000fc0  
03-14 15:30:30.151   342   342 I DEBUG   :     #01  bef44718  4134ff28  [heap]
03-14 15:30:30.161   342   342 I DEBUG   :          bef4471c  00013804  
03-14 15:30:30.161   342   342 I DEBUG   :          bef44720  00000001  
03-14 15:30:30.161   342   342 I DEBUG   :          bef44724  40039eac  /system/bin/mksh
03-14 15:30:30.171   342   342 I DEBUG   :          bef44728  4003ed84  
03-14 15:30:30.171   342   342 I DEBUG   :          bef4472c  4003ed88  
03-14 15:30:30.171   342   342 I DEBUG   :          bef44730  4003ebb0  
03-14 15:30:30.171   342   342 I DEBUG   :          bef44734  4134ff28  [heap]
03-14 15:30:30.171   342   342 I DEBUG   :          bef44738  4134cf9c  [heap]
03-14 15:30:30.182   342   342 I DEBUG   :          bef4473c  4003edf6  
03-14 15:30:30.182   342   342 I DEBUG   :          bef44740  00000001  
03-14 15:30:30.182   342   342 I DEBUG   :          bef44744  4001f5cd  /system/bin/mksh
03-14 15:30:30.182   342   342 I DEBUG   :          bef44748  4134ff28  [heap]
03-14 15:30:30.182   342   342 I DEBUG   :          bef4474c  0000001f  
03-14 15:30:30.182   342   342 I DEBUG   :          bef44750  4134ffac  [heap]
03-14 15:30:30.182   342   342 I DEBUG   :          bef44754  4134fb3c  [heap]
03-14 15:30:30.182   342   342 I DEBUG   : 
03-14 15:30:30.182   342   342 I DEBUG   : memory near r1:
03-14 15:30:30.182   342   342 I DEBUG   :     4134ffc0 656e2f63 74782f74 6174715f 64697567  c/net/xt_qtaguid
03-14 15:30:30.182   342   342 I DEBUG   :     4134ffd0 6174732f 00007374 00000000 0000100b  /stats..........
03-14 15:30:30.182   342   342 I DEBUG   :     4134ffe0 20303131 656e6d72 30203074 31203078  110 rmnet0 0x0 1
03-14 15:30:30.182   342   342 I DEBUG   :     4134fff0 20303030 36342030 20323936 34203934  000 0 46692 49 4
03-14 15:30:30.192   342   342 I DEBUG   :     41350000 20303530 34203934 38383336 20353420  050 49 46388 45 
03-14 15:30:30.192   342   342 I DEBUG   : 
03-14 15:30:30.192   342   342 I DEBUG   : memory near r6:
03-14 15:30:30.192   342   342 I DEBUG   :     4134ff9c 4009e5b4 00000010 00000012 00000000  ...@............
03-14 15:30:30.192   342   342 I DEBUG   :     4134ffac 00746163 00000000 0000002b 4134ffa8  cat.....+.....4A
03-14 15:30:30.192   342   342 I DEBUG   :     4134ffbc 6f72702f 656e2f63 74782f74 6174715f  /proc/net/xt_qta
03-14 15:30:30.192   342   342 I DEBUG   :     4134ffcc 64697567 6174732f 00007374 00000000  guid/stats......
03-14 15:30:30.192   342   342 I DEBUG   :     4134ffdc 0000100b 20303131 656e6d72 30203074  ....110 rmnet0 0
03-14 15:30:30.192   342   342 I DEBUG   : 
03-14 15:30:30.192   342   342 I DEBUG   : memory near r8:
03-14 15:30:30.192   342   342 I DEBUG   :     4134ffc0 656e2f63 74782f74 6174715f 64697567  c/net/xt_qtaguid
03-14 15:30:30.192   342   342 I DEBUG   :     4134ffd0 6174732f 00007374 00000000 0000100b  /stats..........
03-14 15:30:30.192   342   342 I DEBUG   :     4134ffe0 20303131 656e6d72 30203074 31203078  110 rmnet0 0x0 1
03-14 15:30:30.192   342   342 I DEBUG   :     4134fff0 20303030 36342030 20323936 34203934  000 0 46692 49 4
03-14 15:30:30.192   342   342 I DEBUG   :     41350000 20303530 34203934 38383336 20353420  050 49 46388 45 
03-14 15:30:30.192   342   342 I DEBUG   : 
03-14 15:30:30.192   342   342 I DEBUG   : memory near r9:
03-14 15:30:30.202   342   342 I DEBUG   :     4134ff10 00000000 00000004 00000000 0000001b  ................
03-14 15:30:30.202   342   342 I DEBUG   :     4134ff20 4134ffb8 00000000 4134ffac 4134ffbc  ..4A......4A..4A
03-14 15:30:30.202   342   342 I DEBUG   :     4134ff30 00000000 00000063 4134ff20 4134fbf8  ....c... .4A..4A
03-14 15:30:30.202   342   342 I DEBUG   :     4134ff40 bef44bbc 00000000 00000000 4134c00c  .K............4A
03-14 15:30:30.202   342   342 I DEBUG   :     4134ff50 4134ff3c 4134fa6c 00000006 00000003  <.4Al.4A........
03-14 15:30:30.202   342   342 I DEBUG   : 
03-14 15:30:30.202   342   342 I DEBUG   : memory near sl:
03-14 15:30:30.202   342   342 I DEBUG   :     4134ffc0 656e2f63 74782f74 6174715f 64697567  c/net/xt_qtaguid
03-14 15:30:30.202   342   342 I DEBUG   :     4134ffd0 6174732f 00007374 00000000 0000100b  /stats..........
03-14 15:30:30.202   342   342 I DEBUG   :     4134ffe0 20303131 656e6d72 30203074 31203078  110 rmnet0 0x0 1
03-14 15:30:30.202   342   342 I DEBUG   :     4134fff0 20303030 36342030 20323936 34203934  000 0 46692 49 4
03-14 15:30:30.202   342   342 I DEBUG   :     41350000 20303530 34203934 38383336 20353420  050 49 46388 45 
03-14 15:30:30.202   342   342 I DEBUG   : 
03-14 15:30:30.202   342   342 I DEBUG   : memory near fp:
03-14 15:30:30.202   342   342 I DEBUG   :     40035c98 27000a27 49005c00 22005346 27262423  '..'.\.IFS."#$&'
03-14 15:30:30.202   342   342 I DEBUG   :     40035ca8 3a2a2928 3e3d3c3b 605c5b3f 007d7c7b  ()*:;<=>?[\`{|}.
03-14 15:30:30.202   342   342 I DEBUG   :     40035cb8 203a7325 67007325 68626172 00747369  %s: %s.grabhist.
03-14 15:30:30.202   342   342 I DEBUG   :     40035cc8 20646162 74736968 2079726f 61727261  bad history arra
03-14 15:30:30.212   342   342 I DEBUG   :     40035cd8 20200079 25002020 64252073 20636600  y.    .%s %d.fc 
03-14 15:30:30.212   342   342 I DEBUG   : 
03-14 15:30:30.212   342   342 I DEBUG   : memory near ip:
03-14 15:30:30.212   342   342 I DEBUG   :     40039f20 40062184 4006ea09 40077ba1 40062558  .!.@...@.{.@X%.@
03-14 15:30:30.212   342   342 I DEBUG   :     40039f30 400615ec 400619d0 40063b68 4006c061  ...@...@h;.@a..@
03-14 15:30:30.212   342   342 I DEBUG   :     40039f40 400619ec 4006d8a5 40061894 4006e935  ...@...@...@5..@
03-14 15:30:30.212   342   342 I DEBUG   :     40039f50 400629a0 4006e96d 40062d6c 4006214c  .).@m..@l-.@L!.@
03-14 15:30:30.212   342   342 I DEBUG   :     40039f60 40061878 4006185c 40061678 40062340  x..@\..@x..@@#.@
03-14 15:30:30.212   342   342 I DEBUG   : 
03-14 15:30:30.212   342   342 I DEBUG   : memory near sp:
03-14 15:30:30.212   342   342 I DEBUG   :     bef446f0 4134ff28 4003ecc4 00000000 4134ffe0  (.4A...@......4A
03-14 15:30:30.212   342   342 I DEBUG   :     bef44700 00000000 00000003 df0027ad 00000000  .........'......
03-14 15:30:30.212   342   342 I DEBUG   :     bef44710 00000000 00000fc0 4134ff28 00013804  ........(.4A.8..
03-14 15:30:30.212   342   342 I DEBUG   :     bef44720 00000001 40039eac 4003ed84 4003ed88  .......@...@...@
03-14 15:30:30.212   342   342 I DEBUG   :     bef44730 4003ebb0 4134ff28 4134cf9c 4003edf6  ...@(.4A..4A...@
03-14 15:30:30.212   342   342 I DEBUG   : 
03-14 15:30:30.212   342   342 I DEBUG   : code around pc:
03-14 15:30:30.222   342   342 I DEBUG   :     400619d8 ef000000 e8bd0090 e1b00000 512fff1e  ............../Q
03-14 15:30:30.222   342   342 I DEBUG   :     400619e8 ea00b4ec e92d0090 e3a07004 ef000000  ......-..p......
03-14 15:30:30.222   342   342 I DEBUG   :     400619f8 e8bd0090 e1b00000 512fff1e ea00b4e5  ........../Q....
03-14 15:30:30.222   342   342 I DEBUG   :     40061a08 e1a0c00d e92d00f0 e89c0070 e3a070b4  ......-.p....p..
03-14 15:30:30.222   342   342 I DEBUG   :     40061a18 ef000000 e8bd00f0 e1b00000 512fff1e  ............../Q
03-14 15:30:30.222   342   342 I DEBUG   : 
03-14 15:30:30.222   342   342 I DEBUG   : code around lr:
03-14 15:30:30.222   342   342 I DEBUG   :     400224e0 f7f36800 4631ed6a 46584602 fe64f009  .h..j.1F.FXF..d.
03-14 15:30:30.222   342   342 I DEBUG   :     400224f0 b320e025 200146c2 463a4651 ed80f7f3  %. ..F. QF:F....
03-14 15:30:30.222   342   342 I DEBUG   :     40022500 bf1c1c43 0707ebc0 d1154482 ed1ef7f3  C........D......
03-14 15:30:30.222   342   342 I DEBUG   :     40022510 2a046802 f7f3d010 6800ed1a ed4cf7f3  .h.*.......h..L.
03-14 15:30:30.222   342   342 I DEBUG   :     40022520 44794916 48164602 f0094478 b17dfe45  .IyD.F.HxD..E.}.
03-14 15:30:30.222   709   735 I BootReceiver: Copying /data/tombstones/tombstone_05 to DropBox (SYSTEM_TOMBSTONE)
03-14 15:30:30.252  1001  1001 D ModemStatsService: receive intent android.intent.action.DROPBOX_ENTRY_ADDED
03-14 15:30:30.252  1001  1001 D ModemStatsService: receive intent, tagname is SYSTEM_TOMBSTONE time is 1457991030259 isMobileDataConnected : false
03-14 15:30:30.252 31578 31642 E HTTPClient: failed to connect to /10.24.65.189 (port 8080): connect failed: ETIMEDOUT (Connection timed out)
03-14 15:30:30.252 31578 31642 W dalvikvm: threadid=12: thread exiting with uncaught exception (group=0x41748438)
03-14 15:30:30.262 31578 31642 E AndroidRuntime: FATAL EXCEPTION: AsyncTask #1
03-14 15:30:30.262 31578 31642 E AndroidRuntime: java.lang.RuntimeException: An error occured while executing doInBackground()
03-14 15:30:30.262 31578 31642 E AndroidRuntime: 	at android.os.AsyncTask$3.done(AsyncTask.java:299)
03-14 15:30:30.262 31578 31642 E AndroidRuntime: 	at java.util.concurrent.FutureTask$Sync.innerSetException(FutureTask.java:273)
03-14 15:30:30.262 31578 31642 E AndroidRuntime: 	at java.util.concurrent.FutureTask.setException(FutureTask.java:124)
03-14 15:30:30.262 31578 31642 E AndroidRuntime: 	at java.util.concurrent.FutureTask$Sync.innerRun(FutureTask.java:307)
03-14 15:30:30.262 31578 31642 E AndroidRuntime: 	at java.util.concurrent.FutureTask.run(FutureTask.java:137)
03-14 15:30:30.262 31578 31642 E AndroidRuntime: 	at android.os.AsyncTask$SerialExecutor$1.run(AsyncTask.java:230)
03-14 15:30:30.262 31578 31642 E AndroidRuntime: 	at java.util.concurrent.ThreadPoolExecutor.runWorker(ThreadPoolExecutor.java:1076)
03-14 15:30:30.262 31578 31642 E AndroidRuntime: 	at java.util.concurrent.ThreadPoolExecutor$Worker.run(ThreadPoolExecutor.java:569)
03-14 15:30:30.262 31578 31642 E AndroidRuntime: 	at java.lang.Thread.run(Thread.java:856)
03-14 15:30:30.262 31578 31642 E AndroidRuntime: Caused by: java.lang.NullPointerException
03-14 15:30:30.262 31578 31642 E AndroidRuntime: 	at cs240.benjamin.familymap.ui.LoginFragment$Authenticate.doInBackground(LoginFragment.java:114)
03-14 15:30:30.262 31578 31642 E AndroidRuntime: 	at cs240.benjamin.familymap.ui.LoginFragment$Authenticate.doInBackground(LoginFragment.java:93)
03-14 15:30:30.262 31578 31642 E AndroidRuntime: 	at android.os.AsyncTask$2.call(AsyncTask.java:287)
03-14 15:30:30.262 31578 31642 E AndroidRuntime: 	at java.util.concurrent.FutureTask$Sync.innerRun(FutureTask.java:305)
03-14 15:30:30.262 31578 31642 E AndroidRuntime: 	... 5 more
03-14 15:30:30.262   709  1040 W ActivityManager:   Force finishing activity cs240.benjamin.familymap/.MainActivity
03-14 15:30:30.272   709  1040 I ActivityManager: No longer want com.android.keychain (pid 31344): hidden #21
03-14 15:30:30.302 31578 31642 I Process : Sending signal. PID: 31578 SIG: 9
03-14 15:30:30.312  1519  1519 I Launcher: onResume
03-14 15:30:30.312  1519  1519 D LauncherAppWidgetHost: checkForConfig returning false: {1.0 310mcc120mnc en_US sw360dp w360dp h566dp nrml port finger qwerty/v/h dpad/v s.17}
03-14 15:30:30.342  1519  1519 W ResourceType: No package identifier when getting value for resource number 0x00000000
03-14 15:30:30.342  1519  1519 W ResourceType: No package identifier when getting value for resource number 0x00000000
03-14 15:30:30.352  1519  1519 W ResourceType: No package identifier when getting value for resource number 0x00000000
03-14 15:30:30.352  1519  1519 W ResourceType: No package identifier when getting value for resource number 0x00000000
03-14 15:30:30.362  1519  1519 W ResourceType: No package identifier when getting value for resource number 0x00000000
03-14 15:30:30.362  1519  1519 W ResourceType: No package identifier when getting value for resource number 0x00000000
03-14 15:30:30.372  1519  1519 W ResourceType: No package identifier when getting value for resource number 0x00000000
03-14 15:30:30.372  1519  1519 W ResourceType: No package identifier when getting value for resource number 0x00000000
03-14 15:30:30.392  1519  1519 W ResourceType: No package identifier when getting value for resource number 0x00000000
03-14 15:30:30.392  1519  1519 W ResourceType: No package identifier when getting value for resource number 0x00000000
03-14 15:30:30.402  1519  1519 W ResourceType: No package identifier when getting value for resource number 0x00000000
03-14 15:30:30.412  1519  1519 W ResourceType: No package identifier when getting value for resource number 0x00000000
03-14 15:30:30.422  1519  1519 W ResourceType: No package identifier when getting value for resource number 0x00000000
03-14 15:30:30.422  1519  1519 W ResourceType: No package identifier when getting value for resource number 0x00000000
03-14 15:30:30.422   709  7334 I WindowState: WIN DEATH: Window{4210d388 cs240.benjamin.familymap/cs240.benjamin.familymap.MainActivity paused=true}
03-14 15:30:30.422   709  1137 I ActivityManager: Process cs240.benjamin.familymap (pid 31578) has died.
03-14 15:30:30.432  1519  1519 W ResourceType: No package identifier when getting value for resource number 0x00000000
03-14 15:30:30.432  1519  1519 W ResourceType: No package identifier when getting value for resource number 0x00000000
03-14 15:30:30.442  1519  1519 W ResourceType: No package identifier when getting value for resource number 0x00000000
03-14 15:30:30.442  1519  1519 W ResourceType: No package identifier when getting value for resource number 0x00000000
03-14 15:30:30.452  1519  1519 W ResourceType: No package identifier when getting value for resource number 0x00000000
03-14 15:30:30.452  1519  1519 W ResourceType: No package identifier when getting value for resource number 0x00000000
03-14 15:30:30.462  1519  1519 W ResourceType: No package identifier when getting value for resource number 0x00000000
03-14 15:30:30.462  1519  1519 W ResourceType: No package identifier when getting value for resource number 0x00000000
03-14 15:30:30.472  1519  1519 W ResourceType: No package identifier when getting value for resource number 0x00000000
03-14 15:30:30.472  1519  1519 W ResourceType: No package identifier when getting value for resource number 0x00000000
03-14 15:30:30.472  1519  1519 W ResourceType: No package identifier when getting value for resource number 0x00000000
03-14 15:30:30.482  1519  1519 W ResourceType: No package identifier when getting value for resource number 0x00000000
03-14 15:30:30.482  1519  1519 W ResourceType: No package identifier when getting value for resource number 0x00000000
03-14 15:30:30.492  1519  1519 W ResourceType: No package identifier when getting value for resource number 0x00000000
03-14 15:30:30.492  1519  1519 W ResourceType: No package identifier when getting value for resource number 0x00000000
03-14 15:30:30.492  1519  1519 W ResourceType: No package identifier when getting value for resource number 0x00000000
03-14 15:30:30.502  1519  1519 W ResourceType: No package identifier when getting value for resource number 0x00000000
03-14 15:30:30.502  1519  1519 W ResourceType: No package identifier when getting value for resource number 0x00000000
03-14 15:30:30.512  1519  1519 W ResourceType: No package identifier when getting value for resource number 0x00000000
03-14 15:30:30.512  1519  1519 W ResourceType: No package identifier when getting value for resource number 0x00000000
03-14 15:30:30.522  1519  1519 W ResourceType: No package identifier when getting value for resource number 0x00000000
03-14 15:30:30.532  1519  1519 W ResourceType: No package identifier when getting value for resource number 0x00000000
03-14 15:30:30.532  1519  1519 W ResourceType: No package identifier when getting value for resource number 0x00000000
03-14 15:30:30.532  1519  1519 W ResourceType: No package identifier when getting value for resource number 0x00000000
03-14 15:30:30.542  1519  1519 W ResourceType: No package identifier when getting value for resource number 0x00000000
03-14 15:30:30.542  1519  1519 W ResourceType: No package identifier when getting value for resource number 0x00000000
03-14 15:30:30.552  1519  1519 I Launcher: onPause
03-14 15:30:30.552  1519  1519 I Adreno200-EGLSUB: <ConfigWindowMatch:2087>: Format RGBA_8888.
03-14 15:30:30.652   344   506 I Adreno200-EGLSUB: <CreateImage:897>: Android Image
03-14 15:30:30.652   344   506 I Adreno200-EGLSUB: <GetImageAttributes:1106>: RGBA_8888
03-14 15:30:30.742  2232  2232 F libc    : Fatal signal 13 (SIGPIPE) at 0x000008b8 (code=0), thread 2232 (sh)
03-14 15:30:30.852   342   342 I DEBUG   : *** *** *** *** *** *** *** *** *** *** *** *** *** *** *** ***
03-14 15:30:30.852   342   342 I DEBUG   : Build fingerprint: 'motorola/XT897_us_spr/asanti_c:4.1.2/9.8.2Q-122_XT897_FFW-8/9:user/release-keys'
03-14 15:30:30.852   342   342 I DEBUG   : pid: 2232, tid: 2232, name: sh  >>> /system/bin/sh <<<
03-14 15:30:30.852   342   342 I DEBUG   : signal 13 (SIGPIPE), code -6 (?), fault addr --------
03-14 15:30:30.852   342   342 I DEBUG   :     r0 ffffffe0  r1 416a9fe0  r2 00000fc0  r3 00000fd2
03-14 15:30:30.852   342   342 I DEBUG   :     r4 00000000  r5 00000003  r6 416a9fbc  r7 00000004
03-14 15:30:30.852   342   342 I DEBUG   :     r8 416a9fe0  r9 416a9f30  sl 416a9fe0  fp 40101cb8
03-14 15:30:30.852   342   342 I DEBUG   :     ip 40105f40  sp bed2c710  lr 400ee501  pc 401489f8  cpsr 00000010
03-14 15:30:30.852   342   342 I DEBUG   :     d0  762f3a6e6962732f  d1  69622f726f646e65
03-14 15:30:30.852   342   342 I DEBUG   :     d2  65747379732f3a6e  d3  2f3a6e6962732f6d
03-14 15:30:30.852   342   342 I DEBUG   :     d4  0000000000000000  d5  0000000000000000
03-14 15:30:30.852   342   342 I DEBUG   :     d6  0000000000000000  d7  51edea5300000000
03-14 15:30:30.852   342   342 I DEBUG   :     d8  0000000000000000  d9  0000000000000000
03-14 15:30:30.852   342   342 I DEBUG   :     d10 0000000000000000  d11 0000000000000000
03-14 15:30:30.852   342   342 I DEBUG   :     d12 0000000000000000  d13 0000000000000000
03-14 15:30:30.852   342   342 I DEBUG   :     d14 0000000000000000  d15 0000000000000000
03-14 15:30:30.852   342   342 I DEBUG   :     d16 4150243d48544150  d17 6d6f63202e3a4854
03-14 15:30:30.852   342   342 I DEBUG   :     d18 6a2e6e6f6464612e  d19 747379732f3a7261
