03-14 14:22:15.422   342   342 I DEBUG   :     4013ea18 ef000000 e8bd00f0 e1b00000 512fff1e  ............../Q
03-14 14:22:15.422   342   342 I DEBUG   : 
03-14 14:22:15.422   342   342 I DEBUG   : code around lr:
03-14 14:22:15.422   342   342 I DEBUG   :     400d84e0 f7f36800 4631ed6a 46584602 fe64f009  .h..j.1F.FXF..d.
03-14 14:22:15.422   342   342 I DEBUG   :     400d84f0 b320e025 200146c2 463a4651 ed80f7f3  %. ..F. QF:F....
03-14 14:22:15.422   342   342 I DEBUG   :     400d8500 bf1c1c43 0707ebc0 d1154482 ed1ef7f3  C........D......
03-14 14:22:15.422   342   342 I DEBUG   :     400d8510 2a046802 f7f3d010 6800ed1a ed4cf7f3  .h.*.......h..L.
03-14 14:22:15.422   342   342 I DEBUG   :     400d8520 44794916 48164602 f0094478 b17dfe45  .IyD.F.HxD..E.}.
03-14 14:22:15.422   709   735 I BootReceiver: Copying /data/tombstones/tombstone_04 to DropBox (SYSTEM_TOMBSTONE)
03-14 14:22:15.542   709  1273 D dalvikvm: GC_FOR_ALLOC freed 2362K, 20% free 22843K/28423K, paused 121ms, total 124ms
03-14 14:22:15.552  1001  1001 D ModemStatsService: receive intent android.intent.action.DROPBOX_ENTRY_ADDED
03-14 14:22:15.552  1001  1001 D ModemStatsService: receive intent, tagname is SYSTEM_TOMBSTONE time is 1457986935561 isMobileDataConnected : false
03-14 14:22:16.513 25022 25022 F libc    : Fatal signal 13 (SIGPIPE) at 0x000061be (code=0), thread 25022 (sh)
03-14 14:22:16.623   342   342 I DEBUG   : *** *** *** *** *** *** *** *** *** *** *** *** *** *** *** ***
03-14 14:22:16.623   342   342 I DEBUG   : Build fingerprint: 'motorola/XT897_us_spr/asanti_c:4.1.2/9.8.2Q-122_XT897_FFW-8/9:user/release-keys'
03-14 14:22:16.623   342   342 I DEBUG   : pid: 25022, tid: 25022, name: sh  >>> /system/bin/sh <<<
03-14 14:22:16.623   342   342 I DEBUG   : signal 13 (SIGPIPE), code -6 (?), fault addr --------
03-14 14:22:16.623   342   342 I DEBUG   :     r0 ffffffe0  r1 41694fe0  r2 00000fc3  r3 00000000
03-14 14:22:16.623   342   342 I DEBUG   :     r4 00000000  r5 00000003  r6 41694fbc  r7 00000004
03-14 14:22:16.623   342   342 I DEBUG   :     r8 41694fe0  r9 41694f30  sl 41694fe0  fp 4009ecb8
03-14 14:22:16.623   342   342 I DEBUG   :     ip 400a2f40  sp bebbf710  lr 4008b501  pc 400b49f8  cpsr 00000010
03-14 14:22:16.623   342   342 I DEBUG   :     d0  762f3a6e6962732f  d1  69622f726f646e65
03-14 14:22:16.623   342   342 I DEBUG   :     d2  65747379732f3a6e  d3  2f3a6e6962732f6d
03-14 14:22:16.633   342   342 I DEBUG   :     d4  0000000000000000  d5  0000000000000000
03-14 14:22:16.633   342   342 I DEBUG   :     d6  0000000000000000  d7  75d7d38a00000000
03-14 14:22:16.633   342   342 I DEBUG   :     d8  0000000000000000  d9  0000000000000000
03-14 14:22:16.633   342   342 I DEBUG   :     d10 0000000000000000  d11 0000000000000000
03-14 14:22:16.633   342   342 I DEBUG   :     d12 0000000000000000  d13 0000000000000000
03-14 14:22:16.633   342   342 I DEBUG   :     d14 0000000000000000  d15 0000000000000000
03-14 14:22:16.633   342   342 I DEBUG   :     d16 4150243d48544150  d17 6d6f63202e3a4854
03-14 14:22:16.633   342   342 I DEBUG   :     d18 6a2e6e6f6464612e  d19 747379732f3a7261
03-14 14:22:16.643   342   342 I DEBUG   :     d20 656d6172662f6d65  d21 6d6f632f6b726f77
03-14 14:22:16.643   342   342 I DEBUG   :     d22 6c6f726f746f6d2e  d23 696f72646e612e61
03-14 14:22:16.643   342   342 I DEBUG   :     d24 0000000000000000  d25 0000000000000000
03-14 14:22:16.643   342   342 I DEBUG   :     d26 0000000000000000  d27 0000000000000000
03-14 14:22:16.643   342   342 I DEBUG   :     d28 0000000000000000  d29 0000000000000000
03-14 14:22:16.643   342   342 I DEBUG   :     d30 0000000000000000  d31 0000000000000000
03-14 14:22:16.643   342   342 I DEBUG   :     scr 00000010
03-14 14:22:16.643   342   342 I DEBUG   : 
03-14 14:22:16.643   342   342 I DEBUG   : backtrace:
03-14 14:22:16.643   342   342 I DEBUG   :     #00  pc 0000c9f8  /system/lib/libc.so (write+12)
03-14 14:22:16.643   342   342 I DEBUG   :     #01  pc 0000e4fd  /system/bin/mksh
03-14 14:22:16.643   342   342 I DEBUG   : 
03-14 14:22:16.643   342   342 I DEBUG   : stack:
03-14 14:22:16.643   342   342 I DEBUG   :          bebbf6d0  0000100b  
03-14 14:22:16.643   342   342 I DEBUG   :          bebbf6d4  400bd597  /system/lib/libc.so (dlmalloc+5322)
03-14 14:22:16.643   342   342 I DEBUG   :          bebbf6d8  00000000  
03-14 14:22:16.643   342   342 I DEBUG   :          bebbf6dc  00000004  
03-14 14:22:16.643   342   342 I DEBUG   :          bebbf6e0  41694f90  [heap]
03-14 14:22:16.643   342   342 I DEBUG   :          bebbf6e4  400bd597  /system/lib/libc.so (dlmalloc+5322)
03-14 14:22:16.643   342   342 I DEBUG   :          bebbf6e8  00000000  
03-14 14:22:16.643   342   342 I DEBUG   :          bebbf6ec  400a2eac  /system/bin/mksh
03-14 14:22:16.643   342   342 I DEBUG   :          bebbf6f0  41694f28  [heap]
03-14 14:22:16.643   342   342 I DEBUG   :          bebbf6f4  400a7cc4  
03-14 14:22:16.643   342   342 I DEBUG   :          bebbf6f8  00000000  
03-14 14:22:16.643   342   342 I DEBUG   :          bebbf6fc  41694fe0  [heap]
03-14 14:22:16.643   342   342 I DEBUG   :          bebbf700  00000000  
03-14 14:22:16.643   342   342 I DEBUG   :          bebbf704  00000003  
03-14 14:22:16.653   342   342 I DEBUG   :          bebbf708  df0027ad  
03-14 14:22:16.653   342   342 I DEBUG   :          bebbf70c  00000000  
03-14 14:22:16.653   342   342 I DEBUG   :     #00  bebbf710  00000000  
03-14 14:22:16.653   342   342 I DEBUG   :          bebbf714  00000fc3  
03-14 14:22:16.653   342   342 I DEBUG   :     #01  bebbf718  41694f28  [heap]
03-14 14:22:16.653   342   342 I DEBUG   :          bebbf71c  00013804  
03-14 14:22:16.663   342   342 I DEBUG   :          bebbf720  00000001  
03-14 14:22:16.663   342   342 I DEBUG   :          bebbf724  400a2eac  /system/bin/mksh
03-14 14:22:16.663   342   342 I DEBUG   :          bebbf728  400a7d84  
03-14 14:22:16.663   342   342 I DEBUG   :          bebbf72c  400a7d88  
03-14 14:22:16.663   342   342 I DEBUG   :          bebbf730  400a7bb0  
03-14 14:22:16.663   342   342 I DEBUG   :          bebbf734  41694f28  [heap]
03-14 14:22:16.663   342   342 I DEBUG   :          bebbf738  41691f9c  [heap]
03-14 14:22:16.663   342   342 I DEBUG   :          bebbf73c  400a7df6  
03-14 14:22:16.663   342   342 I DEBUG   :          bebbf740  00000001  
03-14 14:22:16.663   342   342 I DEBUG   :          bebbf744  400885cd  /system/bin/mksh
03-14 14:22:16.663   342   342 I DEBUG   :          bebbf748  41694f28  [heap]
03-14 14:22:16.663   342   342 I DEBUG   :          bebbf74c  0000001f  
03-14 14:22:16.663   342   342 I DEBUG   :          bebbf750  41694fac  [heap]
03-14 14:22:16.663   342   342 I DEBUG   :          bebbf754  41694b3c  [heap]
03-14 14:22:16.663   342   342 I DEBUG   : 
03-14 14:22:16.663   342   342 I DEBUG   : memory near r1:
03-14 14:22:16.663   342   342 I DEBUG   :     41694fc0 656e2f63 74782f74 6174715f 64697567  c/net/xt_qtaguid
03-14 14:22:16.663   342   342 I DEBUG   :     41694fd0 6174732f 00007374 00000000 0000100b  /stats..........
03-14 14:22:16.663   342   342 I DEBUG   :     41694fe0 20786469 63616669 63612065 745f7463  idx iface acct_t
03-14 14:22:16.663   342   342 I DEBUG   :     41694ff0 685f6761 75207865 745f6469 695f6761  ag_hex uid_tag_i
03-14 14:22:16.673   342   342 I DEBUG   :     41695000 6320746e 735f746e 72207465 79625f78  nt cnt_set rx_by
03-14 14:22:16.673   342   342 I DEBUG   : 
03-14 14:22:16.673   342   342 I DEBUG   : memory near r6:
03-14 14:22:16.673   342   342 I DEBUG   :     41694f9c 400f15b4 00000010 00000012 00000000  ...@............
03-14 14:22:16.673   342   342 I DEBUG   :     41694fac 00746163 00000000 0000002b 41694fa8  cat.....+....OiA
03-14 14:22:16.673   342   342 I DEBUG   :     41694fbc 6f72702f 656e2f63 74782f74 6174715f  /proc/net/xt_qta
03-14 14:22:16.673   342   342 I DEBUG   :     41694fcc 64697567 6174732f 00007374 00000000  guid/stats......
03-14 14:22:16.673   342   342 I DEBUG   :     41694fdc 0000100b 20786469 63616669 63612065  ....idx iface ac
03-14 14:22:16.673   342   342 I DEBUG   : 
03-14 14:22:16.673   342   342 I DEBUG   : memory near r8:
03-14 14:22:16.673   342   342 I DEBUG   :     41694fc0 656e2f63 74782f74 6174715f 64697567  c/net/xt_qtaguid
03-14 14:22:16.673   342   342 I DEBUG   :     41694fd0 6174732f 00007374 00000000 0000100b  /stats..........
03-14 14:22:16.673   342   342 I DEBUG   :     41694fe0 20786469 63616669 63612065 745f7463  idx iface acct_t
03-14 14:22:16.673   342   342 I DEBUG   :     41694ff0 685f6761 75207865 745f6469 695f6761  ag_hex uid_tag_i
03-14 14:22:16.673   342   342 I DEBUG   :     41695000 6320746e 735f746e 72207465 79625f78  nt cnt_set rx_by
03-14 14:22:16.673   342   342 I DEBUG   : 
03-14 14:22:16.673   342   342 I DEBUG   : memory near r9:
03-14 14:22:16.673   342   342 I DEBUG   :     41694f10 00000000 00000004 00000000 0000001b  ................
03-14 14:22:16.673   342   342 I DEBUG   :     41694f20 41694fb8 00000000 41694fac 41694fbc  .OiA.....OiA.OiA
03-14 14:22:16.673   342   342 I DEBUG   :     41694f30 00000000 00000063 41694f20 41694bf8  ....c... OiA.KiA
03-14 14:22:16.673   342   342 I DEBUG   :     41694f40 bebbfbbc 00000000 00000000 4169100c  ..............iA
03-14 14:22:16.673   342   342 I DEBUG   :     41694f50 41694f3c 41694a6c 00000006 00000003  <OiAlJiA........
03-14 14:22:16.673   342   342 I DEBUG   : 
03-14 14:22:16.673   342   342 I DEBUG   : memory near sl:
03-14 14:22:16.673   342   342 I DEBUG   :     41694fc0 656e2f63 74782f74 6174715f 64697567  c/net/xt_qtaguid
03-14 14:22:16.673   342   342 I DEBUG   :     41694fd0 6174732f 00007374 00000000 0000100b  /stats..........
03-14 14:22:16.673   342   342 I DEBUG   :     41694fe0 20786469 63616669 63612065 745f7463  idx iface acct_t
03-14 14:22:16.673   342   342 I DEBUG   :     41694ff0 685f6761 75207865 745f6469 695f6761  ag_hex uid_tag_i
03-14 14:22:16.673   342   342 I DEBUG   :     41695000 6320746e 735f746e 72207465 79625f78  nt cnt_set rx_by
03-14 14:22:16.673   342   342 I DEBUG   : 
03-14 14:22:16.673   342   342 I DEBUG   : memory near fp:
03-14 14:22:16.673   342   342 I DEBUG   :     4009ec98 27000a27 49005c00 22005346 27262423  '..'.\.IFS."#$&'
03-14 14:22:16.673   342   342 I DEBUG   :     4009eca8 3a2a2928 3e3d3c3b 605c5b3f 007d7c7b  ()*:;<=>?[\`{|}.
03-14 14:22:16.673   342   342 I DEBUG   :     4009ecb8 203a7325 67007325 68626172 00747369  %s: %s.grabhist.
03-14 14:22:16.673   342   342 I DEBUG   :     4009ecc8 20646162 74736968 2079726f 61727261  bad history arra
03-14 14:22:16.673   342   342 I DEBUG   :     4009ecd8 20200079 25002020 64252073 20636600  y.    .%s %d.fc 
03-14 14:22:16.673   342   342 I DEBUG   : 
03-14 14:22:16.673   342   342 I DEBUG   : memory near ip:
03-14 14:22:16.673   342   342 I DEBUG   :     400a2f20 400b5184 400c1a09 400caba1 400b5558  .Q.@...@...@XU.@
03-14 14:22:16.673   342   342 I DEBUG   :     400a2f30 400b45ec 400b49d0 400b6b68 400bf061  .E.@.I.@hk.@a..@
03-14 14:22:16.673   342   342 I DEBUG   :     400a2f40 400b49ec 400c08a5 400b4894 400c1935  .I.@...@.H.@5..@
03-14 14:22:16.673   342   342 I DEBUG   :     400a2f50 400b59a0 400c196d 400b5d6c 400b514c  .Y.@m..@l].@LQ.@
03-14 14:22:16.673   342   342 I DEBUG   :     400a2f60 400b4878 400b485c 400b4678 400b5340  xH.@\H.@xF.@@S.@
03-14 14:22:16.673   342   342 I DEBUG   : 
03-14 14:22:16.673   342   342 I DEBUG   : memory near sp:
03-14 14:22:16.673   342   342 I DEBUG   :     bebbf6f0 41694f28 400a7cc4 00000000 41694fe0  (OiA.|.@.....OiA
03-14 14:22:16.673   342   342 I DEBUG   :     bebbf700 00000000 00000003 df0027ad 00000000  .........'......
03-14 14:22:16.673   342   342 I DEBUG   :     bebbf710 00000000 00000fc3 41694f28 00013804  ........(OiA.8..
03-14 14:22:16.673   342   342 I DEBUG   :     bebbf720 00000001 400a2eac 400a7d84 400a7d88  .......@.}.@.}.@
03-14 14:22:16.673   342   342 I DEBUG   :     bebbf730 400a7bb0 41694f28 41691f9c 400a7df6  .{.@(OiA..iA.}.@
03-14 14:22:16.673   342   342 I DEBUG   : 
03-14 14:22:16.673   342   342 I DEBUG   : code around pc:
03-14 14:22:16.673   342   342 I DEBUG   :     400b49d8 ef000000 e8bd0090 e1b00000 512fff1e  ............../Q
03-14 14:22:16.673   342   342 I DEBUG   :     400b49e8 ea00b4ec e92d0090 e3a07004 ef000000  ......-..p......
03-14 14:22:16.673   342   342 I DEBUG   :     400b49f8 e8bd0090 e1b00000 512fff1e ea00b4e5  ........../Q....
03-14 14:22:16.673   342   342 I DEBUG   :     400b4a08 e1a0c00d e92d00f0 e89c0070 e3a070b4  ......-.p....p..
03-14 14:22:16.673   342   342 I DEBUG   :     400b4a18 ef000000 e8bd00f0 e1b00000 512fff1e  ............../Q
03-14 14:22:16.673   342   342 I DEBUG   : 
03-14 14:22:16.673   342   342 I DEBUG   : code around lr:
03-14 14:22:16.673   342   342 I DEBUG   :     4008b4e0 f7f36800 4631ed6a 46584602 fe64f009  .h..j.1F.FXF..d.
03-14 14:22:16.673   342   342 I DEBUG   :     4008b4f0 b320e025 200146c2 463a4651 ed80f7f3  %. ..F. QF:F....
03-14 14:22:16.673   342   342 I DEBUG   :     4008b500 bf1c1c43 0707ebc0 d1154482 ed1ef7f3  C........D......
03-14 14:22:16.673   342   342 I DEBUG   :     4008b510 2a046802 f7f3d010 6800ed1a ed4cf7f3  .h.*.......h..L.
03-14 14:22:16.673   342   342 I DEBUG   :     4008b520 44794916 48164602 f0094478 b17dfe45  .IyD.F.HxD..E.}.
03-14 14:22:16.673   709   735 I BootReceiver: Copying /data/tombstones/tombstone_00 to DropBox (SYSTEM_TOMBSTONE)
03-14 14:22:16.713  1001  1001 D ModemStatsService: receive intent android.intent.action.DROPBOX_ENTRY_ADDED
03-14 14:22:16.713  1001  1001 D ModemStatsService: receive intent, tagname is SYSTEM_TOMBSTONE time is 1457986936720 isMobileDataConnected : false
03-14 14:22:17.224 25030 25030 F libc    : Fatal signal 13 (SIGPIPE) at 0x000061c6 (code=0), thread 25030 (sh)
03-14 14:22:17.324   342   342 I DEBUG   : *** *** *** *** *** *** *** *** *** *** *** *** *** *** *** ***
03-14 14:22:17.324   342   342 I DEBUG   : Build fingerprint: 'motorola/XT897_us_spr/asanti_c:4.1.2/9.8.2Q-122_XT897_FFW-8/9:user/release-keys'
03-14 14:22:17.324   342   342 I DEBUG   : pid: 25030, tid: 25030, name: sh  >>> /system/bin/sh <<<
03-14 14:22:17.324   342   342 I DEBUG   : signal 13 (SIGPIPE), code -6 (?), fault addr --------
03-14 14:22:17.324   342   342 I DEBUG   :     r0 ffffffe0  r1 40ea1fe0  r2 00000fc3  r3 00000000
03-14 14:22:17.324   342   342 I DEBUG   :     r4 00000000  r5 00000003  r6 40ea1fbc  r7 00000004
03-14 14:22:17.324   342   342 I DEBUG   :     r8 40ea1fe0  r9 40ea1f30  sl 40ea1fe0  fp 4003fcb8
03-14 14:22:17.324   342   342 I DEBUG   :     ip 40043f40  sp bed06710  lr 4002c501  pc 401059f8  cpsr 00000010
03-14 14:22:17.324   342   342 I DEBUG   :     d0  762f3a6e6962732f  d1  69622f726f646e65
03-14 14:22:17.324   342   342 I DEBUG   :     d2  65747379732f3a6e  d3  2f3a6e6962732f6d
03-14 14:22:17.324   342   342 I DEBUG   :     d4  0000000000000000  d5  0000000000000000
03-14 14:22:17.324   342   342 I DEBUG   :     d6  0000000000000000  d7  75e292aa00000000
03-14 14:22:17.324   342   342 I DEBUG   :     d8  0000000000000000  d9  0000000000000000
03-14 14:22:17.324   342   342 I DEBUG   :     d10 0000000000000000  d11 0000000000000000
03-14 14:22:17.324   342   342 I DEBUG   :     d12 0000000000000000  d13 0000000000000000
03-14 14:22:17.324   342   342 I DEBUG   :     d14 0000000000000000  d15 0000000000000000
03-14 14:22:17.324   342   342 I DEBUG   :     d16 4150243d48544150  d17 6d6f63202e3a4854
03-14 14:22:17.324   342   342 I DEBUG   :     d18 6a2e6e6f6464612e  d19 747379732f3a7261
03-14 14:22:17.324   342   342 I DEBUG   :     d20 656d6172662f6d65  d21 6d6f632f6b726f77
03-14 14:22:17.324   342   342 I DEBUG   :     d22 6c6f726f746f6d2e  d23 696f72646e612e61
03-14 14:22:17.324   342   342 I DEBUG   :     d24 0000000000000000  d25 0000000000000000
03-14 14:22:17.324   342   342 I DEBUG   :     d26 0000000000000000  d27 0000000000000000
03-14 14:22:17.324   342   342 I DEBUG   :     d28 0000000000000000  d29 0000000000000000
03-14 14:22:17.324   342   342 I DEBUG   :     d30 0000000000000000  d31 0000000000000000
03-14 14:22:17.324   342   342 I DEBUG   :     scr 00000010
03-14 14:22:17.324   342   342 I DEBUG   : 
03-14 14:22:17.324   342   342 I DEBUG   : backtrace:
03-14 14:22:17.324   342   342 I DEBUG   :     #00  pc 0000c9f8  /system/lib/libc.so (write+12)
03-14 14:22:17.324   342   342 I DEBUG   :     #01  pc 0000e4fd  /system/bin/mksh
03-14 14:22:17.324   342   342 I DEBUG   : 
03-14 14:22:17.324   342   342 I DEBUG   : stack:
03-14 14:22:17.324   342   342 I DEBUG   :          bed066d0  0000100b  
03-14 14:22:17.324   342   342 I DEBUG   :          bed066d4  4010e597  /system/lib/libc.so (dlmalloc+5322)
03-14 14:22:17.324   342   342 I DEBUG   :          bed066d8  00000000  
03-14 14:22:17.324   342   342 I DEBUG   :          bed066dc  00000004  
03-14 14:22:17.324   342   342 I DEBUG   :          bed066e0  40ea1f90  [heap]
03-14 14:22:17.324   342   342 I DEBUG   :          bed066e4  4010e597  /system/lib/libc.so (dlmalloc+5322)
03-14 14:22:17.324   342   342 I DEBUG   :          bed066e8  00000000  
03-14 14:22:17.324   342   342 I DEBUG   :          bed066ec  40043eac  /system/bin/mksh
03-14 14:22:17.324   342   342 I DEBUG   :          bed066f0  40ea1f28  [heap]
03-14 14:22:17.324   342   342 I DEBUG   :          bed066f4  40048cc4  
03-14 14:22:17.324   342   342 I DEBUG   :          bed066f8  00000000  
03-14 14:22:17.324   342   342 I DEBUG   :          bed066fc  40ea1fe0  [heap]
03-14 14:22:17.324   342   342 I DEBUG   :          bed06700  00000000  
03-14 14:22:17.324   342   342 I DEBUG   :          bed06704  00000003  
03-14 14:22:17.324   342   342 I DEBUG   :          bed06708  df0027ad  
03-14 14:22:17.324   342   342 I DEBUG   :          bed0670c  00000000  
03-14 14:22:17.324   342   342 I DEBUG   :     #00  bed06710  00000000  
03-14 14:22:17.324   342   342 I DEBUG   :          bed06714  00000fc3  
03-14 14:22:17.324   342   342 I DEBUG   :     #01  bed06718  40ea1f28  [heap]
03-14 14:22:17.324   342   342 I DEBUG   :          bed0671c  00013804  
03-14 14:22:17.324   342   342 I DEBUG   :          bed06720  00000001  
03-14 14:22:17.324   342   342 I DEBUG   :          bed06724  40043eac  /system/bin/mksh
03-14 14:22:17.324   342   342 I DEBUG   :          bed06728  40048d84  
03-14 14:22:17.324   342   342 I DEBUG   :          bed0672c  40048d88  
03-14 14:22:17.324   342   342 I DEBUG   :          bed06730  40048bb0  
03-14 14:22:17.324   342   342 I DEBUG   :          bed06734  40ea1f28  [heap]
03-14 14:22:17.324   342   342 I DEBUG   :          bed06738  40e9ef9c  [heap]
03-14 14:22:17.324   342   342 I DEBUG   :          bed0673c  40048df6  
03-14 14:22:17.324   342   342 I DEBUG   :          bed06740  00000001  
03-14 14:22:17.324   342   342 I DEBUG   :          bed06744  400295cd  /system/bin/mksh
03-14 14:22:17.324   342   342 I DEBUG   :          bed06748  40ea1f28  [heap]
03-14 14:22:17.324   342   342 I DEBUG   :          bed0674c  0000001f  
03-14 14:22:17.324   342   342 I DEBUG   :          bed06750  40ea1fac  [heap]
03-14 14:22:17.324   342   342 I DEBUG   :          bed06754  40ea1b3c  [heap]
03-14 14:22:17.324   342   342 I DEBUG   : 
03-14 14:22:17.324   342   342 I DEBUG   : memory near r1:
03-14 14:22:17.324   342   342 I DEBUG   :     40ea1fc0 656e2f63 74782f74 6174715f 64697567  c/net/xt_qtaguid
03-14 14:22:17.324   342   342 I DEBUG   :     40ea1fd0 6174732f 00007374 00000000 0000100b  /stats..........
03-14 14:22:17.324   342   342 I DEBUG   :     40ea1fe0 20786469 63616669 63612065 745f7463  idx iface acct_t
03-14 14:22:17.324   342   342 I DEBUG   :     40ea1ff0 685f6761 75207865 745f6469 695f6761  ag_hex uid_tag_i
03-14 14:22:17.324   342   342 I DEBUG   :     40ea2000 6320746e 735f746e 72207465 79625f78  nt cnt_set rx_by
03-14 14:22:17.324   342   342 I DEBUG   : 
03-14 14:22:17.324   342   342 I DEBUG   : memory near r6:
03-14 14:22:17.324   342   342 I DEBUG   :     40ea1f9c 401425b4 00000010 00000012 00000000  .%.@............
03-14 14:22:17.324   342   342 I DEBUG   :     40ea1fac 00746163 00000000 0000002b 40ea1fa8  cat.....+......@
03-14 14:22:17.324   342   342 I DEBUG   :     40ea1fbc 6f72702f 656e2f63 74782f74 6174715f  /proc/net/xt_qta
03-14 14:22:17.324   342   342 I DEBUG   :     40ea1fcc 64697567 6174732f 00007374 00000000  guid/stats......
03-14 14:22:17.324   342   342 I DEBUG   :     40ea1fdc 0000100b 20786469 63616669 63612065  ....idx iface ac
03-14 14:22:17.324   342   342 I DEBUG   : 
03-14 14:22:17.324   342   342 I DEBUG   : memory near r8:
03-14 14:22:17.324   342   342 I DEBUG   :     40ea1fc0 656e2f63 74782f74 6174715f 64697567  c/net/xt_qtaguid
03-14 14:22:17.324   342   342 I DEBUG   :     40ea1fd0 6174732f 00007374 00000000 0000100b  /stats..........
03-14 14:22:17.324   342   342 I DEBUG   :     40ea1fe0 20786469 63616669 63612065 745f7463  idx iface acct_t
03-14 14:22:17.324   342   342 I DEBUG   :     40ea1ff0 685f6761 75207865 745f6469 695f6761  ag_hex uid_tag_i
03-14 14:22:17.324   342   342 I DEBUG   :     40ea2000 6320746e 735f746e 72207465 79625f78  nt cnt_set rx_by
03-14 14:22:17.324   342   342 I DEBUG   : 
03-14 14:22:17.324   342   342 I DEBUG   : memory near r9:
03-14 14:22:17.324   342   342 I DEBUG   :     40ea1f10 00000000 00000004 00000000 0000001b  ................
03-14 14:22:17.324   342   342 I DEBUG   :     40ea1f20 40ea1fb8 00000000 40ea1fac 40ea1fbc  ...@.......@...@
03-14 14:22:17.324   342   342 I DEBUG   :     40ea1f30 00000000 00000063 40ea1f20 40ea1bf8  ....c... ..@...@
03-14 14:22:17.324   342   342 I DEBUG   :     40ea1f40 bed06bbc 00000000 00000000 40e9e00c  .k.............@
03-14 14:22:17.324   342   342 I DEBUG   :     40ea1f50 40ea1f3c 40ea1a6c 00000006 00000003  <..@l..@........
03-14 14:22:17.324   342   342 I DEBUG   : 
03-14 14:22:17.324   342   342 I DEBUG   : memory near sl:
03-14 14:22:17.324   342   342 I DEBUG   :     40ea1fc0 656e2f63 74782f74 6174715f 64697567  c/net/xt_qtaguid
03-14 14:22:17.324   342   342 I DEBUG   :     40ea1fd0 6174732f 00007374 00000000 0000100b  /stats..........
03-14 14:22:17.324   342   342 I DEBUG   :     40ea1fe0 20786469 63616669 63612065 745f7463  idx iface acct_t
03-14 14:22:17.324   342   342 I DEBUG   :     40ea1ff0 685f6761 75207865 745f6469 695f6761  ag_hex uid_tag_i
03-14 14:22:17.324   342   342 I DEBUG   :     40ea2000 6320746e 735f746e 72207465 79625f78  nt cnt_set rx_by
03-14 14:22:17.324   342   342 I DEBUG   : 
03-14 14:22:17.324   342   342 I DEBUG   : memory near fp:
03-14 14:22:17.324   342   342 I DEBUG   :     4003fc98 27000a27 49005c00 22005346 27262423  '..'.\.IFS."#$&'
03-14 14:22:17.324   342   342 I DEBUG   :     4003fca8 3a2a2928 3e3d3c3b 605c5b3f 007d7c7b  ()*:;<=>?[\`{|}.
03-14 14:22:17.324   342   342 I DEBUG   :     4003fcb8 203a7325 67007325 68626172 00747369  %s: %s.grabhist.
03-14 14:22:17.324   342   342 I DEBUG   :     4003fcc8 20646162 74736968 2079726f 61727261  bad history arra
03-14 14:22:17.324   342   342 I DEBUG   :     4003fcd8 20200079 25002020 64252073 20636600  y.    .%s %d.fc 
03-14 14:22:17.324   342   342 I DEBUG   : 
03-14 14:22:17.324   342   342 I DEBUG   : memory near ip:
03-14 14:22:17.324   342   342 I DEBUG   :     40043f20 40106184 40112a09 4011bba1 40106558  .a.@.*.@...@Xe.@
03-14 14:22:17.324   342   342 I DEBUG   :     40043f30 401055ec 401059d0 40107b68 40110061  .U.@.Y.@h{.@a..@
03-14 14:22:17.324   342   342 I DEBUG   :     40043f40 401059ec 401118a5 40105894 40112935  .Y.@...@.X.@5).@
03-14 14:22:17.324   342   342 I DEBUG   :     40043f50 401069a0 4011296d 40106d6c 4010614c  .i.@m).@lm.@La.@
03-14 14:22:17.324   342   342 I DEBUG   :     40043f60 40105878 4010585c 40105678 40106340  xX.@\X.@xV.@@c.@
03-14 14:22:17.324   342   342 I DEBUG   : 
03-14 14:22:17.324   342   342 I DEBUG   : memory near sp:
03-14 14:22:17.324   342   342 I DEBUG   :     bed066f0 40ea1f28 40048cc4 00000000 40ea1fe0  (..@...@.......@
03-14 14:22:17.324   342   342 I DEBUG   :     bed06700 00000000 00000003 df0027ad 00000000  .........'......
03-14 14:22:17.324   342   342 I DEBUG   :     bed06710 00000000 00000fc3 40ea1f28 00013804  ........(..@.8..
03-14 14:22:17.324   342   342 I DEBUG   :     bed06720 00000001 40043eac 40048d84 40048d88  .....>.@...@...@
03-14 14:22:17.324   342   342 I DEBUG   :     bed06730 40048bb0 40ea1f28 40e9ef9c 40048df6  ...@(..@...@...@
03-14 14:22:17.324   342   342 I DEBUG   : 
03-14 14:22:17.324   342   342 I DEBUG   : code around pc:
03-14 14:22:17.324   342   342 I DEBUG   :     401059d8 ef000000 e8bd0090 e1b00000 512fff1e  ............../Q
03-14 14:22:17.324   342   342 I DEBUG   :     401059e8 ea00b4ec e92d0090 e3a07004 ef000000  ......-..p......
03-14 14:22:17.324   342   342 I DEBUG   :     401059f8 e8bd0090 e1b00000 512fff1e ea00b4e5  ........../Q....
03-14 14:22:17.324   342   342 I DEBUG   :     40105a08 e1a0c00d e92d00f0 e89c0070 e3a070b4  ......-.p....p..
03-14 14:22:17.324   342   342 I DEBUG   :     40105a18 ef000000 e8bd00f0 e1b00000 512fff1e  ............../Q
03-14 14:22:17.324   342   342 I DEBUG   : 
03-14 14:22:17.324   342   342 I DEBUG   : code around lr:
03-14 14:22:17.324   342   342 I DEBUG   :     4002c4e0 f7f36800 4631ed6a 46584602 fe64f009  .h..j.1F.FXF..d.
03-14 14:22:17.324   342   342 I DEBUG   :     4002c4f0 b320e025 200146c2 463a4651 ed80f7f3  %. ..F. QF:F....
03-14 14:22:17.324   342   342 I DEBUG   :     4002c500 bf1c1c43 0707ebc0 d1154482 ed1ef7f3  C........D......
03-14 14:22:17.324   342   342 I DEBUG   :     4002c510 2a046802 f7f3d010 6800ed1a ed4cf7f3  .h.*.......h..L.
03-14 14:22:17.324   342   342 I DEBUG   :     4002c520 44794916 48164602 f0094478 b17dfe45  .IyD.F.HxD..E.}.
03-14 14:22:17.324   709   735 I BootReceiver: Copying /data/tombstones/tombstone_08 to DropBox (SYSTEM_TOMBSTONE)
03-14 14:22:17.384  1001  1001 D ModemStatsService: receive intent android.intent.action.DROPBOX_ENTRY_ADDED
03-14 14:22:17.384  1001  1001 D ModemStatsService: receive intent, tagname is SYSTEM_TOMBSTONE time is 1457986937385 isMobileDataConnected : false
03-14 14:22:17.894 25038 25038 F libc    : Fatal signal 13 (SIGPIPE) at 0x000061ce (code=0), thread 25038 (sh)
03-14 14:22:17.994   342   342 I DEBUG   : *** *** *** *** *** *** *** *** *** *** *** *** *** *** *** ***
03-14 14:22:17.994   342   342 I DEBUG   : Build fingerprint: 'motorola/XT897_us_spr/asanti_c:4.1.2/9.8.2Q-122_XT897_FFW-8/9:user/release-keys'
03-14 14:22:17.994   342   342 I DEBUG   : pid: 25038, tid: 25038, name: sh  >>> /system/bin/sh <<<
03-14 14:22:17.994   342   342 I DEBUG   : signal 13 (SIGPIPE), code -6 (?), fault addr --------
03-14 14:22:18.004   342   342 I DEBUG   :     r0 ffffffe0  r1 40685fe0  r2 00000ffd  r3 00000fc4
03-14 14:22:18.004   342   342 I DEBUG   :     r4 00000000  r5 00000003  r6 40685fbc  r7 00000004
03-14 14:22:18.004   342   342 I DEBUG   :     r8 40685fe0  r9 40685f30  sl 40685fe0  fp 4006ccb8
03-14 14:22:18.004   342   342 I DEBUG   :     ip 40070f40  sp beedb710  lr 40059501  pc 400829f8  cpsr 00000010
03-14 14:22:18.004   342   342 I DEBUG   :     d0  762f3a6e6962732f  d1  69622f726f646e65
03-14 14:22:18.004   342   342 I DEBUG   :     d2  65747379732f3a6e  d3  2f3a6e6962732f6d
03-14 14:22:18.004   342   342 I DEBUG   :     d4  0000000000000000  d5  0000000000000000
03-14 14:22:18.004   342   342 I DEBUG   :     d6  0000000000000000  d7  75ecb50400000000
03-14 14:22:18.014   342   342 I DEBUG   :     d8  0000000000000000  d9  0000000000000000
03-14 14:22:18.014   342   342 I DEBUG   :     d10 0000000000000000  d11 0000000000000000
03-14 14:22:18.014   342   342 I DEBUG   :     d12 0000000000000000  d13 0000000000000000
03-14 14:22:18.014   342   342 I DEBUG   :     d14 0000000000000000  d15 0000000000000000
03-14 14:22:18.014   342   342 I DEBUG   :     d16 4150243d48544150  d17 6d6f63202e3a4854
03-14 14:22:18.014   342   342 I DEBUG   :     d18 6a2e6e6f6464612e  d19 747379732f3a7261
03-14 14:22:18.014   342   342 I DEBUG   :     d20 656d6172662f6d65  d21 6d6f632f6b726f77
03-14 14:22:18.014   342   342 I DEBUG   :     d22 6c6f726f746f6d2e  d23 696f72646e612e61
03-14 14:22:18.014   342   342 I DEBUG   :     d24 0000000000000000  d25 0000000000000000
03-14 14:22:18.014   342   342 I DEBUG   :     d26 0000000000000000  d27 0000000000000000
03-14 14:22:18.014   342   342 I DEBUG   :     d28 0000000000000000  d29 0000000000000000
03-14 14:22:18.014   342   342 I DEBUG   :     d30 0000000000000000  d31 0000000000000000
03-14 14:22:18.014   342   342 I DEBUG   :     scr 00000010
03-14 14:22:18.014   342   342 I DEBUG   : 
03-14 14:22:18.014   342   342 I DEBUG   : backtrace:
03-14 14:22:18.024   342   342 I DEBUG   :     #00  pc 0000c9f8  /system/lib/libc.so (write+12)
03-14 14:22:18.024   342   342 I DEBUG   :     #01  pc 0000e4fd  /system/bin/mksh
03-14 14:22:18.024   342   342 I DEBUG   : 
03-14 14:22:18.024   342   342 I DEBUG   : stack:
03-14 14:22:18.024   342   342 I DEBUG   :          beedb6d0  0000100b  
03-14 14:22:18.024   342   342 I DEBUG   :          beedb6d4  4008b597  /system/lib/libc.so (dlmalloc+5322)
03-14 14:22:18.024   342   342 I DEBUG   :          beedb6d8  00000000  
03-14 14:22:18.024   342   342 I DEBUG   :          beedb6dc  00000004  
03-14 14:22:18.024   342   342 I DEBUG   :          beedb6e0  40685f90  [heap]
03-14 14:22:18.024   342   342 I DEBUG   :          beedb6e4  4008b597  /system/lib/libc.so (dlmalloc+5322)
03-14 14:22:18.024   342   342 I DEBUG   :          beedb6e8  00000000  
03-14 14:22:18.024   342   342 I DEBUG   :          beedb6ec  40070eac  /system/bin/mksh
03-14 14:22:18.024   342   342 I DEBUG   :          beedb6f0  40685f28  [heap]
03-14 14:22:18.024   342   342 I DEBUG   :          beedb6f4  40075cc4  
03-14 14:22:18.024   342   342 I DEBUG   :          beedb6f8  00000000  
03-14 14:22:18.034   342   342 I DEBUG   :          beedb6fc  40685fe0  [heap]
03-14 14:22:18.034   342   342 I DEBUG   :          beedb700  00000000  
03-14 14:22:18.034   342   342 I DEBUG   :          beedb704  00000003  
03-14 14:22:18.034   342   342 I DEBUG   :          beedb708  df0027ad  
03-14 14:22:18.034   342   342 I DEBUG   :          beedb70c  00000000  
03-14 14:22:18.034   342   342 I DEBUG   :     #00  beedb710  00000000  
03-14 14:22:18.034   342   342 I DEBUG   :          beedb714  00000ffd  
03-14 14:22:18.034   342   342 I DEBUG   :     #01  beedb718  40685f28  [heap]
03-14 14:22:18.034   342   342 I DEBUG   :          beedb71c  00013804  
03-14 14:22:18.034   342   342 I DEBUG   :          beedb720  00000001  
03-14 14:22:18.034   342   342 I DEBUG   :          beedb724  40070eac  /system/bin/mksh
03-14 14:22:18.044   342   342 I DEBUG   :          beedb728  40075d84  
03-14 14:22:18.044   342   342 I DEBUG   :          beedb72c  40075d88  
03-14 14:22:18.044   342   342 I DEBUG   :          beedb730  40075bb0  
03-14 14:22:18.044   342   342 I DEBUG   :          beedb734  40685f28  [heap]
03-14 14:22:18.044   342   342 I DEBUG   :          beedb738  40682f9c  [heap]
03-14 14:22:18.044   342   342 I DEBUG   :          beedb73c  40075df6  
03-14 14:22:18.044   342   342 I DEBUG   :          beedb740  00000001  
03-14 14:22:18.044   342   342 I DEBUG   :          beedb744  400565cd  /system/bin/mksh
03-14 14:22:18.044   342   342 I DEBUG   :          beedb748  40685f28  [heap]
03-14 14:22:18.044   342   342 I DEBUG   :          beedb74c  0000001f  
03-14 14:22:18.044   342   342 I DEBUG   :          beedb750  40685fac  [heap]
03-14 14:22:18.044   342   342 I DEBUG   :          beedb754  40685b3c  [heap]
03-14 14:22:18.044   342   342 I DEBUG   : 
03-14 14:22:18.044   342   342 I DEBUG   : memory near r1:
03-14 14:22:18.044   342   342 I DEBUG   :     40685fc0 656e2f63 74782f74 6174715f 64697567  c/net/xt_qtaguid
03-14 14:22:18.044   342   342 I DEBUG   :     40685fd0 6174732f 00007374 00000000 0000100b  /stats..........
03-14 14:22:18.044   342   342 I DEBUG   :     40685fe0 77203735 306e616c 31783020 30333032  57 wlan0 0x12030
03-14 14:22:18.044   342   342 I DEBUG   :     40685ff0 30303030 20303030 31303031 20312035  0000000 10015 1 
03-14 14:22:18.044   342   342 I DEBUG   :     40686000 20302030 20302030 20302030 20302030  0 0 0 0 0 0 0 0 
03-14 14:22:18.044   342   342 I DEBUG   : 
03-14 14:22:18.044   342   342 I DEBUG   : memory near r6:
03-14 14:22:18.044   342   342 I DEBUG   :     40685f9c 400bf5b4 00000010 00000012 00000000  ...@............
03-14 14:22:18.044   342   342 I DEBUG   :     40685fac 00746163 00000000 0000002b 40685fa8  cat.....+...._h@
03-14 14:22:18.044   342   342 I DEBUG   :     40685fbc 6f72702f 656e2f63 74782f74 6174715f  /proc/net/xt_qta
03-14 14:22:18.044   342   342 I DEBUG   :     40685fcc 64697567 6174732f 00007374 00000000  guid/stats......
03-14 14:22:18.044   342   342 I DEBUG   :     40685fdc 0000100b 77203735 306e616c 31783020  ....57 wlan0 0x1
03-14 14:22:18.044   342   342 I DEBUG   : 
03-14 14:22:18.044   342   342 I DEBUG   : memory near r8:
03-14 14:22:18.044   342   342 I DEBUG   :     40685fc0 656e2f63 74782f74 6174715f 64697567  c/net/xt_qtaguid
03-14 14:22:18.044   342   342 I DEBUG   :     40685fd0 6174732f 00007374 00000000 0000100b  /stats..........
03-14 14:22:18.054   342   342 I DEBUG   :     40685fe0 77203735 306e616c 31783020 30333032  57 wlan0 0x12030
03-14 14:22:18.054   342   342 I DEBUG   :     40685ff0 30303030 20303030 31303031 20312035  0000000 10015 1 
03-14 14:22:18.054   342   342 I DEBUG   :     40686000 20302030 20302030 20302030 20302030  0 0 0 0 0 0 0 0 
03-14 14:22:18.054   342   342 I DEBUG   : 
03-14 14:22:18.054   342   342 I DEBUG   : memory near r9:
03-14 14:22:18.054   342   342 I DEBUG   :     40685f10 00000000 00000004 00000000 0000001b  ................
03-14 14:22:18.054   342   342 I DEBUG   :     40685f20 40685fb8 00000000 40685fac 40685fbc  ._h@....._h@._h@
03-14 14:22:18.054   342   342 I DEBUG   :     40685f30 00000000 00000063 40685f20 40685bf8  ....c... _h@.[h@
03-14 14:22:18.054   342   342 I DEBUG   :     40685f40 beedbbbc 00000000 00000000 4068200c  ............. h@
03-14 14:22:18.054   342   342 I DEBUG   :     40685f50 40685f3c 40685a6c 00000006 00000003  <_h@lZh@........
03-14 14:22:18.054   342   342 I DEBUG   : 
03-14 14:22:18.054   342   342 I DEBUG   : memory near sl:
03-14 14:22:18.054   342   342 I DEBUG   :     40685fc0 656e2f63 74782f74 6174715f 64697567  c/net/xt_qtaguid
03-14 14:22:18.054   342   342 I DEBUG   :     40685fd0 6174732f 00007374 00000000 0000100b  /stats..........
03-14 14:22:18.054   342   342 I DEBUG   :     40685fe0 77203735 306e616c 31783020 30333032  57 wlan0 0x12030
03-14 14:22:18.054   342   342 I DEBUG   :     40685ff0 30303030 20303030 31303031 20312035  0000000 10015 1 
03-14 14:22:18.054   342   342 I DEBUG   :     40686000 20302030 20302030 20302030 20302030  0 0 0 0 0 0 0 0 
03-14 14:22:18.054   342   342 I DEBUG   : 
03-14 14:22:18.054   342   342 I DEBUG   : memory near fp:
03-14 14:22:18.054   342   342 I DEBUG   :     4006cc98 27000a27 49005c00 22005346 27262423  '..'.\.IFS."#$&'
03-14 14:22:18.054   342   342 I DEBUG   :     4006cca8 3a2a2928 3e3d3c3b 605c5b3f 007d7c7b  ()*:;<=>?[\`{|}.
03-14 14:22:18.054   342   342 I DEBUG   :     4006ccb8 203a7325 67007325 68626172 00747369  %s: %s.grabhist.
03-14 14:22:18.054   342   342 I DEBUG   :     4006ccc8 20646162 74736968 2079726f 61727261  bad history arra
03-14 14:22:18.054   342   342 I DEBUG   :     4006ccd8 20200079 25002020 64252073 20636600  y.    .%s %d.fc 
03-14 14:22:18.054   342   342 I DEBUG   : 
03-14 14:22:18.054   342   342 I DEBUG   : memory near ip:
03-14 14:22:18.054   342   342 I DEBUG   :     40070f20 40083184 4008fa09 40098ba1 40083558  .1.@...@...@X5.@
03-14 14:22:18.054   342   342 I DEBUG   :     40070f30 400825ec 400829d0 40084b68 4008d061  .%.@.).@hK.@a..@
03-14 14:22:18.054   342   342 I DEBUG   :     40070f40 400829ec 4008e8a5 40082894 4008f935  .).@...@.(.@5..@
03-14 14:22:18.054   342   342 I DEBUG   :     40070f50 400839a0 4008f96d 40083d6c 4008314c  .9.@m..@l=.@L1.@
03-14 14:22:18.065   342   342 I DEBUG   :     40070f60 40082878 4008285c 40082678 40083340  x(.@\(.@x&.@@3.@
03-14 14:22:18.065   342   342 I DEBUG   : 
03-14 14:22:18.065   342   342 I DEBUG   : memory near sp:
03-14 14:22:18.065   342   342 I DEBUG   :     beedb6f0 40685f28 40075cc4 00000000 40685fe0  (_h@.\.@....._h@
03-14 14:22:18.065   342   342 I DEBUG   :     beedb700 00000000 00000003 df0027ad 00000000  .........'......
03-14 14:22:18.065   342   342 I DEBUG   :     beedb710 00000000 00000ffd 40685f28 00013804  ........(_h@.8..
03-14 14:22:18.065   342   342 I DEBUG   :     beedb720 00000001 40070eac 40075d84 40075d88  .......@.].@.].@
03-14 14:22:18.065   342   342 I DEBUG   :     beedb730 40075bb0 40685f28 40682f9c 40075df6  .[.@(_h@./h@.].@
03-14 14:22:18.065   342   342 I DEBUG   : 
03-14 14:22:18.065   342   342 I DEBUG   : code around pc:
03-14 14:22:18.065   342   342 I DEBUG   :     400829d8 ef000000 e8bd0090 e1b00000 512fff1e  ............../Q
03-14 14:22:18.065   342   342 I DEBUG   :     400829e8 ea00b4ec e92d0090 e3a07004 ef000000  ......-..p......
03-14 14:22:18.065   342   342 I DEBUG   :     400829f8 e8bd0090 e1b00000 512fff1e ea00b4e5  ........../Q....
03-14 14:22:18.065   342   342 I DEBUG   :     40082a08 e1a0c00d e92d00f0 e89c0070 e3a070b4  ......-.p....p..
03-14 14:22:18.065   342   342 I DEBUG   :     40082a18 ef000000 e8bd00f0 e1b00000 512fff1e  ............../Q
03-14 14:22:18.065   342   342 I DEBUG   : 
03-14 14:22:18.065   342   342 I DEBUG   : code around lr:
03-14 14:22:18.065   342   342 I DEBUG   :     400594e0 f7f36800 4631ed6a 46584602 fe64f009  .h..j.1F.FXF..d.
03-14 14:22:18.065   342   342 I DEBUG   :     400594f0 b320e025 200146c2 463a4651 ed80f7f3  %. ..F. QF:F....
03-14 14:22:18.065   342   342 I DEBUG   :     40059500 bf1c1c43 0707ebc0 d1154482 ed1ef7f3  C........D......
03-14 14:22:18.065   342   342 I DEBUG   :     40059510 2a046802 f7f3d010 6800ed1a ed4cf7f3  .h.*.......h..L.
03-14 14:22:18.065   342   342 I DEBUG   :     40059520 44794916 48164602 f0094478 b17dfe45  .IyD.F.HxD..E.}.
03-14 14:22:18.065   709   735 I BootReceiver: Copying /data/tombstones/tombstone_01 to DropBox (SYSTEM_TOMBSTONE)
03-14 14:22:18.095  1001  1001 D ModemStatsService: receive intent android.intent.action.DROPBOX_ENTRY_ADDED
03-14 14:22:18.095  1001  1001 D ModemStatsService: receive intent, tagname is SYSTEM_TOMBSTONE time is 1457986938102 isMobileDataConnected : false
03-14 14:22:19.156 25056 25056 F libc    : Fatal signal 13 (SIGPIPE) at 0x000061e0 (code=0), thread 25056 (sh)
03-14 14:22:19.256   342   342 I DEBUG   : *** *** *** *** *** *** *** *** *** *** *** *** *** *** *** ***
03-14 14:22:19.256   342   342 I DEBUG   : Build fingerprint: 'motorola/XT897_us_spr/asanti_c:4.1.2/9.8.2Q-122_XT897_FFW-8/9:user/release-keys'
03-14 14:22:19.256   342   342 I DEBUG   : pid: 25056, tid: 25056, name: sh  >>> /system/bin/sh <<<
03-14 14:22:19.256   342   342 I DEBUG   : signal 13 (SIGPIPE), code -6 (?), fault addr --------
03-14 14:22:19.256   342   342 I DEBUG   :     r0 ffffffe0  r1 400b3008  r2 00000fc3  r3 00000000
03-14 14:22:19.256   342   342 I DEBUG   :     r4 00000000  r5 00000003  r6 403ab034  r7 00000004
03-14 14:22:19.256   342   342 I DEBUG   :     r8 400b3008  r9 403aafa8  sl 400b3008  fp 400a4cb8
03-14 14:22:19.256   342   342 I DEBUG   :     ip 400a8f40  sp bea9c710  lr 40091501  pc 400ea9f8  cpsr 00000010
03-14 14:22:19.256   342   342 I DEBUG   :     d0  762f3a6e6962732f  d1  69622f726f646e65
03-14 14:22:19.256   342   342 I DEBUG   :     d2  65747379732f3a6e  d3  2f3a6e6962732f6d
03-14 14:22:19.256   342   342 I DEBUG   :     d4  0000000000000000  d5  0000000000000000
03-14 14:22:19.256   342   342 I DEBUG   :     d6  0000000000000000  d7  75ffe55e00000000
03-14 14:22:19.256   342   342 I DEBUG   :     d8  0000000000000000  d9  0000000000000000
03-14 14:22:19.256   342   342 I DEBUG   :     d10 0000000000000000  d11 0000000000000000
03-14 14:22:19.256   342   342 I DEBUG   :     d12 0000000000000000  d13 0000000000000000
03-14 14:22:19.256   342   342 I DEBUG   :     d14 0000000000000000  d15 0000000000000000
03-14 14:22:19.256   342   342 I DEBUG   :     d16 4150243d48544150  d17 6d6f63202e3a4854
03-14 14:22:19.256   342   342 I DEBUG   :     d18 6a2e6e6f6464612e  d19 747379732f3a7261
03-14 14:22:19.256   342   342 I DEBUG   :     d20 656d6172662f6d65  d21 6d6f632f6b726f77
03-14 14:22:19.256   342   342 I DEBUG   :     d22 6c6f726f746f6d2e  d23 696f72646e612e61
03-14 14:22:19.256   342   342 I DEBUG   :     d24 0000000000000000  d25 0000000000000000
03-14 14:22:19.256   342   342 I DEBUG   :     d26 0000000000000000  d27 0000000000000000
03-14 14:22:19.256   342   342 I DEBUG   :     d28 0000000000000000  d29 0000000000000000
03-14 14:22:19.256   342   342 I DEBUG   :     d30 0000000000000000  d31 0000000000000000
03-14 14:22:19.256   342   342 I DEBUG   :     scr 00000010
03-14 14:22:19.256   342   342 I DEBUG   : 
03-14 14:22:19.256   342   342 I DEBUG   : backtrace:
03-14 14:22:19.256   342   342 I DEBUG   :     #00  pc 0000c9f8  /system/lib/libc.so (write+12)
03-14 14:22:19.256   342   342 I DEBUG   :     #01  pc 0000e4fd  /system/bin/mksh
03-14 14:22:19.256   342   342 I DEBUG   : 
03-14 14:22:19.256   342   342 I DEBUG   : stack:
03-14 14:22:19.256   342   342 I DEBUG   :          bea9c6d0  0000100b  
03-14 14:22:19.266   342   342 I DEBUG   :          bea9c6d4  400f3597  /system/lib/libc.so (dlmalloc+5322)
03-14 14:22:19.266   342   342 I DEBUG   :          bea9c6d8  ffffffff  
03-14 14:22:19.266   342   342 I DEBUG   :          bea9c6dc  00000000  
03-14 14:22:19.266   342   342 I DEBUG   :          bea9c6e0  403ab008  
03-14 14:22:19.276   342   342 I DEBUG   :          bea9c6e4  403ac000  
03-14 14:22:19.276   342   342 I DEBUG   :          bea9c6e8  00000000  
03-14 14:22:19.276   342   342 I DEBUG   :          bea9c6ec  400a8eac  /system/bin/mksh
03-14 14:22:19.276   342   342 I DEBUG   :          bea9c6f0  403aafa0  
03-14 14:22:19.276   342   342 I DEBUG   :          bea9c6f4  400adcc4  
03-14 14:22:19.286   342   342 I DEBUG   :          bea9c6f8  00000000  
03-14 14:22:19.286   342   342 I DEBUG   :          bea9c6fc  400b3008  
03-14 14:22:19.286   342   342 I DEBUG   :          bea9c700  00000000  
03-14 14:22:19.286   342   342 I DEBUG   :          bea9c704  00000003  
03-14 14:22:19.286   342   342 I DEBUG   :          bea9c708  df0027ad  
03-14 14:22:19.286   342   342 I DEBUG   :          bea9c70c  00000000  
03-14 14:22:19.286   342   342 I DEBUG   :     #00  bea9c710  00000000  
03-14 14:22:19.286   342   342 I DEBUG   :          bea9c714  00000fc3  
03-14 14:22:19.286   342   342 I DEBUG   :     #01  bea9c718  403aafa0  
03-14 14:22:19.286   342   342 I DEBUG   :          bea9c71c  00013804  
03-14 14:22:19.286   342   342 I DEBUG   :          bea9c720  00000001  
03-14 14:22:19.286   342   342 I DEBUG   :          bea9c724  400a8eac  /system/bin/mksh
03-14 14:22:19.286   342   342 I DEBUG   :          bea9c728  400add84  
03-14 14:22:19.286   342   342 I DEBUG   :          bea9c72c  400add88  
03-14 14:22:19.286   342   342 I DEBUG   :          bea9c730  400adbb0  
03-14 14:22:19.286   342   342 I DEBUG   :          bea9c734  403aafa0  
03-14 14:22:19.286   342   342 I DEBUG   :          bea9c738  401a5f9c  
03-14 14:22:19.286   342   342 I DEBUG   :          bea9c73c  400addf6  
03-14 14:22:19.286   342   342 I DEBUG   :          bea9c740  00000001  
03-14 14:22:19.296   342   342 I DEBUG   :          bea9c744  4008e5cd  /system/bin/mksh
03-14 14:22:19.296   342   342 I DEBUG   :          bea9c748  403aafa0  
03-14 14:22:19.296   342   342 I DEBUG   :          bea9c74c  0000001f  
03-14 14:22:19.296   342   342 I DEBUG   :          bea9c750  403ab024  
03-14 14:22:19.296   342   342 I DEBUG   :          bea9c754  403aabb4  
03-14 14:22:19.296   342   342 I DEBUG   : 
03-14 14:22:19.296   342   342 I DEBUG   : memory near r1:
03-14 14:22:19.296   342   342 I DEBUG   :     400b2fe8 ffffffff ffffffff ffffffff ffffffff  ................
03-14 14:22:19.296   342   342 I DEBUG   :     400b2ff8 ffffffff ffffffff 00000000 0000100b  ................
03-14 14:22:19.296   342   342 I DEBUG   :     400b3008 20786469 63616669 63612065 745f7463  idx iface acct_t
03-14 14:22:19.296   342   342 I DEBUG   :     400b3018 685f6761 75207865 745f6469 695f6761  ag_hex uid_tag_i
03-14 14:22:19.296   342   342 I DEBUG   :     400b3028 6320746e 735f746e 72207465 79625f78  nt cnt_set rx_by
03-14 14:22:19.296   342   342 I DEBUG   : 
03-14 14:22:19.296   342   342 I DEBUG   : memory near r6:
03-14 14:22:19.296   342   342 I DEBUG   :     403ab014 401275b4 00000010 00000012 00000000  .u.@............
03-14 14:22:19.296   342   342 I DEBUG   :     403ab024 00746163 00000000 0000002b 403ab020  cat.....+... .:@
03-14 14:22:19.296   342   342 I DEBUG   :     403ab034 6f72702f 656e2f63 74782f74 6174715f  /proc/net/xt_qta
03-14 14:22:19.296   342   342 I DEBUG   :     403ab044 64697567 6174732f 00007374 00000000  guid/stats......
03-14 14:22:19.296   342   342 I DEBUG   :     403ab054 00000f89 403ab050 403ab050 00000000  ....P.:@P.:@....
03-14 14:22:19.296   342   342 I DEBUG   : 
03-14 14:22:19.296   342   342 I DEBUG   : memory near r8:
03-14 14:22:19.296   342   342 I DEBUG   :     400b2fe8 ffffffff ffffffff ffffffff ffffffff  ................
03-14 14:22:19.296   342   342 I DEBUG   :     400b2ff8 ffffffff ffffffff 00000000 0000100b  ................
03-14 14:22:19.296   342   342 I DEBUG   :     400b3008 20786469 63616669 63612065 745f7463  idx iface acct_t
03-14 14:22:19.296   342   342 I DEBUG   :     400b3018 685f6761 75207865 745f6469 695f6761  ag_hex uid_tag_i
03-14 14:22:19.296   342   342 I DEBUG   :     400b3028 6320746e 735f746e 72207465 79625f78  nt cnt_set rx_by
03-14 14:22:19.296   342   342 I DEBUG   : 
03-14 14:22:19.296   342   342 I DEBUG   : memory near r9:
03-14 14:22:19.296   342   342 I DEBUG   :     403aaf88 00000000 00000004 00000000 0000001b  ................
03-14 14:22:19.296   342   342 I DEBUG   :     403aaf98 403ab030 00000000 403ab024 403ab034  0.:@....$.:@4.:@
03-14 14:22:19.296   342   342 I DEBUG   :     403aafa8 00000000 00000063 403aaf98 403aac70  ....c.....:@p.:@
03-14 14:22:19.296   342   342 I DEBUG   :     403aafb8 bea9cbbc 00000000 00000000 401a500c  .............P.@
03-14 14:22:19.296   342   342 I DEBUG   :     403aafc8 403aafb4 403aaae4 00000006 00000003  ..:@..:@........
03-14 14:22:19.296   342   342 I DEBUG   : 
03-14 14:22:19.296   342   342 I DEBUG   : memory near sl:
03-14 14:22:19.296   342   342 I DEBUG   :     400b2fe8 ffffffff ffffffff ffffffff ffffffff  ................
03-14 14:22:19.296   342   342 I DEBUG   :     400b2ff8 ffffffff ffffffff 00000000 0000100b  ................
03-14 14:22:19.296   342   342 I DEBUG   :     400b3008 20786469 63616669 63612065 745f7463  idx iface acct_t
03-14 14:22:19.296   342   342 I DEBUG   :     400b3018 685f6761 75207865 745f6469 695f6761  ag_hex uid_tag_i
03-14 14:22:19.296   342   342 I DEBUG   :     400b3028 6320746e 735f746e 72207465 79625f78  nt cnt_set rx_by
03-14 14:22:19.296   342   342 I DEBUG   : 
03-14 14:22:19.296   342   342 I DEBUG   : memory near fp:
03-14 14:22:19.296   342   342 I DEBUG   :     400a4c98 27000a27 49005c00 22005346 27262423  '..'.\.IFS."#$&'
03-14 14:22:19.296   342   342 I DEBUG   :     400a4ca8 3a2a2928 3e3d3c3b 605c5b3f 007d7c7b  ()*:;<=>?[\`{|}.
03-14 14:22:19.296   342   342 I DEBUG   :     400a4cb8 203a7325 67007325 68626172 00747369  %s: %s.grabhist.
03-14 14:22:19.296   342   342 I DEBUG   :     400a4cc8 20646162 74736968 2079726f 61727261  bad history arra
03-14 14:22:19.296   342   342 I DEBUG   :     400a4cd8 20200079 25002020 64252073 20636600  y.    .%s %d.fc 
03-14 14:22:19.296   342   342 I DEBUG   : 
03-14 14:22:19.296   342   342 I DEBUG   : memory near ip:
03-14 14:22:19.296   342   342 I DEBUG   :     400a8f20 400eb184 400f7a09 40100ba1 400eb558  ...@.z.@...@X..@
03-14 14:22:19.296   342   342 I DEBUG   :     400a8f30 400ea5ec 400ea9d0 400ecb68 400f5061  ...@...@h..@aP.@
03-14 14:22:19.296   342   342 I DEBUG   :     400a8f40 400ea9ec 400f68a5 400ea894 400f7935  ...@.h.@...@5y.@
03-14 14:22:19.296   342   342 I DEBUG   :     400a8f50 400eb9a0 400f796d 400ebd6c 400eb14c  ...@my.@l..@L..@
03-14 14:22:19.296   342   342 I DEBUG   :     400a8f60 400ea878 400ea85c 400ea678 400eb340  x..@\..@x..@@..@
03-14 14:22:19.296   342   342 I DEBUG   : 
03-14 14:22:19.296   342   342 I DEBUG   : memory near sp:
03-14 14:22:19.296   342   342 I DEBUG   :     bea9c6f0 403aafa0 400adcc4 00000000 400b3008  ..:@...@.....0.@
03-14 14:22:19.296   342   342 I DEBUG   :     bea9c700 00000000 00000003 df0027ad 00000000  .........'......
03-14 14:22:19.296   342   342 I DEBUG   :     bea9c710 00000000 00000fc3 403aafa0 00013804  ..........:@.8..
03-14 14:22:19.296   342   342 I DEBUG   :     bea9c720 00000001 400a8eac 400add84 400add88  .......@...@...@
03-14 14:22:19.296   342   342 I DEBUG   :     bea9c730 400adbb0 403aafa0 401a5f9c 400addf6  ...@..:@._.@...@
03-14 14:22:19.296   342   342 I DEBUG   : 
03-14 14:22:19.296   342   342 I DEBUG   : code around pc:
03-14 14:22:19.296   342   342 I DEBUG   :     400ea9d8 ef000000 e8bd0090 e1b00000 512fff1e  ............../Q
03-14 14:22:19.296   342   342 I DEBUG   :     400ea9e8 ea00b4ec e92d0090 e3a07004 ef000000  ......-..p......
03-14 14:22:19.296   342   342 I DEBUG   :     400ea9f8 e8bd0090 e1b00000 512fff1e ea00b4e5  ........../Q....
03-14 14:22:19.296   342   342 I DEBUG   :     400eaa08 e1a0c00d e92d00f0 e89c0070 e3a070b4  ......-.p....p..
03-14 14:22:19.296   342   342 I DEBUG   :     400eaa18 ef000000 e8bd00f0 e1b00000 512fff1e  ............../Q
03-14 14:22:19.296   342   342 I DEBUG   : 
03-14 14:22:19.296   342   342 I DEBUG   : code around lr:
03-14 14:22:19.296   342   342 I DEBUG   :     400914e0 f7f36800 4631ed6a 46584602 fe64f009  .h..j.1F.FXF..d.
