03-14 14:22:25.052   342   342 I DEBUG   :     bef3e730 4008abb0 4157bf28 41578f9c 4008adf6  ...@(.WA..WA...@
03-14 14:22:25.052   342   342 I DEBUG   : 
03-14 14:22:25.052   342   342 I DEBUG   : code around pc:
03-14 14:22:25.052   342   342 I DEBUG   :     400979d8 ef000000 e8bd0090 e1b00000 512fff1e  ............../Q
03-14 14:22:25.052   342   342 I DEBUG   :     400979e8 ea00b4ec e92d0090 e3a07004 ef000000  ......-..p......
03-14 14:22:25.052   342   342 I DEBUG   :     400979f8 e8bd0090 e1b00000 512fff1e ea00b4e5  ........../Q....
03-14 14:22:25.052   342   342 I DEBUG   :     40097a08 e1a0c00d e92d00f0 e89c0070 e3a070b4  ......-.p....p..
03-14 14:22:25.052   342   342 I DEBUG   :     40097a18 ef000000 e8bd00f0 e1b00000 512fff1e  ............../Q
03-14 14:22:25.052   342   342 I DEBUG   : 
03-14 14:22:25.052   342   342 I DEBUG   : code around lr:
03-14 14:22:25.052   342   342 I DEBUG   :     4006e4e0 f7f36800 4631ed6a 46584602 fe64f009  .h..j.1F.FXF..d.
03-14 14:22:25.062   342   342 I DEBUG   :     4006e4f0 b320e025 200146c2 463a4651 ed80f7f3  %. ..F. QF:F....
03-14 14:22:25.062   342   342 I DEBUG   :     4006e500 bf1c1c43 0707ebc0 d1154482 ed1ef7f3  C........D......
03-14 14:22:25.062   342   342 I DEBUG   :     4006e510 2a046802 f7f3d010 6800ed1a ed4cf7f3  .h.*.......h..L.
03-14 14:22:25.062   342   342 I DEBUG   :     4006e520 44794916 48164602 f0094478 b17dfe45  .IyD.F.HxD..E.}.
03-14 14:22:25.062   709   735 I BootReceiver: Copying /data/tombstones/tombstone_03 to DropBox (SYSTEM_TOMBSTONE)
03-14 14:22:25.082  1001  1001 D ModemStatsService: receive intent android.intent.action.DROPBOX_ENTRY_ADDED
03-14 14:22:25.082  1001  1001 D ModemStatsService: receive intent, tagname is SYSTEM_TOMBSTONE time is 1457986945094 isMobileDataConnected : false
03-14 14:22:25.603 25125 25125 F libc    : Fatal signal 13 (SIGPIPE) at 0x00006225 (code=0), thread 25125 (sh)
03-14 14:22:25.713   342   342 I DEBUG   : *** *** *** *** *** *** *** *** *** *** *** *** *** *** *** ***
03-14 14:22:25.713   342   342 I DEBUG   : Build fingerprint: 'motorola/XT897_us_spr/asanti_c:4.1.2/9.8.2Q-122_XT897_FFW-8/9:user/release-keys'
03-14 14:22:25.713   342   342 I DEBUG   : pid: 25125, tid: 25125, name: sh  >>> /system/bin/sh <<<
03-14 14:22:25.713   342   342 I DEBUG   : signal 13 (SIGPIPE), code -6 (?), fault addr --------
03-14 14:22:25.713   342   342 I DEBUG   :     r0 ffffffe0  r1 41ff5fe0  r2 00000fda  r3 00000ffe
03-14 14:22:25.713   342   342 I DEBUG   :     r4 00000000  r5 00000003  r6 41ff5fbc  r7 00000004
03-14 14:22:25.713   342   342 I DEBUG   :     r8 41ff5fe0  r9 41ff5f30  sl 41ff5fe0  fp 400d2cb8
03-14 14:22:25.713   342   342 I DEBUG   :     ip 400d6f40  sp be9e6710  lr 400bf501  pc 401519f8  cpsr 00000010
03-14 14:22:25.713   342   342 I DEBUG   :     d0  762f3a6e6962732f  d1  69622f726f646e65
03-14 14:22:25.713   342   342 I DEBUG   :     d2  65747379732f3a6e  d3  2f3a6e6962732f6d
03-14 14:22:25.713   342   342 I DEBUG   :     d4  0000000000000000  d5  0000000000000000
03-14 14:22:25.713   342   342 I DEBUG   :     d6  0000000000000000  d7  7662560300000000
03-14 14:22:25.713   342   342 I DEBUG   :     d8  0000000000000000  d9  0000000000000000
03-14 14:22:25.713   342   342 I DEBUG   :     d10 0000000000000000  d11 0000000000000000
03-14 14:22:25.713   342   342 I DEBUG   :     d12 0000000000000000  d13 0000000000000000
03-14 14:22:25.713   342   342 I DEBUG   :     d14 0000000000000000  d15 0000000000000000
03-14 14:22:25.713   342   342 I DEBUG   :     d16 4150243d48544150  d17 6d6f63202e3a4854
03-14 14:22:25.713   342   342 I DEBUG   :     d18 6a2e6e6f6464612e  d19 747379732f3a7261
03-14 14:22:25.713   342   342 I DEBUG   :     d20 656d6172662f6d65  d21 6d6f632f6b726f77
03-14 14:22:25.713   342   342 I DEBUG   :     d22 6c6f726f746f6d2e  d23 696f72646e612e61
03-14 14:22:25.713   342   342 I DEBUG   :     d24 0000000000000000  d25 0000000000000000
03-14 14:22:25.713   342   342 I DEBUG   :     d26 0000000000000000  d27 0000000000000000
03-14 14:22:25.713   342   342 I DEBUG   :     d28 0000000000000000  d29 0000000000000000
03-14 14:22:25.713   342   342 I DEBUG   :     d30 0000000000000000  d31 0000000000000000
03-14 14:22:25.713   342   342 I DEBUG   :     scr 00000010
03-14 14:22:25.713   342   342 I DEBUG   : 
03-14 14:22:25.713   342   342 I DEBUG   : backtrace:
03-14 14:22:25.713   342   342 I DEBUG   :     #00  pc 0000c9f8  /system/lib/libc.so (write+12)
03-14 14:22:25.713   342   342 I DEBUG   :     #01  pc 0000e4fd  /system/bin/mksh
03-14 14:22:25.713   342   342 I DEBUG   : 
03-14 14:22:25.713   342   342 I DEBUG   : stack:
03-14 14:22:25.713   342   342 I DEBUG   :          be9e66d0  0000100b  
03-14 14:22:25.713   342   342 I DEBUG   :          be9e66d4  4015a597  /system/lib/libc.so (dlmalloc+5322)
03-14 14:22:25.713   342   342 I DEBUG   :          be9e66d8  00000000  
03-14 14:22:25.713   342   342 I DEBUG   :          be9e66dc  00000004  
03-14 14:22:25.713   342   342 I DEBUG   :          be9e66e0  41ff5f90  [heap]
03-14 14:22:25.713   342   342 I DEBUG   :          be9e66e4  4015a597  /system/lib/libc.so (dlmalloc+5322)
03-14 14:22:25.713   342   342 I DEBUG   :          be9e66e8  00000000  
03-14 14:22:25.713   342   342 I DEBUG   :          be9e66ec  400d6eac  /system/bin/mksh
03-14 14:22:25.713   342   342 I DEBUG   :          be9e66f0  41ff5f28  [heap]
03-14 14:22:25.713   342   342 I DEBUG   :          be9e66f4  400dbcc4  
03-14 14:22:25.713   342   342 I DEBUG   :          be9e66f8  00000000  
03-14 14:22:25.713   342   342 I DEBUG   :          be9e66fc  41ff5fe0  [heap]
03-14 14:22:25.713   342   342 I DEBUG   :          be9e6700  00000000  
03-14 14:22:25.713   342   342 I DEBUG   :          be9e6704  00000003  
03-14 14:22:25.713   342   342 I DEBUG   :          be9e6708  df0027ad  
03-14 14:22:25.713   342   342 I DEBUG   :          be9e670c  00000000  
03-14 14:22:25.713   342   342 I DEBUG   :     #00  be9e6710  00000000  
03-14 14:22:25.713   342   342 I DEBUG   :          be9e6714  00000fda  
03-14 14:22:25.713   342   342 I DEBUG   :     #01  be9e6718  41ff5f28  [heap]
03-14 14:22:25.713   342   342 I DEBUG   :          be9e671c  00013804  
03-14 14:22:25.713   342   342 I DEBUG   :          be9e6720  00000001  
03-14 14:22:25.713   342   342 I DEBUG   :          be9e6724  400d6eac  /system/bin/mksh
03-14 14:22:25.713   342   342 I DEBUG   :          be9e6728  400dbd84  
03-14 14:22:25.713   342   342 I DEBUG   :          be9e672c  400dbd88  
03-14 14:22:25.713   342   342 I DEBUG   :          be9e6730  400dbbb0  
03-14 14:22:25.713   342   342 I DEBUG   :          be9e6734  41ff5f28  [heap]
03-14 14:22:25.713   342   342 I DEBUG   :          be9e6738  41ff2f9c  [heap]
03-14 14:22:25.713   342   342 I DEBUG   :          be9e673c  400dbdf6  
03-14 14:22:25.713   342   342 I DEBUG   :          be9e6740  00000001  
03-14 14:22:25.713   342   342 I DEBUG   :          be9e6744  400bc5cd  /system/bin/mksh
03-14 14:22:25.713   342   342 I DEBUG   :          be9e6748  41ff5f28  [heap]
03-14 14:22:25.713   342   342 I DEBUG   :          be9e674c  0000001f  
03-14 14:22:25.713   342   342 I DEBUG   :          be9e6750  41ff5fac  [heap]
03-14 14:22:25.713   342   342 I DEBUG   :          be9e6754  41ff5b3c  [heap]
03-14 14:22:25.723   342   342 I DEBUG   : 
03-14 14:22:25.723   342   342 I DEBUG   : memory near r1:
03-14 14:22:25.723   342   342 I DEBUG   :     41ff5fc0 656e2f63 74782f74 6174715f 64697567  c/net/xt_qtaguid
03-14 14:22:25.723   342   342 I DEBUG   :     41ff5fd0 6174732f 00007374 00000000 0000100b  /stats..........
03-14 14:22:25.723   342   342 I DEBUG   :     41ff5fe0 20303131 656e6d72 30203074 31203078  110 rmnet0 0x0 1
03-14 14:22:25.723   342   342 I DEBUG   :     41ff5ff0 38303030 31203020 39323537 20363420  0008 0 17529 46 
03-14 14:22:25.723   342   342 I DEBUG   :     41ff6000 30373039 20363520 32353731 36342039  9070 56 17529 46
03-14 14:22:25.723   342   342 I DEBUG   : 
03-14 14:22:25.723   342   342 I DEBUG   : memory near r6:
03-14 14:22:25.723   342   342 I DEBUG   :     41ff5f9c 4018e5b4 00000010 00000012 00000000  ...@............
03-14 14:22:25.723   342   342 I DEBUG   :     41ff5fac 00746163 00000000 0000002b 41ff5fa8  cat.....+...._.A
03-14 14:22:25.723   342   342 I DEBUG   :     41ff5fbc 6f72702f 656e2f63 74782f74 6174715f  /proc/net/xt_qta
03-14 14:22:25.723   342   342 I DEBUG   :     41ff5fcc 64697567 6174732f 00007374 00000000  guid/stats......
03-14 14:22:25.723   342   342 I DEBUG   :     41ff5fdc 0000100b 20303131 656e6d72 30203074  ....110 rmnet0 0
03-14 14:22:25.723   342   342 I DEBUG   : 
03-14 14:22:25.723   342   342 I DEBUG   : memory near r8:
03-14 14:22:25.723   342   342 I DEBUG   :     41ff5fc0 656e2f63 74782f74 6174715f 64697567  c/net/xt_qtaguid
03-14 14:22:25.723   342   342 I DEBUG   :     41ff5fd0 6174732f 00007374 00000000 0000100b  /stats..........
03-14 14:22:25.723   342   342 I DEBUG   :     41ff5fe0 20303131 656e6d72 30203074 31203078  110 rmnet0 0x0 1
03-14 14:22:25.723   342   342 I DEBUG   :     41ff5ff0 38303030 31203020 39323537 20363420  0008 0 17529 46 
03-14 14:22:25.723   342   342 I DEBUG   :     41ff6000 30373039 20363520 32353731 36342039  9070 56 17529 46
03-14 14:22:25.723   342   342 I DEBUG   : 
03-14 14:22:25.723   342   342 I DEBUG   : memory near r9:
03-14 14:22:25.723   342   342 I DEBUG   :     41ff5f10 00000000 00000004 00000000 0000001b  ................
03-14 14:22:25.723   342   342 I DEBUG   :     41ff5f20 41ff5fb8 00000000 41ff5fac 41ff5fbc  ._.A....._.A._.A
03-14 14:22:25.723   342   342 I DEBUG   :     41ff5f30 00000000 00000063 41ff5f20 41ff5bf8  ....c... _.A.[.A
03-14 14:22:25.723   342   342 I DEBUG   :     41ff5f40 be9e6bbc 00000000 00000000 41ff200c  .k........... .A
03-14 14:22:25.723   342   342 I DEBUG   :     41ff5f50 41ff5f3c 41ff5a6c 00000006 00000003  <_.AlZ.A........
03-14 14:22:25.723   342   342 I DEBUG   : 
03-14 14:22:25.723   342   342 I DEBUG   : memory near sl:
03-14 14:22:25.723   342   342 I DEBUG   :     41ff5fc0 656e2f63 74782f74 6174715f 64697567  c/net/xt_qtaguid
03-14 14:22:25.723   342   342 I DEBUG   :     41ff5fd0 6174732f 00007374 00000000 0000100b  /stats..........
03-14 14:22:25.723   342   342 I DEBUG   :     41ff5fe0 20303131 656e6d72 30203074 31203078  110 rmnet0 0x0 1
03-14 14:22:25.723   342   342 I DEBUG   :     41ff5ff0 38303030 31203020 39323537 20363420  0008 0 17529 46 
03-14 14:22:25.723   342   342 I DEBUG   :     41ff6000 30373039 20363520 32353731 36342039  9070 56 17529 46
03-14 14:22:25.723   342   342 I DEBUG   : 
03-14 14:22:25.723   342   342 I DEBUG   : memory near fp:
03-14 14:22:25.723   342   342 I DEBUG   :     400d2c98 27000a27 49005c00 22005346 27262423  '..'.\.IFS."#$&'
03-14 14:22:25.723   342   342 I DEBUG   :     400d2ca8 3a2a2928 3e3d3c3b 605c5b3f 007d7c7b  ()*:;<=>?[\`{|}.
03-14 14:22:25.723   342   342 I DEBUG   :     400d2cb8 203a7325 67007325 68626172 00747369  %s: %s.grabhist.
03-14 14:22:25.753   342   342 I DEBUG   :     400d2cc8 20646162 74736968 2079726f 61727261  bad history arra
03-14 14:22:25.753   342   342 I DEBUG   :     400d2cd8 20200079 25002020 64252073 20636600  y.    .%s %d.fc 
03-14 14:22:25.753   342   342 I DEBUG   : 
03-14 14:22:25.753   342   342 I DEBUG   : memory near ip:
03-14 14:22:25.753   342   342 I DEBUG   :     400d6f20 40152184 4015ea09 40167ba1 40152558  .!.@...@.{.@X%.@
03-14 14:22:25.753   342   342 I DEBUG   :     400d6f30 401515ec 401519d0 40153b68 4015c061  ...@...@h;.@a..@
03-14 14:22:25.753   342   342 I DEBUG   :     400d6f40 401519ec 4015d8a5 40151894 4015e935  ...@...@...@5..@
03-14 14:22:25.753   342   342 I DEBUG   :     400d6f50 401529a0 4015e96d 40152d6c 4015214c  .).@m..@l-.@L!.@
03-14 14:22:25.753   342   342 I DEBUG   :     400d6f60 40151878 4015185c 40151678 40152340  x..@\..@x..@@#.@
03-14 14:22:25.753   342   342 I DEBUG   : 
03-14 14:22:25.753   342   342 I DEBUG   : memory near sp:
03-14 14:22:25.753   342   342 I DEBUG   :     be9e66f0 41ff5f28 400dbcc4 00000000 41ff5fe0  (_.A...@....._.A
03-14 14:22:25.753   342   342 I DEBUG   :     be9e6700 00000000 00000003 df0027ad 00000000  .........'......
03-14 14:22:25.753   342   342 I DEBUG   :     be9e6710 00000000 00000fda 41ff5f28 00013804  ........(_.A.8..
03-14 14:22:25.753   342   342 I DEBUG   :     be9e6720 00000001 400d6eac 400dbd84 400dbd88  .....n.@...@...@
03-14 14:22:25.753   342   342 I DEBUG   :     be9e6730 400dbbb0 41ff5f28 41ff2f9c 400dbdf6  ...@(_.A./.A...@
03-14 14:22:25.753   342   342 I DEBUG   : 
03-14 14:22:25.753   342   342 I DEBUG   : code around pc:
03-14 14:22:25.763   342   342 I DEBUG   :     401519d8 ef000000 e8bd0090 e1b00000 512fff1e  ............../Q
03-14 14:22:25.763   342   342 I DEBUG   :     401519e8 ea00b4ec e92d0090 e3a07004 ef000000  ......-..p......
03-14 14:22:25.763   342   342 I DEBUG   :     401519f8 e8bd0090 e1b00000 512fff1e ea00b4e5  ........../Q....
03-14 14:22:25.763   342   342 I DEBUG   :     40151a08 e1a0c00d e92d00f0 e89c0070 e3a070b4  ......-.p....p..
03-14 14:22:25.763   342   342 I DEBUG   :     40151a18 ef000000 e8bd00f0 e1b00000 512fff1e  ............../Q
03-14 14:22:25.763   342   342 I DEBUG   : 
03-14 14:22:25.763   342   342 I DEBUG   : code around lr:
03-14 14:22:25.763   342   342 I DEBUG   :     400bf4e0 f7f36800 4631ed6a 46584602 fe64f009  .h..j.1F.FXF..d.
03-14 14:22:25.763   342   342 I DEBUG   :     400bf4f0 b320e025 200146c2 463a4651 ed80f7f3  %. ..F. QF:F....
03-14 14:22:25.763   342   342 I DEBUG   :     400bf500 bf1c1c43 0707ebc0 d1154482 ed1ef7f3  C........D......
03-14 14:22:25.763   342   342 I DEBUG   :     400bf510 2a046802 f7f3d010 6800ed1a ed4cf7f3  .h.*.......h..L.
03-14 14:22:25.763   342   342 I DEBUG   :     400bf520 44794916 48164602 f0094478 b17dfe45  .IyD.F.HxD..E.}.
03-14 14:22:25.773   709   735 I BootReceiver: Copying /data/tombstones/tombstone_07 to DropBox (SYSTEM_TOMBSTONE)
03-14 14:22:25.793  1001  1001 D ModemStatsService: receive intent android.intent.action.DROPBOX_ENTRY_ADDED
03-14 14:22:25.803  1001  1001 D ModemStatsService: receive intent, tagname is SYSTEM_TOMBSTONE time is 1457986945809 isMobileDataConnected : false
03-14 14:22:26.343 25137 25137 F libc    : Fatal signal 13 (SIGPIPE) at 0x00006231 (code=0), thread 25137 (sh)
03-14 14:22:26.453   342   342 I DEBUG   : *** *** *** *** *** *** *** *** *** *** *** *** *** *** *** ***
03-14 14:22:26.453   342   342 I DEBUG   : Build fingerprint: 'motorola/XT897_us_spr/asanti_c:4.1.2/9.8.2Q-122_XT897_FFW-8/9:user/release-keys'
03-14 14:22:26.453   342   342 I DEBUG   : pid: 25137, tid: 25137, name: sh  >>> /system/bin/sh <<<
03-14 14:22:26.453   342   342 I DEBUG   : signal 13 (SIGPIPE), code -6 (?), fault addr --------
03-14 14:22:26.453   342   342 I DEBUG   :     r0 ffffffe0  r1 40ea1fe0  r2 00000fc3  r3 00000000
03-14 14:22:26.453   342   342 I DEBUG   :     r4 00000000  r5 00000003  r6 40ea1fbc  r7 00000004
03-14 14:22:26.453   342   342 I DEBUG   :     r8 40ea1fe0  r9 40ea1f30  sl 40ea1fe0  fp 400d3cb8
03-14 14:22:26.453   342   342 I DEBUG   :     ip 400d7f40  sp be96e710  lr 400c0501  pc 400e99f8  cpsr 00000010
03-14 14:22:26.453   342   342 I DEBUG   :     d0  762f3a6e6962732f  d1  69622f726f646e65
03-14 14:22:26.453   342   342 I DEBUG   :     d2  65747379732f3a6e  d3  2f3a6e6962732f6d
03-14 14:22:26.453   342   342 I DEBUG   :     d4  0000000000000000  d5  0000000000000000
03-14 14:22:26.453   342   342 I DEBUG   :     d6  0000000000000000  d7  766d65f800000000
03-14 14:22:26.453   342   342 I DEBUG   :     d8  0000000000000000  d9  0000000000000000
03-14 14:22:26.453   342   342 I DEBUG   :     d10 0000000000000000  d11 0000000000000000
03-14 14:22:26.453   342   342 I DEBUG   :     d12 0000000000000000  d13 0000000000000000
03-14 14:22:26.453   342   342 I DEBUG   :     d14 0000000000000000  d15 0000000000000000
03-14 14:22:26.453   342   342 I DEBUG   :     d16 4150243d48544150  d17 6d6f63202e3a4854
03-14 14:22:26.453   342   342 I DEBUG   :     d18 6a2e6e6f6464612e  d19 747379732f3a7261
03-14 14:22:26.453   342   342 I DEBUG   :     d20 656d6172662f6d65  d21 6d6f632f6b726f77
03-14 14:22:26.453   342   342 I DEBUG   :     d22 6c6f726f746f6d2e  d23 696f72646e612e61
03-14 14:22:26.453   342   342 I DEBUG   :     d24 0000000000000000  d25 0000000000000000
03-14 14:22:26.453   342   342 I DEBUG   :     d26 0000000000000000  d27 0000000000000000
03-14 14:22:26.453   342   342 I DEBUG   :     d28 0000000000000000  d29 0000000000000000
03-14 14:22:26.453   342   342 I DEBUG   :     d30 0000000000000000  d31 0000000000000000
03-14 14:22:26.453   342   342 I DEBUG   :     scr 00000010
03-14 14:22:26.453   342   342 I DEBUG   : 
03-14 14:22:26.453   342   342 I DEBUG   : backtrace:
03-14 14:22:26.453   342   342 I DEBUG   :     #00  pc 0000c9f8  /system/lib/libc.so (write+12)
03-14 14:22:26.453   342   342 I DEBUG   :     #01  pc 0000e4fd  /system/bin/mksh
03-14 14:22:26.453   342   342 I DEBUG   : 
03-14 14:22:26.453   342   342 I DEBUG   : stack:
03-14 14:22:26.453   342   342 I DEBUG   :          be96e6d0  0000100b  
03-14 14:22:26.453   342   342 I DEBUG   :          be96e6d4  400f2597  /system/lib/libc.so (dlmalloc+5322)
03-14 14:22:26.453   342   342 I DEBUG   :          be96e6d8  00000000  
03-14 14:22:26.453   342   342 I DEBUG   :          be96e6dc  00000004  
03-14 14:22:26.453   342   342 I DEBUG   :          be96e6e0  40ea1f90  [heap]
03-14 14:22:26.453   342   342 I DEBUG   :          be96e6e4  400f2597  /system/lib/libc.so (dlmalloc+5322)
03-14 14:22:26.453   342   342 I DEBUG   :          be96e6e8  00000000  
03-14 14:22:26.453   342   342 I DEBUG   :          be96e6ec  400d7eac  /system/bin/mksh
03-14 14:22:26.453   342   342 I DEBUG   :          be96e6f0  40ea1f28  [heap]
03-14 14:22:26.453   342   342 I DEBUG   :          be96e6f4  400dccc4  
03-14 14:22:26.453   342   342 I DEBUG   :          be96e6f8  00000000  
03-14 14:22:26.453   342   342 I DEBUG   :          be96e6fc  40ea1fe0  [heap]
03-14 14:22:26.453   342   342 I DEBUG   :          be96e700  00000000  
03-14 14:22:26.453   342   342 I DEBUG   :          be96e704  00000003  
03-14 14:22:26.453   342   342 I DEBUG   :          be96e708  df0027ad  
03-14 14:22:26.453   342   342 I DEBUG   :          be96e70c  00000000  
03-14 14:22:26.453   342   342 I DEBUG   :     #00  be96e710  00000000  
03-14 14:22:26.453   342   342 I DEBUG   :          be96e714  00000fc3  
03-14 14:22:26.453   342   342 I DEBUG   :     #01  be96e718  40ea1f28  [heap]
03-14 14:22:26.453   342   342 I DEBUG   :          be96e71c  00013804  
03-14 14:22:26.453   342   342 I DEBUG   :          be96e720  00000001  
03-14 14:22:26.453   342   342 I DEBUG   :          be96e724  400d7eac  /system/bin/mksh
03-14 14:22:26.453   342   342 I DEBUG   :          be96e728  400dcd84  
03-14 14:22:26.453   342   342 I DEBUG   :          be96e72c  400dcd88  
03-14 14:22:26.453   342   342 I DEBUG   :          be96e730  400dcbb0  
03-14 14:22:26.453   342   342 I DEBUG   :          be96e734  40ea1f28  [heap]
03-14 14:22:26.453   342   342 I DEBUG   :          be96e738  40e9ef9c  [heap]
03-14 14:22:26.453   342   342 I DEBUG   :          be96e73c  400dcdf6  
03-14 14:22:26.453   342   342 I DEBUG   :          be96e740  00000001  
03-14 14:22:26.453   342   342 I DEBUG   :          be96e744  400bd5cd  /system/bin/mksh
03-14 14:22:26.453   342   342 I DEBUG   :          be96e748  40ea1f28  [heap]
03-14 14:22:26.453   342   342 I DEBUG   :          be96e74c  0000001f  
03-14 14:22:26.453   342   342 I DEBUG   :          be96e750  40ea1fac  [heap]
03-14 14:22:26.453   342   342 I DEBUG   :          be96e754  40ea1b3c  [heap]
03-14 14:22:26.453   342   342 I DEBUG   : 
03-14 14:22:26.453   342   342 I DEBUG   : memory near r1:
03-14 14:22:26.453   342   342 I DEBUG   :     40ea1fc0 656e2f63 74782f74 6174715f 64697567  c/net/xt_qtaguid
03-14 14:22:26.453   342   342 I DEBUG   :     40ea1fd0 6174732f 00007374 00000000 0000100b  /stats..........
03-14 14:22:26.453   342   342 I DEBUG   :     40ea1fe0 20786469 63616669 63612065 745f7463  idx iface acct_t
03-14 14:22:26.453   342   342 I DEBUG   :     40ea1ff0 685f6761 75207865 745f6469 695f6761  ag_hex uid_tag_i
03-14 14:22:26.453   342   342 I DEBUG   :     40ea2000 6320746e 735f746e 72207465 79625f78  nt cnt_set rx_by
03-14 14:22:26.453   342   342 I DEBUG   : 
03-14 14:22:26.453   342   342 I DEBUG   : memory near r6:
03-14 14:22:26.453   342   342 I DEBUG   :     40ea1f9c 401265b4 00000010 00000012 00000000  .e.@............
03-14 14:22:26.453   342   342 I DEBUG   :     40ea1fac 00746163 00000000 0000002b 40ea1fa8  cat.....+......@
03-14 14:22:26.453   342   342 I DEBUG   :     40ea1fbc 6f72702f 656e2f63 74782f74 6174715f  /proc/net/xt_qta
03-14 14:22:26.453   342   342 I DEBUG   :     40ea1fcc 64697567 6174732f 00007374 00000000  guid/stats......
03-14 14:22:26.453   342   342 I DEBUG   :     40ea1fdc 0000100b 20786469 63616669 63612065  ....idx iface ac
03-14 14:22:26.453   342   342 I DEBUG   : 
03-14 14:22:26.453   342   342 I DEBUG   : memory near r8:
03-14 14:22:26.453   342   342 I DEBUG   :     40ea1fc0 656e2f63 74782f74 6174715f 64697567  c/net/xt_qtaguid
03-14 14:22:26.453   342   342 I DEBUG   :     40ea1fd0 6174732f 00007374 00000000 0000100b  /stats..........
03-14 14:22:26.453   342   342 I DEBUG   :     40ea1fe0 20786469 63616669 63612065 745f7463  idx iface acct_t
03-14 14:22:26.453   342   342 I DEBUG   :     40ea1ff0 685f6761 75207865 745f6469 695f6761  ag_hex uid_tag_i
03-14 14:22:26.453   342   342 I DEBUG   :     40ea2000 6320746e 735f746e 72207465 79625f78  nt cnt_set rx_by
03-14 14:22:26.453   342   342 I DEBUG   : 
03-14 14:22:26.453   342   342 I DEBUG   : memory near r9:
03-14 14:22:26.453   342   342 I DEBUG   :     40ea1f10 00000000 00000004 00000000 0000001b  ................
03-14 14:22:26.453   342   342 I DEBUG   :     40ea1f20 40ea1fb8 00000000 40ea1fac 40ea1fbc  ...@.......@...@
03-14 14:22:26.453   342   342 I DEBUG   :     40ea1f30 00000000 00000063 40ea1f20 40ea1bf8  ....c... ..@...@
03-14 14:22:26.453   342   342 I DEBUG   :     40ea1f40 be96ebbc 00000000 00000000 40e9e00c  ...............@
03-14 14:22:26.453   342   342 I DEBUG   :     40ea1f50 40ea1f3c 40ea1a6c 00000006 00000003  <..@l..@........
03-14 14:22:26.453   342   342 I DEBUG   : 
03-14 14:22:26.453   342   342 I DEBUG   : memory near sl:
03-14 14:22:26.453   342   342 I DEBUG   :     40ea1fc0 656e2f63 74782f74 6174715f 64697567  c/net/xt_qtaguid
03-14 14:22:26.453   342   342 I DEBUG   :     40ea1fd0 6174732f 00007374 00000000 0000100b  /stats..........
03-14 14:22:26.453   342   342 I DEBUG   :     40ea1fe0 20786469 63616669 63612065 745f7463  idx iface acct_t
03-14 14:22:26.453   342   342 I DEBUG   :     40ea1ff0 685f6761 75207865 745f6469 695f6761  ag_hex uid_tag_i
03-14 14:22:26.453   342   342 I DEBUG   :     40ea2000 6320746e 735f746e 72207465 79625f78  nt cnt_set rx_by
03-14 14:22:26.453   342   342 I DEBUG   : 
03-14 14:22:26.453   342   342 I DEBUG   : memory near fp:
03-14 14:22:26.453   342   342 I DEBUG   :     400d3c98 27000a27 49005c00 22005346 27262423  '..'.\.IFS."#$&'
03-14 14:22:26.453   342   342 I DEBUG   :     400d3ca8 3a2a2928 3e3d3c3b 605c5b3f 007d7c7b  ()*:;<=>?[\`{|}.
03-14 14:22:26.453   342   342 I DEBUG   :     400d3cb8 203a7325 67007325 68626172 00747369  %s: %s.grabhist.
03-14 14:22:26.453   342   342 I DEBUG   :     400d3cc8 20646162 74736968 2079726f 61727261  bad history arra
03-14 14:22:26.453   342   342 I DEBUG   :     400d3cd8 20200079 25002020 64252073 20636600  y.    .%s %d.fc 
03-14 14:22:26.453   342   342 I DEBUG   : 
03-14 14:22:26.453   342   342 I DEBUG   : memory near ip:
03-14 14:22:26.453   342   342 I DEBUG   :     400d7f20 400ea184 400f6a09 400ffba1 400ea558  ...@.j.@...@X..@
03-14 14:22:26.453   342   342 I DEBUG   :     400d7f30 400e95ec 400e99d0 400ebb68 400f4061  ...@...@h..@a@.@
03-14 14:22:26.453   342   342 I DEBUG   :     400d7f40 400e99ec 400f58a5 400e9894 400f6935  ...@.X.@...@5i.@
03-14 14:22:26.453   342   342 I DEBUG   :     400d7f50 400ea9a0 400f696d 400ead6c 400ea14c  ...@mi.@l..@L..@
03-14 14:22:26.453   342   342 I DEBUG   :     400d7f60 400e9878 400e985c 400e9678 400ea340  x..@\..@x..@@..@
03-14 14:22:26.453   342   342 I DEBUG   : 
03-14 14:22:26.453   342   342 I DEBUG   : memory near sp:
03-14 14:22:26.453   342   342 I DEBUG   :     be96e6f0 40ea1f28 400dccc4 00000000 40ea1fe0  (..@...@.......@
03-14 14:22:26.453   342   342 I DEBUG   :     be96e700 00000000 00000003 df0027ad 00000000  .........'......
03-14 14:22:26.453   342   342 I DEBUG   :     be96e710 00000000 00000fc3 40ea1f28 00013804  ........(..@.8..
03-14 14:22:26.453   342   342 I DEBUG   :     be96e720 00000001 400d7eac 400dcd84 400dcd88  .....~.@...@...@
03-14 14:22:26.453   342   342 I DEBUG   :     be96e730 400dcbb0 40ea1f28 40e9ef9c 400dcdf6  ...@(..@...@...@
03-14 14:22:26.453   342   342 I DEBUG   : 
03-14 14:22:26.453   342   342 I DEBUG   : code around pc:
03-14 14:22:26.453   342   342 I DEBUG   :     400e99d8 ef000000 e8bd0090 e1b00000 512fff1e  ............../Q
03-14 14:22:26.453   342   342 I DEBUG   :     400e99e8 ea00b4ec e92d0090 e3a07004 ef000000  ......-..p......
03-14 14:22:26.453   342   342 I DEBUG   :     400e99f8 e8bd0090 e1b00000 512fff1e ea00b4e5  ........../Q....
03-14 14:22:26.453   342   342 I DEBUG   :     400e9a08 e1a0c00d e92d00f0 e89c0070 e3a070b4  ......-.p....p..
03-14 14:22:26.453   342   342 I DEBUG   :     400e9a18 ef000000 e8bd00f0 e1b00000 512fff1e  ............../Q
03-14 14:22:26.453   342   342 I DEBUG   : 
03-14 14:22:26.453   342   342 I DEBUG   : code around lr:
03-14 14:22:26.453   342   342 I DEBUG   :     400c04e0 f7f36800 4631ed6a 46584602 fe64f009  .h..j.1F.FXF..d.
03-14 14:22:26.453   342   342 I DEBUG   :     400c04f0 b320e025 200146c2 463a4651 ed80f7f3  %. ..F. QF:F....
03-14 14:22:26.453   342   342 I DEBUG   :     400c0500 bf1c1c43 0707ebc0 d1154482 ed1ef7f3  C........D......
03-14 14:22:26.453   342   342 I DEBUG   :     400c0510 2a046802 f7f3d010 6800ed1a ed4cf7f3  .h.*.......h..L.
03-14 14:22:26.453   342   342 I DEBUG   :     400c0520 44794916 48164602 f0094478 b17dfe45  .IyD.F.HxD..E.}.
03-14 14:22:26.463   709   735 I BootReceiver: Copying /data/tombstones/tombstone_04 to DropBox (SYSTEM_TOMBSTONE)
03-14 14:22:26.504  1001  1001 D ModemStatsService: receive intent android.intent.action.DROPBOX_ENTRY_ADDED
03-14 14:22:26.504  1001  1001 D ModemStatsService: receive intent, tagname is SYSTEM_TOMBSTONE time is 1457986946516 isMobileDataConnected : false
03-14 14:22:27.495 25153 25153 D AndroidRuntime: 
03-14 14:22:27.495 25153 25153 D AndroidRuntime: >>>>>> AndroidRuntime START com.android.internal.os.RuntimeInit <<<<<<
03-14 14:22:27.495 25153 25153 D AndroidRuntime: CheckJNI is OFF
03-14 14:22:27.495 25153 25153 D dalvikvm: Trying to load lib libjavacore.so 0x0
03-14 14:22:27.505 25153 25153 D dalvikvm: Added shared lib libjavacore.so 0x0
03-14 14:22:27.505 25153 25153 D dalvikvm: Trying to load lib libnativehelper.so 0x0
03-14 14:22:27.505 25153 25153 D dalvikvm: Added shared lib libnativehelper.so 0x0
03-14 14:22:27.545 25157 25157 F libc    : Fatal signal 13 (SIGPIPE) at 0x00006245 (code=0), thread 25157 (sh)
03-14 14:22:27.645   342   342 I DEBUG   : *** *** *** *** *** *** *** *** *** *** *** *** *** *** *** ***
03-14 14:22:27.645   342   342 I DEBUG   : Build fingerprint: 'motorola/XT897_us_spr/asanti_c:4.1.2/9.8.2Q-122_XT897_FFW-8/9:user/release-keys'
03-14 14:22:27.645   342   342 I DEBUG   : pid: 25157, tid: 25157, name: sh  >>> /system/bin/sh <<<
03-14 14:22:27.645   342   342 I DEBUG   : signal 13 (SIGPIPE), code -6 (?), fault addr --------
03-14 14:22:27.645   342   342 I DEBUG   :     r0 ffffffe0  r1 41fe1fe0  r2 00000fc3  r3 00000000
03-14 14:22:27.645   342   342 I DEBUG   :     r4 00000000  r5 00000003  r6 41fe1fbc  r7 00000004
03-14 14:22:27.645   342   342 I DEBUG   :     r8 41fe1fe0  r9 41fe1f30  sl 41fe1fe0  fp 400eecb8
03-14 14:22:27.645   342   342 I DEBUG   :     ip 400f2f40  sp bee95710  lr 400db501  pc 4002b9f8  cpsr 00000010
03-14 14:22:27.645   342   342 I DEBUG   :     d0  762f3a6e6962732f  d1  69622f726f646e65
03-14 14:22:27.645   342   342 I DEBUG   :     d2  65747379732f3a6e  d3  2f3a6e6962732f6d
03-14 14:22:27.645   342   342 I DEBUG   :     d4  0000000000000000  d5  0000000000000000
03-14 14:22:27.645   342   342 I DEBUG   :     d6  0000000000000000  d7  7680159000000000
03-14 14:22:27.645   342   342 I DEBUG   :     d8  0000000000000000  d9  0000000000000000
03-14 14:22:27.645   342   342 I DEBUG   :     d10 0000000000000000  d11 0000000000000000
03-14 14:22:27.645   342   342 I DEBUG   :     d12 0000000000000000  d13 0000000000000000
03-14 14:22:27.645   342   342 I DEBUG   :     d14 0000000000000000  d15 0000000000000000
03-14 14:22:27.645   342   342 I DEBUG   :     d16 4150243d48544150  d17 6d6f63202e3a4854
03-14 14:22:27.645   342   342 I DEBUG   :     d18 6a2e6e6f6464612e  d19 747379732f3a7261
03-14 14:22:27.645   342   342 I DEBUG   :     d20 656d6172662f6d65  d21 6d6f632f6b726f77
03-14 14:22:27.645   342   342 I DEBUG   :     d22 6c6f726f746f6d2e  d23 696f72646e612e61
03-14 14:22:27.645   342   342 I DEBUG   :     d24 0000000000000000  d25 0000000000000000
03-14 14:22:27.645   342   342 I DEBUG   :     d26 0000000000000000  d27 0000000000000000
03-14 14:22:27.645   342   342 I DEBUG   :     d28 0000000000000000  d29 0000000000000000
03-14 14:22:27.645   342   342 I DEBUG   :     d30 0000000000000000  d31 0000000000000000
03-14 14:22:27.645   342   342 I DEBUG   :     scr 00000010
03-14 14:22:27.645   342   342 I DEBUG   : 
03-14 14:22:27.645   342   342 I DEBUG   : backtrace:
03-14 14:22:27.645   342   342 I DEBUG   :     #00  pc 0000c9f8  /system/lib/libc.so (write+12)
03-14 14:22:27.645   342   342 I DEBUG   :     #01  pc 0000e4fd  /system/bin/mksh
03-14 14:22:27.645   342   342 I DEBUG   : 
03-14 14:22:27.645   342   342 I DEBUG   : stack:
03-14 14:22:27.645   342   342 I DEBUG   :          bee956d0  0000100b  
03-14 14:22:27.645   342   342 I DEBUG   :          bee956d4  40034597  /system/lib/libc.so (dlmalloc+5322)
03-14 14:22:27.645   342   342 I DEBUG   :          bee956d8  00000000  
03-14 14:22:27.645   342   342 I DEBUG   :          bee956dc  00000004  
03-14 14:22:27.645   342   342 I DEBUG   :          bee956e0  41fe1f90  [heap]
03-14 14:22:27.645   342   342 I DEBUG   :          bee956e4  40034597  /system/lib/libc.so (dlmalloc+5322)
03-14 14:22:27.645   342   342 I DEBUG   :          bee956e8  00000000  
03-14 14:22:27.645   342   342 I DEBUG   :          bee956ec  400f2eac  /system/bin/mksh
03-14 14:22:27.645   342   342 I DEBUG   :          bee956f0  41fe1f28  [heap]
03-14 14:22:27.645   342   342 I DEBUG   :          bee956f4  400f7cc4  
03-14 14:22:27.645   342   342 I DEBUG   :          bee956f8  00000000  
03-14 14:22:27.645   342   342 I DEBUG   :          bee956fc  41fe1fe0  [heap]
03-14 14:22:27.645   342   342 I DEBUG   :          bee95700  00000000  
03-14 14:22:27.645   342   342 I DEBUG   :          bee95704  00000003  
03-14 14:22:27.645   342   342 I DEBUG   :          bee95708  df0027ad  
03-14 14:22:27.645   342   342 I DEBUG   :          bee9570c  00000000  
03-14 14:22:27.645   342   342 I DEBUG   :     #00  bee95710  00000000  
03-14 14:22:27.645   342   342 I DEBUG   :          bee95714  00000fc3  
03-14 14:22:27.645   342   342 I DEBUG   :     #01  bee95718  41fe1f28  [heap]
03-14 14:22:27.645   342   342 I DEBUG   :          bee9571c  00013804  
03-14 14:22:27.645   342   342 I DEBUG   :          bee95720  00000001  
03-14 14:22:27.645   342   342 I DEBUG   :          bee95724  400f2eac  /system/bin/mksh
03-14 14:22:27.645   342   342 I DEBUG   :          bee95728  400f7d84  
03-14 14:22:27.645   342   342 I DEBUG   :          bee9572c  400f7d88  
03-14 14:22:27.645   342   342 I DEBUG   :          bee95730  400f7bb0  
03-14 14:22:27.645   342   342 I DEBUG   :          bee95734  41fe1f28  [heap]
03-14 14:22:27.645   342   342 I DEBUG   :          bee95738  41fdef9c  [heap]
03-14 14:22:27.645   342   342 I DEBUG   :          bee9573c  400f7df6  
03-14 14:22:27.645   342   342 I DEBUG   :          bee95740  00000001  
03-14 14:22:27.645   342   342 I DEBUG   :          bee95744  400d85cd  /system/bin/mksh
03-14 14:22:27.645   342   342 I DEBUG   :          bee95748  41fe1f28  [heap]
03-14 14:22:27.645   342   342 I DEBUG   :          bee9574c  0000001f  
03-14 14:22:27.645   342   342 I DEBUG   :          bee95750  41fe1fac  [heap]
03-14 14:22:27.645   342   342 I DEBUG   :          bee95754  41fe1b3c  [heap]
03-14 14:22:27.645   342   342 I DEBUG   : 
03-14 14:22:27.645   342   342 I DEBUG   : memory near r1:
03-14 14:22:27.645   342   342 I DEBUG   :     41fe1fc0 656e2f63 74782f74 6174715f 64697567  c/net/xt_qtaguid
03-14 14:22:27.645   342   342 I DEBUG   :     41fe1fd0 6174732f 00007374 00000000 0000100b  /stats..........
03-14 14:22:27.645   342   342 I DEBUG   :     41fe1fe0 20786469 63616669 63612065 745f7463  idx iface acct_t
03-14 14:22:27.645   342   342 I DEBUG   :     41fe1ff0 685f6761 75207865 745f6469 695f6761  ag_hex uid_tag_i
03-14 14:22:27.645   342   342 I DEBUG   :     41fe2000 6320746e 735f746e 72207465 79625f78  nt cnt_set rx_by
03-14 14:22:27.645   342   342 I DEBUG   : 
03-14 14:22:27.645   342   342 I DEBUG   : memory near r6:
03-14 14:22:27.645   342   342 I DEBUG   :     41fe1f9c 400685b4 00000010 00000012 00000000  ...@............
03-14 14:22:27.645   342   342 I DEBUG   :     41fe1fac 00746163 00000000 0000002b 41fe1fa8  cat.....+......A
03-14 14:22:27.645   342   342 I DEBUG   :     41fe1fbc 6f72702f 656e2f63 74782f74 6174715f  /proc/net/xt_qta
03-14 14:22:27.645   342   342 I DEBUG   :     41fe1fcc 64697567 6174732f 00007374 00000000  guid/stats......
03-14 14:22:27.645   342   342 I DEBUG   :     41fe1fdc 0000100b 20786469 63616669 63612065  ....idx iface ac
03-14 14:22:27.645   342   342 I DEBUG   : 
03-14 14:22:27.645   342   342 I DEBUG   : memory near r8:
03-14 14:22:27.645   342   342 I DEBUG   :     41fe1fc0 656e2f63 74782f74 6174715f 64697567  c/net/xt_qtaguid
03-14 14:22:27.645   342   342 I DEBUG   :     41fe1fd0 6174732f 00007374 00000000 0000100b  /stats..........
03-14 14:22:27.645   342   342 I DEBUG   :     41fe1fe0 20786469 63616669 63612065 745f7463  idx iface acct_t
03-14 14:22:27.645   342   342 I DEBUG   :     41fe1ff0 685f6761 75207865 745f6469 695f6761  ag_hex uid_tag_i
03-14 14:22:27.645   342   342 I DEBUG   :     41fe2000 6320746e 735f746e 72207465 79625f78  nt cnt_set rx_by
03-14 14:22:27.645   342   342 I DEBUG   : 
03-14 14:22:27.645   342   342 I DEBUG   : memory near r9:
03-14 14:22:27.645   342   342 I DEBUG   :     41fe1f10 00000000 00000004 00000000 0000001b  ................
03-14 14:22:27.645   342   342 I DEBUG   :     41fe1f20 41fe1fb8 00000000 41fe1fac 41fe1fbc  ...A.......A...A
03-14 14:22:27.645   342   342 I DEBUG   :     41fe1f30 00000000 00000063 41fe1f20 41fe1bf8  ....c... ..A...A
03-14 14:22:27.645   342   342 I DEBUG   :     41fe1f40 bee95bbc 00000000 00000000 41fde00c  .[.............A
03-14 14:22:27.645   342   342 I DEBUG   :     41fe1f50 41fe1f3c 41fe1a6c 00000006 00000003  <..Al..A........
03-14 14:22:27.645   342   342 I DEBUG   : 
03-14 14:22:27.645   342   342 I DEBUG   : memory near sl:
03-14 14:22:27.645   342   342 I DEBUG   :     41fe1fc0 656e2f63 74782f74 6174715f 64697567  c/net/xt_qtaguid
03-14 14:22:27.645   342   342 I DEBUG   :     41fe1fd0 6174732f 00007374 00000000 0000100b  /stats..........
03-14 14:22:27.645   342   342 I DEBUG   :     41fe1fe0 20786469 63616669 63612065 745f7463  idx iface acct_t
03-14 14:22:27.645   342   342 I DEBUG   :     41fe1ff0 685f6761 75207865 745f6469 695f6761  ag_hex uid_tag_i
03-14 14:22:27.645   342   342 I DEBUG   :     41fe2000 6320746e 735f746e 72207465 79625f78  nt cnt_set rx_by
03-14 14:22:27.645   342   342 I DEBUG   : 
03-14 14:22:27.645   342   342 I DEBUG   : memory near fp:
03-14 14:22:27.645   342   342 I DEBUG   :     400eec98 27000a27 49005c00 22005346 27262423  '..'.\.IFS."#$&'
03-14 14:22:27.645   342   342 I DEBUG   :     400eeca8 3a2a2928 3e3d3c3b 605c5b3f 007d7c7b  ()*:;<=>?[\`{|}.
03-14 14:22:27.645   342   342 I DEBUG   :     400eecb8 203a7325 67007325 68626172 00747369  %s: %s.grabhist.
03-14 14:22:27.645   342   342 I DEBUG   :     400eecc8 20646162 74736968 2079726f 61727261  bad history arra
03-14 14:22:27.645   342   342 I DEBUG   :     400eecd8 20200079 25002020 64252073 20636600  y.    .%s %d.fc 
03-14 14:22:27.645   342   342 I DEBUG   : 
03-14 14:22:27.645   342   342 I DEBUG   : memory near ip:
03-14 14:22:27.645   342   342 I DEBUG   :     400f2f20 4002c184 40038a09 40041ba1 4002c558  ...@...@...@X..@
03-14 14:22:27.645   342   342 I DEBUG   :     400f2f30 4002b5ec 4002b9d0 4002db68 40036061  ...@...@h..@a`.@
03-14 14:22:27.645   342   342 I DEBUG   :     400f2f40 4002b9ec 400378a5 4002b894 40038935  ...@.x.@...@5..@
03-14 14:22:27.645   342   342 I DEBUG   :     400f2f50 4002c9a0 4003896d 4002cd6c 4002c14c  ...@m..@l..@L..@
03-14 14:22:27.645   342   342 I DEBUG   :     400f2f60 4002b878 4002b85c 4002b678 4002c340  x..@\..@x..@@..@
03-14 14:22:27.645   342   342 I DEBUG   : 
03-14 14:22:27.645   342   342 I DEBUG   : memory near sp:
03-14 14:22:27.645   342   342 I DEBUG   :     bee956f0 41fe1f28 400f7cc4 00000000 41fe1fe0  (..A.|.@.......A
03-14 14:22:27.645   342   342 I DEBUG   :     bee95700 00000000 00000003 df0027ad 00000000  .........'......
03-14 14:22:27.645   342   342 I DEBUG   :     bee95710 00000000 00000fc3 41fe1f28 00013804  ........(..A.8..
03-14 14:22:27.645   342   342 I DEBUG   :     bee95720 00000001 400f2eac 400f7d84 400f7d88  .......@.}.@.}.@
03-14 14:22:27.645   342   342 I DEBUG   :     bee95730 400f7bb0 41fe1f28 41fdef9c 400f7df6  .{.@(..A...A.}.@
03-14 14:22:27.645   342   342 I DEBUG   : 
03-14 14:22:27.645   342   342 I DEBUG   : code around pc:
03-14 14:22:27.645   342   342 I DEBUG   :     4002b9d8 ef000000 e8bd0090 e1b00000 512fff1e  ............../Q
03-14 14:22:27.645   342   342 I DEBUG   :     4002b9e8 ea00b4ec e92d0090 e3a07004 ef000000  ......-..p......
03-14 14:22:27.645   342   342 I DEBUG   :     4002b9f8 e8bd0090 e1b00000 512fff1e ea00b4e5  ........../Q....
03-14 14:22:27.645   342   342 I DEBUG   :     4002ba08 e1a0c00d e92d00f0 e89c0070 e3a070b4  ......-.p....p..
03-14 14:22:27.645   342   342 I DEBUG   :     4002ba18 ef000000 e8bd00f0 e1b00000 512fff1e  ............../Q
03-14 14:22:27.645   342   342 I DEBUG   : 
03-14 14:22:27.645   342   342 I DEBUG   : code around lr:
03-14 14:22:27.645   342   342 I DEBUG   :     400db4e0 f7f36800 4631ed6a 46584602 fe64f009  .h..j.1F.FXF..d.
03-14 14:22:27.645   342   342 I DEBUG   :     400db4f0 b320e025 200146c2 463a4651 ed80f7f3  %. ..F. QF:F....
03-14 14:22:27.645   342   342 I DEBUG   :     400db500 bf1c1c43 0707ebc0 d1154482 ed1ef7f3  C........D......
03-14 14:22:27.645   342   342 I DEBUG   :     400db510 2a046802 f7f3d010 6800ed1a ed4cf7f3  .h.*.......h..L.
03-14 14:22:27.645   342   342 I DEBUG   :     400db520 44794916 48164602 f0094478 b17dfe45  .IyD.F.HxD..E.}.
03-14 14:22:27.655   709   735 I BootReceiver: Copying /data/tombstones/tombstone_00 to DropBox (SYSTEM_TOMBSTONE)
03-14 14:22:27.715  1001  1001 D ModemStatsService: receive intent android.intent.action.DROPBOX_ENTRY_ADDED
03-14 14:22:27.715  1001  1001 D ModemStatsService: receive intent, tagname is SYSTEM_TOMBSTONE time is 1457986947704 isMobileDataConnected : false
03-14 14:22:27.795 25153 25153 D AndroidRuntime: Calling main entry com.android.commands.am.Am
03-14 14:22:27.835 25153 25153 D AndroidRuntime: Shutting down VM
03-14 14:22:27.845 25153 25161 D dalvikvm: GC_CONCURRENT freed 106K, 87% free 562K/4096K, paused 0ms+0ms, total 3ms
03-14 14:22:27.845 25153 25163 D dalvikvm: Debugger has detached; object registry had 1 entries
03-14 14:22:28.215 25175 25175 F libc    : Fatal signal 13 (SIGPIPE) at 0x00006257 (code=0), thread 25175 (sh)
03-14 14:22:28.315   342   342 I DEBUG   : *** *** *** *** *** *** *** *** *** *** *** *** *** *** *** ***
03-14 14:22:28.315   342   342 I DEBUG   : Build fingerprint: 'motorola/XT897_us_spr/asanti_c:4.1.2/9.8.2Q-122_XT897_FFW-8/9:user/release-keys'
03-14 14:22:28.315   342   342 I DEBUG   : pid: 25175, tid: 25175, name: sh  >>> /system/bin/sh <<<
03-14 14:22:28.315   342   342 I DEBUG   : signal 13 (SIGPIPE), code -6 (?), fault addr --------
03-14 14:22:28.315   342   342 I DEBUG   :     r0 ffffffe0  r1 404e1fe0  r2 00000fc3  r3 00000000
03-14 14:22:28.315   342   342 I DEBUG   :     r4 00000000  r5 00000003  r6 404e1fbc  r7 00000004
03-14 14:22:28.315   342   342 I DEBUG   :     r8 404e1fe0  r9 404e1f30  sl 404e1fe0  fp 400fdcb8
03-14 14:22:28.315   342   342 I DEBUG   :     ip 40101f40  sp bef42710  lr 400ea501  pc 4007b9f8  cpsr 00000010
03-14 14:22:28.315   342   342 I DEBUG   :     d0  762f3a6e6962732f  d1  69622f726f646e65
03-14 14:22:28.315   342   342 I DEBUG   :     d2  65747379732f3a6e  d3  2f3a6e6962732f6d
03-14 14:22:28.315   342   342 I DEBUG   :     d4  0000000000000000  d5  0000000000000000
03-14 14:22:28.315   342   342 I DEBUG   :     d6  0000000000000000  d7  768a2bc000000000
03-14 14:22:28.315   342   342 I DEBUG   :     d8  0000000000000000  d9  0000000000000000
03-14 14:22:28.325   342   342 I DEBUG   :     d10 0000000000000000  d11 0000000000000000
03-14 14:22:28.325   342   342 I DEBUG   :     d12 0000000000000000  d13 0000000000000000
03-14 14:22:28.325   342   342 I DEBUG   :     d14 0000000000000000  d15 0000000000000000
03-14 14:22:28.325   342   342 I DEBUG   :     d16 4150243d48544150  d17 6d6f63202e3a4854
03-14 14:22:28.325   342   342 I DEBUG   :     d18 6a2e6e6f6464612e  d19 747379732f3a7261
03-14 14:22:28.325   342   342 I DEBUG   :     d20 656d6172662f6d65  d21 6d6f632f6b726f77
03-14 14:22:28.325   342   342 I DEBUG   :     d22 6c6f726f746f6d2e  d23 696f72646e612e61
03-14 14:22:28.325   342   342 I DEBUG   :     d24 0000000000000000  d25 0000000000000000
03-14 14:22:28.325   342   342 I DEBUG   :     d26 0000000000000000  d27 0000000000000000
03-14 14:22:28.325   342   342 I DEBUG   :     d28 0000000000000000  d29 0000000000000000
03-14 14:22:28.325   342   342 I DEBUG   :     d30 0000000000000000  d31 0000000000000000
03-14 14:22:28.325   342   342 I DEBUG   :     scr 00000010
03-14 14:22:28.325   342   342 I DEBUG   : 
03-14 14:22:28.325   342   342 I DEBUG   : backtrace:
03-14 14:22:28.325   342   342 I DEBUG   :     #00  pc 0000c9f8  /system/lib/libc.so (write+12)
03-14 14:22:28.325   342   342 I DEBUG   :     #01  pc 0000e4fd  /system/bin/mksh
03-14 14:22:28.325   342   342 I DEBUG   : 
03-14 14:22:28.325   342   342 I DEBUG   : stack:
03-14 14:22:28.325   342   342 I DEBUG   :          bef426d0  0000100b  
03-14 14:22:28.325   342   342 I DEBUG   :          bef426d4  40084597  /system/lib/libc.so (dlmalloc+5322)
03-14 14:22:28.325   342   342 I DEBUG   :          bef426d8  00000000  
03-14 14:22:28.325   342   342 I DEBUG   :          bef426dc  00000004  
03-14 14:22:28.325   342   342 I DEBUG   :          bef426e0  404e1f90  [heap]
03-14 14:22:28.325   342   342 I DEBUG   :          bef426e4  40084597  /system/lib/libc.so (dlmalloc+5322)
03-14 14:22:28.325   342   342 I DEBUG   :          bef426e8  00000000  
03-14 14:22:28.335   342   342 I DEBUG   :          bef426ec  40101eac  /system/bin/mksh
03-14 14:22:28.335   342   342 I DEBUG   :          bef426f0  404e1f28  [heap]
03-14 14:22:28.335   342   342 I DEBUG   :          bef426f4  40106cc4  
03-14 14:22:28.335   342   342 I DEBUG   :          bef426f8  00000000  
03-14 14:22:28.335   342   342 I DEBUG   :          bef426fc  404e1fe0  [heap]
03-14 14:22:28.335   342   342 I DEBUG   :          bef42700  00000000  
03-14 14:22:28.335   342   342 I DEBUG   :          bef42704  00000003  
03-14 14:22:28.335   342   342 I DEBUG   :          bef42708  df0027ad  
03-14 14:22:28.335   342   342 I DEBUG   :          bef4270c  00000000  
03-14 14:22:28.335   342   342 I DEBUG   :     #00  bef42710  00000000  
03-14 14:22:28.335   342   342 I DEBUG   :          bef42714  00000fc3  
03-14 14:22:28.335   342   342 I DEBUG   :     #01  bef42718  404e1f28  [heap]
03-14 14:22:28.335   342   342 I DEBUG   :          bef4271c  00013804  
03-14 14:22:28.335   342   342 I DEBUG   :          bef42720  00000001  
03-14 14:22:28.335   342   342 I DEBUG   :          bef42724  40101eac  /system/bin/mksh
03-14 14:22:28.335   342   342 I DEBUG   :          bef42728  40106d84  
03-14 14:22:28.335   342   342 I DEBUG   :          bef4272c  40106d88  
03-14 14:22:28.335   342   342 I DEBUG   :          bef42730  40106bb0  
03-14 14:22:28.335   342   342 I DEBUG   :          bef42734  404e1f28  [heap]
03-14 14:22:28.335   342   342 I DEBUG   :          bef42738  404def9c  [heap]
03-14 14:22:28.335   342   342 I DEBUG   :          bef4273c  40106df6  
03-14 14:22:28.335   342   342 I DEBUG   :          bef42740  00000001  
03-14 14:22:28.335   342   342 I DEBUG   :          bef42744  400e75cd  /system/bin/mksh
03-14 14:22:28.335   342   342 I DEBUG   :          bef42748  404e1f28  [heap]
03-14 14:22:28.335   342   342 I DEBUG   :          bef4274c  0000001f  
03-14 14:22:28.335   342   342 I DEBUG   :          bef42750  404e1fac  [heap]
03-14 14:22:28.335   342   342 I DEBUG   :          bef42754  404e1b3c  [heap]
03-14 14:22:28.335   342   342 I DEBUG   : 
03-14 14:22:28.335   342   342 I DEBUG   : memory near r1:
03-14 14:22:28.335   342   342 I DEBUG   :     404e1fc0 656e2f63 74782f74 6174715f 64697567  c/net/xt_qtaguid
03-14 14:22:28.335   342   342 I DEBUG   :     404e1fd0 6174732f 00007374 00000000 0000100b  /stats..........
03-14 14:22:28.335   342   342 I DEBUG   :     404e1fe0 20786469 63616669 63612065 745f7463  idx iface acct_t
03-14 14:22:28.335   342   342 I DEBUG   :     404e1ff0 685f6761 75207865 745f6469 695f6761  ag_hex uid_tag_i
03-14 14:22:28.335   342   342 I DEBUG   :     404e2000 6320746e 735f746e 72207465 79625f78  nt cnt_set rx_by
03-14 14:22:28.335   342   342 I DEBUG   : 
03-14 14:22:28.335   342   342 I DEBUG   : memory near r6:
03-14 14:22:28.345   342   342 I DEBUG   :     404e1f9c 400b85b4 00000010 00000012 00000000  ...@............
03-14 14:22:28.345   342   342 I DEBUG   :     404e1fac 00746163 00000000 0000002b 404e1fa8  cat.....+.....N@
03-14 14:22:28.345   342   342 I DEBUG   :     404e1fbc 6f72702f 656e2f63 74782f74 6174715f  /proc/net/xt_qta
03-14 14:22:28.345   342   342 I DEBUG   :     404e1fcc 64697567 6174732f 00007374 00000000  guid/stats......
03-14 14:22:28.345   342   342 I DEBUG   :     404e1fdc 0000100b 20786469 63616669 63612065  ....idx iface ac
03-14 14:22:28.345   342   342 I DEBUG   : 
03-14 14:22:28.345   342   342 I DEBUG   : memory near r8:
03-14 14:22:28.345   342   342 I DEBUG   :     404e1fc0 656e2f63 74782f74 6174715f 64697567  c/net/xt_qtaguid
03-14 14:22:28.345   342   342 I DEBUG   :     404e1fd0 6174732f 00007374 00000000 0000100b  /stats..........
03-14 14:22:28.345   342   342 I DEBUG   :     404e1fe0 20786469 63616669 63612065 745f7463  idx iface acct_t
03-14 14:22:28.345   342   342 I DEBUG   :     404e1ff0 685f6761 75207865 745f6469 695f6761  ag_hex uid_tag_i
03-14 14:22:28.345   342   342 I DEBUG   :     404e2000 6320746e 735f746e 72207465 79625f78  nt cnt_set rx_by
03-14 14:22:28.345   342   342 I DEBUG   : 
03-14 14:22:28.345   342   342 I DEBUG   : memory near r9:
03-14 14:22:28.345   342   342 I DEBUG   :     404e1f10 00000000 00000004 00000000 0000001b  ................
03-14 14:22:28.345   342   342 I DEBUG   :     404e1f20 404e1fb8 00000000 404e1fac 404e1fbc  ..N@......N@..N@
03-14 14:22:28.345   342   342 I DEBUG   :     404e1f30 00000000 00000063 404e1f20 404e1bf8  ....c... .N@..N@
03-14 14:22:28.345   342   342 I DEBUG   :     404e1f40 bef42bbc 00000000 00000000 404de00c  .+............M@
03-14 14:22:28.345   342   342 I DEBUG   :     404e1f50 404e1f3c 404e1a6c 00000006 00000003  <.N@l.N@........
03-14 14:22:28.345   342   342 I DEBUG   : 
03-14 14:22:28.345   342   342 I DEBUG   : memory near sl:
03-14 14:22:28.345   342   342 I DEBUG   :     404e1fc0 656e2f63 74782f74 6174715f 64697567  c/net/xt_qtaguid
03-14 14:22:28.345   342   342 I DEBUG   :     404e1fd0 6174732f 00007374 00000000 0000100b  /stats..........
03-14 14:22:28.345   342   342 I DEBUG   :     404e1fe0 20786469 63616669 63612065 745f7463  idx iface acct_t
03-14 14:22:28.345   342   342 I DEBUG   :     404e1ff0 685f6761 75207865 745f6469 695f6761  ag_hex uid_tag_i
03-14 14:22:28.345   342   342 I DEBUG   :     404e2000 6320746e 735f746e 72207465 79625f78  nt cnt_set rx_by
03-14 14:22:28.345   342   342 I DEBUG   : 
03-14 14:22:28.345   342   342 I DEBUG   : memory near fp:
03-14 14:22:28.345   342   342 I DEBUG   :     400fdc98 27000a27 49005c00 22005346 27262423  '..'.\.IFS."#$&'
03-14 14:22:28.345   342   342 I DEBUG   :     400fdca8 3a2a2928 3e3d3c3b 605c5b3f 007d7c7b  ()*:;<=>?[\`{|}.
03-14 14:22:28.345   342   342 I DEBUG   :     400fdcb8 203a7325 67007325 68626172 00747369  %s: %s.grabhist.
03-14 14:22:28.345   342   342 I DEBUG   :     400fdcc8 20646162 74736968 2079726f 61727261  bad history arra
03-14 14:22:28.345   342   342 I DEBUG   :     400fdcd8 20200079 25002020 64252073 20636600  y.    .%s %d.fc 
03-14 14:22:28.345   342   342 I DEBUG   : 
03-14 14:22:28.345   342   342 I DEBUG   : memory near ip:
03-14 14:22:28.345   342   342 I DEBUG   :     40101f20 4007c184 40088a09 40091ba1 4007c558  ...@...@...@X..@
03-14 14:22:28.345   342   342 I DEBUG   :     40101f30 4007b5ec 4007b9d0 4007db68 40086061  ...@...@h..@a`.@
03-14 14:22:28.345   342   342 I DEBUG   :     40101f40 4007b9ec 400878a5 4007b894 40088935  ...@.x.@...@5..@
03-14 14:22:28.345   342   342 I DEBUG   :     40101f50 4007c9a0 4008896d 4007cd6c 4007c14c  ...@m..@l..@L..@
03-14 14:22:28.345   342   342 I DEBUG   :     40101f60 4007b878 4007b85c 4007b678 4007c340  x..@\..@x..@@..@
