03-14 14:22:28.345   342   342 I DEBUG   : 
03-14 14:22:28.345   342   342 I DEBUG   : memory near sp:
03-14 14:22:28.345   342   342 I DEBUG   :     bef426f0 404e1f28 40106cc4 00000000 404e1fe0  (.N@.l.@......N@
03-14 14:22:28.345   342   342 I DEBUG   :     bef42700 00000000 00000003 df0027ad 00000000  .........'......
03-14 14:22:28.345   342   342 I DEBUG   :     bef42710 00000000 00000fc3 404e1f28 00013804  ........(.N@.8..
03-14 14:22:28.345   342   342 I DEBUG   :     bef42720 00000001 40101eac 40106d84 40106d88  .......@.m.@.m.@
03-14 14:22:28.345   342   342 I DEBUG   :     bef42730 40106bb0 404e1f28 404def9c 40106df6  .k.@(.N@..M@.m.@
03-14 14:22:28.345   342   342 I DEBUG   : 
03-14 14:22:28.345   342   342 I DEBUG   : code around pc:
03-14 14:22:28.345   342   342 I DEBUG   :     4007b9d8 ef000000 e8bd0090 e1b00000 512fff1e  ............../Q
03-14 14:22:28.345   342   342 I DEBUG   :     4007b9e8 ea00b4ec e92d0090 e3a07004 ef000000  ......-..p......
03-14 14:22:28.345   342   342 I DEBUG   :     4007b9f8 e8bd0090 e1b00000 512fff1e ea00b4e5  ........../Q....
03-14 14:22:28.345   342   342 I DEBUG   :     4007ba08 e1a0c00d e92d00f0 e89c0070 e3a070b4  ......-.p....p..
03-14 14:22:28.345   342   342 I DEBUG   :     4007ba18 ef000000 e8bd00f0 e1b00000 512fff1e  ............../Q
03-14 14:22:28.345   342   342 I DEBUG   : 
03-14 14:22:28.345   342   342 I DEBUG   : code around lr:
03-14 14:22:28.345   342   342 I DEBUG   :     400ea4e0 f7f36800 4631ed6a 46584602 fe64f009  .h..j.1F.FXF..d.
03-14 14:22:28.345   342   342 I DEBUG   :     400ea4f0 b320e025 200146c2 463a4651 ed80f7f3  %. ..F. QF:F....
03-14 14:22:28.345   342   342 I DEBUG   :     400ea500 bf1c1c43 0707ebc0 d1154482 ed1ef7f3  C........D......
03-14 14:22:28.345   342   342 I DEBUG   :     400ea510 2a046802 f7f3d010 6800ed1a ed4cf7f3  .h.*.......h..L.
03-14 14:22:28.345   342   342 I DEBUG   :     400ea520 44794916 48164602 f0094478 b17dfe45  .IyD.F.HxD..E.}.
03-14 14:22:28.345   709   735 I BootReceiver: Copying /data/tombstones/tombstone_08 to DropBox (SYSTEM_TOMBSTONE)
03-14 14:22:28.426  1001  1001 D ModemStatsService: receive intent android.intent.action.DROPBOX_ENTRY_ADDED
03-14 14:22:28.426  1001  1001 D ModemStatsService: receive intent, tagname is SYSTEM_TOMBSTONE time is 1457986948413 isMobileDataConnected : false
03-14 14:22:28.466 25181 25181 D AndroidRuntime: 
03-14 14:22:28.466 25181 25181 D AndroidRuntime: >>>>>> AndroidRuntime START com.android.internal.os.RuntimeInit <<<<<<
03-14 14:22:28.466 25181 25181 D AndroidRuntime: CheckJNI is OFF
03-14 14:22:28.476 25181 25181 D dalvikvm: Trying to load lib libjavacore.so 0x0
03-14 14:22:28.476 25181 25181 D dalvikvm: Added shared lib libjavacore.so 0x0
03-14 14:22:28.486 25181 25181 D dalvikvm: Trying to load lib libnativehelper.so 0x0
03-14 14:22:28.486 25181 25181 D dalvikvm: Added shared lib libnativehelper.so 0x0
03-14 14:22:28.716 25181 25181 D AndroidRuntime: Calling main entry com.android.commands.pm.Pm
03-14 14:22:28.736   709   734 W ActivityManager: No content provider found for permission revoke: file:///data/local/tmp/app-debug.apk
03-14 14:22:28.746   709   734 W ActivityManager: No content provider found for permission revoke: file:///data/local/tmp/app-debug.apk
03-14 14:22:28.886 25196 25196 F libc    : Fatal signal 13 (SIGPIPE) at 0x0000626c (code=0), thread 25196 (sh)
03-14 14:22:28.986   342   342 I DEBUG   : *** *** *** *** *** *** *** *** *** *** *** *** *** *** *** ***
03-14 14:22:28.986   342   342 I DEBUG   : Build fingerprint: 'motorola/XT897_us_spr/asanti_c:4.1.2/9.8.2Q-122_XT897_FFW-8/9:user/release-keys'
03-14 14:22:28.986   342   342 I DEBUG   : pid: 25196, tid: 25196, name: sh  >>> /system/bin/sh <<<
03-14 14:22:28.986   342   342 I DEBUG   : signal 13 (SIGPIPE), code -6 (?), fault addr --------
03-14 14:22:28.986   342   342 I DEBUG   :     r0 ffffffe0  r1 41644fe0  r2 00000fc3  r3 00000000
03-14 14:22:28.986   342   342 I DEBUG   :     r4 00000000  r5 00000003  r6 41644fbc  r7 00000004
03-14 14:22:28.986   342   342 I DEBUG   :     r8 41644fe0  r9 41644f30  sl 41644fe0  fp 40080cb8
03-14 14:22:28.986   342   342 I DEBUG   :     ip 40084f40  sp bed0c710  lr 4006d501  pc 401519f8  cpsr 00000010
03-14 14:22:28.986   342   342 I DEBUG   :     d0  762f3a6e6962732f  d1  69622f726f646e65
03-14 14:22:28.986   342   342 I DEBUG   :     d2  65747379732f3a6e  d3  2f3a6e6962732f6d
03-14 14:22:28.986   342   342 I DEBUG   :     d4  0000000000000000  d5  0000000000000000
03-14 14:22:28.986   342   342 I DEBUG   :     d6  0000000000000000  d7  7694982300000000
03-14 14:22:28.986   342   342 I DEBUG   :     d8  0000000000000000  d9  0000000000000000
03-14 14:22:28.986   342   342 I DEBUG   :     d10 0000000000000000  d11 0000000000000000
03-14 14:22:28.986   342   342 I DEBUG   :     d12 0000000000000000  d13 0000000000000000
03-14 14:22:28.986   342   342 I DEBUG   :     d14 0000000000000000  d15 0000000000000000
03-14 14:22:28.986   342   342 I DEBUG   :     d16 4150243d48544150  d17 6d6f63202e3a4854
03-14 14:22:28.986   342   342 I DEBUG   :     d18 6a2e6e6f6464612e  d19 747379732f3a7261
03-14 14:22:28.986   342   342 I DEBUG   :     d20 656d6172662f6d65  d21 6d6f632f6b726f77
03-14 14:22:28.986   342   342 I DEBUG   :     d22 6c6f726f746f6d2e  d23 696f72646e612e61
03-14 14:22:28.986   342   342 I DEBUG   :     d24 0000000000000000  d25 0000000000000000
03-14 14:22:28.986   342   342 I DEBUG   :     d26 0000000000000000  d27 0000000000000000
03-14 14:22:28.986   342   342 I DEBUG   :     d28 0000000000000000  d29 0000000000000000
03-14 14:22:28.986   342   342 I DEBUG   :     d30 0000000000000000  d31 0000000000000000
03-14 14:22:28.986   342   342 I DEBUG   :     scr 00000010
03-14 14:22:28.986   342   342 I DEBUG   : 
03-14 14:22:28.986   342   342 I DEBUG   : backtrace:
03-14 14:22:28.986   342   342 I DEBUG   :     #00  pc 0000c9f8  /system/lib/libc.so (write+12)
03-14 14:22:28.986   342   342 I DEBUG   :     #01  pc 0000e4fd  /system/bin/mksh
03-14 14:22:28.986   342   342 I DEBUG   : 
03-14 14:22:28.986   342   342 I DEBUG   : stack:
03-14 14:22:28.986   342   342 I DEBUG   :          bed0c6d0  0000100b  
03-14 14:22:28.986   342   342 I DEBUG   :          bed0c6d4  4015a597  /system/lib/libc.so (dlmalloc+5322)
03-14 14:22:28.986   342   342 I DEBUG   :          bed0c6d8  00000000  
03-14 14:22:28.986   342   342 I DEBUG   :          bed0c6dc  00000004  
03-14 14:22:28.986   342   342 I DEBUG   :          bed0c6e0  41644f90  [heap]
03-14 14:22:28.986   342   342 I DEBUG   :          bed0c6e4  4015a597  /system/lib/libc.so (dlmalloc+5322)
03-14 14:22:28.986   342   342 I DEBUG   :          bed0c6e8  00000000  
03-14 14:22:28.986   342   342 I DEBUG   :          bed0c6ec  40084eac  /system/bin/mksh
03-14 14:22:28.986   342   342 I DEBUG   :          bed0c6f0  41644f28  [heap]
03-14 14:22:28.986   342   342 I DEBUG   :          bed0c6f4  40089cc4  
03-14 14:22:28.986   342   342 I DEBUG   :          bed0c6f8  00000000  
03-14 14:22:28.986   342   342 I DEBUG   :          bed0c6fc  41644fe0  [heap]
03-14 14:22:28.986   342   342 I DEBUG   :          bed0c700  00000000  
03-14 14:22:28.986   342   342 I DEBUG   :          bed0c704  00000003  
03-14 14:22:28.986   342   342 I DEBUG   :          bed0c708  df0027ad  
03-14 14:22:28.986   342   342 I DEBUG   :          bed0c70c  00000000  
03-14 14:22:28.986   342   342 I DEBUG   :     #00  bed0c710  00000000  
03-14 14:22:28.986   342   342 I DEBUG   :          bed0c714  00000fc3  
03-14 14:22:28.986   342   342 I DEBUG   :     #01  bed0c718  41644f28  [heap]
03-14 14:22:28.986   342   342 I DEBUG   :          bed0c71c  00013804  
03-14 14:22:28.986   342   342 I DEBUG   :          bed0c720  00000001  
03-14 14:22:28.986   342   342 I DEBUG   :          bed0c724  40084eac  /system/bin/mksh
03-14 14:22:28.986   342   342 I DEBUG   :          bed0c728  40089d84  
03-14 14:22:28.986   342   342 I DEBUG   :          bed0c72c  40089d88  
03-14 14:22:28.996   342   342 I DEBUG   :          bed0c730  40089bb0  
03-14 14:22:28.996   342   342 I DEBUG   :          bed0c734  41644f28  [heap]
03-14 14:22:28.996   342   342 I DEBUG   :          bed0c738  41641f9c  [heap]
03-14 14:22:28.996   342   342 I DEBUG   :          bed0c73c  40089df6  
03-14 14:22:28.996   342   342 I DEBUG   :          bed0c740  00000001  
03-14 14:22:28.996   342   342 I DEBUG   :          bed0c744  4006a5cd  /system/bin/mksh
03-14 14:22:28.996   342   342 I DEBUG   :          bed0c748  41644f28  [heap]
03-14 14:22:28.996   342   342 I DEBUG   :          bed0c74c  0000001f  
03-14 14:22:28.996   342   342 I DEBUG   :          bed0c750  41644fac  [heap]
03-14 14:22:28.996   342   342 I DEBUG   :          bed0c754  41644b3c  [heap]
03-14 14:22:28.996   342   342 I DEBUG   : 
03-14 14:22:28.996   342   342 I DEBUG   : memory near r1:
03-14 14:22:28.996   342   342 I DEBUG   :     41644fc0 656e2f63 74782f74 6174715f 64697567  c/net/xt_qtaguid
03-14 14:22:28.996   342   342 I DEBUG   :     41644fd0 6174732f 00007374 00000000 0000100b  /stats..........
03-14 14:22:28.996   342   342 I DEBUG   :     41644fe0 20786469 63616669 63612065 745f7463  idx iface acct_t
03-14 14:22:28.996   342   342 I DEBUG   :     41644ff0 685f6761 75207865 745f6469 695f6761  ag_hex uid_tag_i
03-14 14:22:28.996   342   342 I DEBUG   :     41645000 6320746e 735f746e 72207465 79625f78  nt cnt_set rx_by
03-14 14:22:28.996   342   342 I DEBUG   : 
03-14 14:22:28.996   342   342 I DEBUG   : memory near r6:
03-14 14:22:28.996   342   342 I DEBUG   :     41644f9c 4018e5b4 00000010 00000012 00000000  ...@............
03-14 14:22:28.996   342   342 I DEBUG   :     41644fac 00746163 00000000 0000002b 41644fa8  cat.....+....OdA
03-14 14:22:28.996   342   342 I DEBUG   :     41644fbc 6f72702f 656e2f63 74782f74 6174715f  /proc/net/xt_qta
03-14 14:22:28.996   342   342 I DEBUG   :     41644fcc 64697567 6174732f 00007374 00000000  guid/stats......
03-14 14:22:28.996   342   342 I DEBUG   :     41644fdc 0000100b 20786469 63616669 63612065  ....idx iface ac
03-14 14:22:28.996   342   342 I DEBUG   : 
03-14 14:22:28.996   342   342 I DEBUG   : memory near r8:
03-14 14:22:28.996   342   342 I DEBUG   :     41644fc0 656e2f63 74782f74 6174715f 64697567  c/net/xt_qtaguid
03-14 14:22:28.996   342   342 I DEBUG   :     41644fd0 6174732f 00007374 00000000 0000100b  /stats..........
03-14 14:22:28.996   342   342 I DEBUG   :     41644fe0 20786469 63616669 63612065 745f7463  idx iface acct_t
03-14 14:22:28.996   342   342 I DEBUG   :     41644ff0 685f6761 75207865 745f6469 695f6761  ag_hex uid_tag_i
03-14 14:22:28.996   342   342 I DEBUG   :     41645000 6320746e 735f746e 72207465 79625f78  nt cnt_set rx_by
03-14 14:22:28.996   342   342 I DEBUG   : 
03-14 14:22:28.996   342   342 I DEBUG   : memory near r9:
03-14 14:22:28.996   342   342 I DEBUG   :     41644f10 00000000 00000004 00000000 0000001b  ................
03-14 14:22:28.996   342   342 I DEBUG   :     41644f20 41644fb8 00000000 41644fac 41644fbc  .OdA.....OdA.OdA
03-14 14:22:28.996   342   342 I DEBUG   :     41644f30 00000000 00000063 41644f20 41644bf8  ....c... OdA.KdA
03-14 14:22:28.996   342   342 I DEBUG   :     41644f40 bed0cbbc 00000000 00000000 4164100c  ..............dA
03-14 14:22:28.996   342   342 I DEBUG   :     41644f50 41644f3c 41644a6c 00000006 00000003  <OdAlJdA........
03-14 14:22:28.996   342   342 I DEBUG   : 
03-14 14:22:28.996   342   342 I DEBUG   : memory near sl:
03-14 14:22:28.996   342   342 I DEBUG   :     41644fc0 656e2f63 74782f74 6174715f 64697567  c/net/xt_qtaguid
03-14 14:22:28.996   342   342 I DEBUG   :     41644fd0 6174732f 00007374 00000000 0000100b  /stats..........
03-14 14:22:28.996   342   342 I DEBUG   :     41644fe0 20786469 63616669 63612065 745f7463  idx iface acct_t
03-14 14:22:28.996   342   342 I DEBUG   :     41644ff0 685f6761 75207865 745f6469 695f6761  ag_hex uid_tag_i
03-14 14:22:28.996   342   342 I DEBUG   :     41645000 6320746e 735f746e 72207465 79625f78  nt cnt_set rx_by
03-14 14:22:28.996   342   342 I DEBUG   : 
03-14 14:22:28.996   342   342 I DEBUG   : memory near fp:
03-14 14:22:28.996   342   342 I DEBUG   :     40080c98 27000a27 49005c00 22005346 27262423  '..'.\.IFS."#$&'
03-14 14:22:28.996   342   342 I DEBUG   :     40080ca8 3a2a2928 3e3d3c3b 605c5b3f 007d7c7b  ()*:;<=>?[\`{|}.
03-14 14:22:28.996   342   342 I DEBUG   :     40080cb8 203a7325 67007325 68626172 00747369  %s: %s.grabhist.
03-14 14:22:28.996   342   342 I DEBUG   :     40080cc8 20646162 74736968 2079726f 61727261  bad history arra
03-14 14:22:28.996   342   342 I DEBUG   :     40080cd8 20200079 25002020 64252073 20636600  y.    .%s %d.fc 
03-14 14:22:28.996   342   342 I DEBUG   : 
03-14 14:22:28.996   342   342 I DEBUG   : memory near ip:
03-14 14:22:28.996   342   342 I DEBUG   :     40084f20 40152184 4015ea09 40167ba1 40152558  .!.@...@.{.@X%.@
03-14 14:22:28.996   342   342 I DEBUG   :     40084f30 401515ec 401519d0 40153b68 4015c061  ...@...@h;.@a..@
03-14 14:22:28.996   342   342 I DEBUG   :     40084f40 401519ec 4015d8a5 40151894 4015e935  ...@...@...@5..@
03-14 14:22:28.996   342   342 I DEBUG   :     40084f50 401529a0 4015e96d 40152d6c 4015214c  .).@m..@l-.@L!.@
03-14 14:22:28.996   342   342 I DEBUG   :     40084f60 40151878 4015185c 40151678 40152340  x..@\..@x..@@#.@
03-14 14:22:28.996   342   342 I DEBUG   : 
03-14 14:22:28.996   342   342 I DEBUG   : memory near sp:
03-14 14:22:28.996   342   342 I DEBUG   :     bed0c6f0 41644f28 40089cc4 00000000 41644fe0  (OdA...@.....OdA
03-14 14:22:28.996   342   342 I DEBUG   :     bed0c700 00000000 00000003 df0027ad 00000000  .........'......
03-14 14:22:28.996   342   342 I DEBUG   :     bed0c710 00000000 00000fc3 41644f28 00013804  ........(OdA.8..
03-14 14:22:28.996   342   342 I DEBUG   :     bed0c720 00000001 40084eac 40089d84 40089d88  .....N.@...@...@
03-14 14:22:28.996   342   342 I DEBUG   :     bed0c730 40089bb0 41644f28 41641f9c 40089df6  ...@(OdA..dA...@
03-14 14:22:28.996   342   342 I DEBUG   : 
03-14 14:22:28.996   342   342 I DEBUG   : code around pc:
03-14 14:22:28.996   342   342 I DEBUG   :     401519d8 ef000000 e8bd0090 e1b00000 512fff1e  ............../Q
03-14 14:22:28.996   342   342 I DEBUG   :     401519e8 ea00b4ec e92d0090 e3a07004 ef000000  ......-..p......
03-14 14:22:28.996   342   342 I DEBUG   :     401519f8 e8bd0090 e1b00000 512fff1e ea00b4e5  ........../Q....
03-14 14:22:28.996   342   342 I DEBUG   :     40151a08 e1a0c00d e92d00f0 e89c0070 e3a070b4  ......-.p....p..
03-14 14:22:28.996   342   342 I DEBUG   :     40151a18 ef000000 e8bd00f0 e1b00000 512fff1e  ............../Q
03-14 14:22:28.996   342   342 I DEBUG   : 
03-14 14:22:28.996   342   342 I DEBUG   : code around lr:
03-14 14:22:28.996   342   342 I DEBUG   :     4006d4e0 f7f36800 4631ed6a 46584602 fe64f009  .h..j.1F.FXF..d.
03-14 14:22:28.996   342   342 I DEBUG   :     4006d4f0 b320e025 200146c2 463a4651 ed80f7f3  %. ..F. QF:F....
03-14 14:22:28.996   342   342 I DEBUG   :     4006d500 bf1c1c43 0707ebc0 d1154482 ed1ef7f3  C........D......
03-14 14:22:28.996   342   342 I DEBUG   :     4006d510 2a046802 f7f3d010 6800ed1a ed4cf7f3  .h.*.......h..L.
03-14 14:22:28.996   342   342 I DEBUG   :     4006d520 44794916 48164602 f0094478 b17dfe45  .IyD.F.HxD..E.}.
03-14 14:22:29.016   709   734 D dalvikvm: GC_FOR_ALLOC freed 2532K, 18% free 23330K/28423K, paused 121ms, total 121ms
03-14 14:22:29.016   709   735 I BootReceiver: Copying /data/tombstones/tombstone_01 to DropBox (SYSTEM_TOMBSTONE)
03-14 14:22:29.046  1001  1001 D ModemStatsService: receive intent android.intent.action.DROPBOX_ENTRY_ADDED
03-14 14:22:29.046  1001  1001 D ModemStatsService: receive intent, tagname is SYSTEM_TOMBSTONE time is 1457986949053 isMobileDataConnected : false
03-14 14:22:29.196   709   734 D dalvikvm: GC_FOR_ALLOC freed 1995K, 18% free 23342K/28423K, paused 88ms, total 88ms
03-14 14:22:29.296   709   734 I PackageManager: Removing non-system package:cs240.benjamin.familymap
03-14 14:22:29.306   709   730 I ActivityManager: Force stopping package cs240.benjamin.familymap uid=10117
03-14 14:22:29.306   709   730 I ActivityManager: Killing proc 20155:cs240.benjamin.familymap/u0a117: force stop
03-14 14:22:29.306   709   730 I ActivityManager:   Force finishing activity ActivityRecord{42ed1890 cs240.benjamin.familymap/.MainActivity}
03-14 14:22:29.337  1519  1519 I Launcher: onResume
03-14 14:22:29.347   709  1057 I WindowState: WIN DEATH: Window{4242bb10 cs240.benjamin.familymap/cs240.benjamin.familymap.MainActivity paused=true}
03-14 14:22:29.527 25208 25208 F libc    : Fatal signal 13 (SIGPIPE) at 0x00006278 (code=0), thread 25208 (sh)
03-14 14:22:29.607  1519  1519 D LauncherAppWidgetHost: checkForConfig returning false: {1.0 310mcc120mnc en_US sw360dp w360dp h566dp nrml port finger qwerty/v/h dpad/v s.17}
03-14 14:22:29.627   342   342 I DEBUG   : *** *** *** *** *** *** *** *** *** *** *** *** *** *** *** ***
03-14 14:22:29.627   342   342 I DEBUG   : Build fingerprint: 'motorola/XT897_us_spr/asanti_c:4.1.2/9.8.2Q-122_XT897_FFW-8/9:user/release-keys'
03-14 14:22:29.627   342   342 I DEBUG   : pid: 25208, tid: 25208, name: sh  >>> /system/bin/sh <<<
03-14 14:22:29.627   342   342 I DEBUG   : signal 13 (SIGPIPE), code -6 (?), fault addr --------
03-14 14:22:29.627   342   342 I DEBUG   :     r0 ffffffe0  r1 40d58fe0  r2 00000fc3  r3 00000000
03-14 14:22:29.627   342   342 I DEBUG   :     r4 00000000  r5 00000003  r6 40d58fbc  r7 00000004
03-14 14:22:29.627   342   342 I DEBUG   :     r8 40d58fe0  r9 40d58f30  sl 40d58fe0  fp 4002ccb8
03-14 14:22:29.627   342   342 I DEBUG   :     ip 40030f40  sp bef78710  lr 40019501  pc 400829f8  cpsr 00000010
03-14 14:22:29.627   342   342 I DEBUG   :     d0  762f3a6e6962732f  d1  69622f726f646e65
03-14 14:22:29.627   342   342 I DEBUG   :     d2  65747379732f3a6e  d3  2f3a6e6962732f6d
03-14 14:22:29.627   342   342 I DEBUG   :     d4  0000000000000000  d5  0000000000000000
03-14 14:22:29.627   342   342 I DEBUG   :     d6  0000000000000000  d7  769e511900000000
03-14 14:22:29.627   342   342 I DEBUG   :     d8  0000000000000000  d9  0000000000000000
03-14 14:22:29.627   342   342 I DEBUG   :     d10 0000000000000000  d11 0000000000000000
03-14 14:22:29.627   342   342 I DEBUG   :     d12 0000000000000000  d13 0000000000000000
03-14 14:22:29.627   342   342 I DEBUG   :     d14 0000000000000000  d15 0000000000000000
03-14 14:22:29.627   342   342 I DEBUG   :     d16 4150243d48544150  d17 6d6f63202e3a4854
03-14 14:22:29.627   342   342 I DEBUG   :     d18 6a2e6e6f6464612e  d19 747379732f3a7261
03-14 14:22:29.627   342   342 I DEBUG   :     d20 656d6172662f6d65  d21 6d6f632f6b726f77
03-14 14:22:29.627   342   342 I DEBUG   :     d22 6c6f726f746f6d2e  d23 696f72646e612e61
03-14 14:22:29.627   342   342 I DEBUG   :     d24 0000000000000000  d25 0000000000000000
03-14 14:22:29.627   342   342 I DEBUG   :     d26 0000000000000000  d27 0000000000000000
03-14 14:22:29.627   342   342 I DEBUG   :     d28 0000000000000000  d29 0000000000000000
03-14 14:22:29.627   342   342 I DEBUG   :     d30 0000000000000000  d31 0000000000000000
03-14 14:22:29.627   342   342 I DEBUG   :     scr 00000010
03-14 14:22:29.627   342   342 I DEBUG   : 
03-14 14:22:29.627   342   342 I DEBUG   : backtrace:
03-14 14:22:29.627   342   342 I DEBUG   :     #00  pc 0000c9f8  /system/lib/libc.so (write+12)
03-14 14:22:29.627   342   342 I DEBUG   :     #01  pc 0000e4fd  /system/bin/mksh
03-14 14:22:29.627   342   342 I DEBUG   : 
03-14 14:22:29.627   342   342 I DEBUG   : stack:
03-14 14:22:29.627   342   342 I DEBUG   :          bef786d0  0000100b  
03-14 14:22:29.627   342   342 I DEBUG   :          bef786d4  4008b597  /system/lib/libc.so (dlmalloc+5322)
03-14 14:22:29.627   342   342 I DEBUG   :          bef786d8  00000000  
03-14 14:22:29.627   342   342 I DEBUG   :          bef786dc  00000004  
03-14 14:22:29.627   342   342 I DEBUG   :          bef786e0  40d58f90  [heap]
03-14 14:22:29.627   342   342 I DEBUG   :          bef786e4  4008b597  /system/lib/libc.so (dlmalloc+5322)
03-14 14:22:29.627   342   342 I DEBUG   :          bef786e8  00000000  
03-14 14:22:29.627   342   342 I DEBUG   :          bef786ec  40030eac  /system/bin/mksh
03-14 14:22:29.627   342   342 I DEBUG   :          bef786f0  40d58f28  [heap]
03-14 14:22:29.627   342   342 I DEBUG   :          bef786f4  40035cc4  
03-14 14:22:29.627   342   342 I DEBUG   :          bef786f8  00000000  
03-14 14:22:29.627   342   342 I DEBUG   :          bef786fc  40d58fe0  [heap]
03-14 14:22:29.627   342   342 I DEBUG   :          bef78700  00000000  
03-14 14:22:29.627   342   342 I DEBUG   :          bef78704  00000003  
03-14 14:22:29.627   342   342 I DEBUG   :          bef78708  df0027ad  
03-14 14:22:29.627   342   342 I DEBUG   :          bef7870c  00000000  
03-14 14:22:29.627   342   342 I DEBUG   :     #00  bef78710  00000000  
03-14 14:22:29.627   342   342 I DEBUG   :          bef78714  00000fc3  
03-14 14:22:29.627   342   342 I DEBUG   :     #01  bef78718  40d58f28  [heap]
03-14 14:22:29.627   342   342 I DEBUG   :          bef7871c  00013804  
03-14 14:22:29.627   342   342 I DEBUG   :          bef78720  00000001  
03-14 14:22:29.627   342   342 I DEBUG   :          bef78724  40030eac  /system/bin/mksh
03-14 14:22:29.627   342   342 I DEBUG   :          bef78728  40035d84  
03-14 14:22:29.627   342   342 I DEBUG   :          bef7872c  40035d88  
03-14 14:22:29.627   342   342 I DEBUG   :          bef78730  40035bb0  
03-14 14:22:29.627   342   342 I DEBUG   :          bef78734  40d58f28  [heap]
03-14 14:22:29.627   342   342 I DEBUG   :          bef78738  40d55f9c  [heap]
03-14 14:22:29.627   342   342 I DEBUG   :          bef7873c  40035df6  
03-14 14:22:29.627   342   342 I DEBUG   :          bef78740  00000001  
03-14 14:22:29.627   342   342 I DEBUG   :          bef78744  400165cd  /system/bin/mksh
03-14 14:22:29.627   342   342 I DEBUG   :          bef78748  40d58f28  [heap]
03-14 14:22:29.627   342   342 I DEBUG   :          bef7874c  0000001f  
03-14 14:22:29.627   342   342 I DEBUG   :          bef78750  40d58fac  [heap]
03-14 14:22:29.627   342   342 I DEBUG   :          bef78754  40d58b3c  [heap]
03-14 14:22:29.627   342   342 I DEBUG   : 
03-14 14:22:29.627   342   342 I DEBUG   : memory near r1:
03-14 14:22:29.627   342   342 I DEBUG   :     40d58fc0 656e2f63 74782f74 6174715f 64697567  c/net/xt_qtaguid
03-14 14:22:29.627   342   342 I DEBUG   :     40d58fd0 6174732f 00007374 00000000 0000100b  /stats..........
03-14 14:22:29.627   709   734 I PackageManager: Package cs240.benjamin.familymap codePath changed from /data/app/cs240.benjamin.familymap-2.apk to /data/app/cs240.benjamin.familymap-1.apk; Retaining data and using new
03-14 14:22:29.637   342   342 I DEBUG   :     40d58fe0 20786469 63616669 63612065 745f7463  idx iface acct_t
03-14 14:22:29.637   342   342 I DEBUG   :     40d58ff0 685f6761 75207865 745f6469 695f6761  ag_hex uid_tag_i
03-14 14:22:29.637   342   342 I DEBUG   :     40d59000 6320746e 735f746e 72207465 79625f78  nt cnt_set rx_by
03-14 14:22:29.637   342   342 I DEBUG   : 
03-14 14:22:29.637   342   342 I DEBUG   : memory near r6:
03-14 14:22:29.637   342   342 I DEBUG   :     40d58f9c 400bf5b4 00000010 00000012 00000000  ...@............
03-14 14:22:29.637   342   342 I DEBUG   :     40d58fac 00746163 00000000 0000002b 40d58fa8  cat.....+......@
03-14 14:22:29.637   342   342 I DEBUG   :     40d58fbc 6f72702f 656e2f63 74782f74 6174715f  /proc/net/xt_qta
03-14 14:22:29.637   342   342 I DEBUG   :     40d58fcc 64697567 6174732f 00007374 00000000  guid/stats......
03-14 14:22:29.637   342   342 I DEBUG   :     40d58fdc 0000100b 20786469 63616669 63612065  ....idx iface ac
03-14 14:22:29.637   342   342 I DEBUG   : 
03-14 14:22:29.637   342   342 I DEBUG   : memory near r8:
03-14 14:22:29.637   342   342 I DEBUG   :     40d58fc0 656e2f63 74782f74 6174715f 64697567  c/net/xt_qtaguid
03-14 14:22:29.637   342   342 I DEBUG   :     40d58fd0 6174732f 00007374 00000000 0000100b  /stats..........
03-14 14:22:29.637   342   342 I DEBUG   :     40d58fe0 20786469 63616669 63612065 745f7463  idx iface acct_t
03-14 14:22:29.637   342   342 I DEBUG   :     40d58ff0 685f6761 75207865 745f6469 695f6761  ag_hex uid_tag_i
03-14 14:22:29.637   342   342 I DEBUG   :     40d59000 6320746e 735f746e 72207465 79625f78  nt cnt_set rx_by
03-14 14:22:29.637   342   342 I DEBUG   : 
03-14 14:22:29.637   342   342 I DEBUG   : memory near r9:
03-14 14:22:29.637   342   342 I DEBUG   :     40d58f10 00000000 00000004 00000000 0000001b  ................
03-14 14:22:29.637   342   342 I DEBUG   :     40d58f20 40d58fb8 00000000 40d58fac 40d58fbc  ...@.......@...@
03-14 14:22:29.637   342   342 I DEBUG   :     40d58f30 00000000 00000063 40d58f20 40d58bf8  ....c... ..@...@
03-14 14:22:29.637   342   342 I DEBUG   :     40d58f40 bef78bbc 00000000 00000000 40d5500c  .............P.@
03-14 14:22:29.637   342   342 I DEBUG   :     40d58f50 40d58f3c 40d58a6c 00000006 00000003  <..@l..@........
03-14 14:22:29.637   342   342 I DEBUG   : 
03-14 14:22:29.637   342   342 I DEBUG   : memory near sl:
03-14 14:22:29.637   342   342 I DEBUG   :     40d58fc0 656e2f63 74782f74 6174715f 64697567  c/net/xt_qtaguid
03-14 14:22:29.637   342   342 I DEBUG   :     40d58fd0 6174732f 00007374 00000000 0000100b  /stats..........
03-14 14:22:29.637   342   342 I DEBUG   :     40d58fe0 20786469 63616669 63612065 745f7463  idx iface acct_t
03-14 14:22:29.637   342   342 I DEBUG   :     40d58ff0 685f6761 75207865 745f6469 695f6761  ag_hex uid_tag_i
03-14 14:22:29.637   342   342 I DEBUG   :     40d59000 6320746e 735f746e 72207465 79625f78  nt cnt_set rx_by
03-14 14:22:29.637   342   342 I DEBUG   : 
03-14 14:22:29.637   342   342 I DEBUG   : memory near fp:
03-14 14:22:29.637   342   342 I DEBUG   :     4002cc98 27000a27 49005c00 22005346 27262423  '..'.\.IFS."#$&'
03-14 14:22:29.637   342   342 I DEBUG   :     4002cca8 3a2a2928 3e3d3c3b 605c5b3f 007d7c7b  ()*:;<=>?[\`{|}.
03-14 14:22:29.637   342   342 I DEBUG   :     4002ccb8 203a7325 67007325 68626172 00747369  %s: %s.grabhist.
03-14 14:22:29.637   342   342 I DEBUG   :     4002ccc8 20646162 74736968 2079726f 61727261  bad history arra
03-14 14:22:29.637   342   342 I DEBUG   :     4002ccd8 20200079 25002020 64252073 20636600  y.    .%s %d.fc 
03-14 14:22:29.637   342   342 I DEBUG   : 
03-14 14:22:29.637   342   342 I DEBUG   : memory near ip:
03-14 14:22:29.637   342   342 I DEBUG   :     40030f20 40083184 4008fa09 40098ba1 40083558  .1.@...@...@X5.@
03-14 14:22:29.637   342   342 I DEBUG   :     40030f30 400825ec 400829d0 40084b68 4008d061  .%.@.).@hK.@a..@
03-14 14:22:29.637   342   342 I DEBUG   :     40030f40 400829ec 4008e8a5 40082894 4008f935  .).@...@.(.@5..@
03-14 14:22:29.637   342   342 I DEBUG   :     40030f50 400839a0 4008f96d 40083d6c 4008314c  .9.@m..@l=.@L1.@
03-14 14:22:29.637   342   342 I DEBUG   :     40030f60 40082878 4008285c 40082678 40083340  x(.@\(.@x&.@@3.@
03-14 14:22:29.637   342   342 I DEBUG   : 
03-14 14:22:29.637   342   342 I DEBUG   : memory near sp:
03-14 14:22:29.637   342   342 I DEBUG   :     bef786f0 40d58f28 40035cc4 00000000 40d58fe0  (..@.\.@.......@
03-14 14:22:29.637   342   342 I DEBUG   :     bef78700 00000000 00000003 df0027ad 00000000  .........'......
03-14 14:22:29.637   342   342 I DEBUG   :     bef78710 00000000 00000fc3 40d58f28 00013804  ........(..@.8..
03-14 14:22:29.637   342   342 I DEBUG   :     bef78720 00000001 40030eac 40035d84 40035d88  .......@.].@.].@
03-14 14:22:29.637   342   342 I DEBUG   :     bef78730 40035bb0 40d58f28 40d55f9c 40035df6  .[.@(..@._.@.].@
03-14 14:22:29.637   342   342 I DEBUG   : 
03-14 14:22:29.637   342   342 I DEBUG   : code around pc:
03-14 14:22:29.637   342   342 I DEBUG   :     400829d8 ef000000 e8bd0090 e1b00000 512fff1e  ............../Q
03-14 14:22:29.637   342   342 I DEBUG   :     400829e8 ea00b4ec e92d0090 e3a07004 ef000000  ......-..p......
03-14 14:22:29.637   342   342 I DEBUG   :     400829f8 e8bd0090 e1b00000 512fff1e ea00b4e5  ........../Q....
03-14 14:22:29.637   342   342 I DEBUG   :     40082a08 e1a0c00d e92d00f0 e89c0070 e3a070b4  ......-.p....p..
03-14 14:22:29.637   342   342 I DEBUG   :     40082a18 ef000000 e8bd00f0 e1b00000 512fff1e  ............../Q
03-14 14:22:29.637   342   342 I DEBUG   : 
03-14 14:22:29.637   342   342 I DEBUG   : code around lr:
03-14 14:22:29.637   342   342 I DEBUG   :     400194e0 f7f36800 4631ed6a 46584602 fe64f009  .h..j.1F.FXF..d.
03-14 14:22:29.637   342   342 I DEBUG   :     400194f0 b320e025 200146c2 463a4651 ed80f7f3  %. ..F. QF:F....
03-14 14:22:29.637   342   342 I DEBUG   :     40019500 bf1c1c43 0707ebc0 d1154482 ed1ef7f3  C........D......
03-14 14:22:29.637   342   342 I DEBUG   :     40019510 2a046802 f7f3d010 6800ed1a ed4cf7f3  .h.*.......h..L.
03-14 14:22:29.637   342   342 I DEBUG   :     40019520 44794916 48164602 f0094478 b17dfe45  .IyD.F.HxD..E.}.
03-14 14:22:29.647  1519  1519 W ResourceType: No package identifier when getting value for resource number 0x00000000
03-14 14:22:29.657  1519  1519 W ResourceType: No package identifier when getting value for resource number 0x00000000
03-14 14:22:29.657   709   734 I PackageManager: Running dexopt on: cs240.benjamin.familymap
03-14 14:22:29.667  1519  1519 W ResourceType: No package identifier when getting value for resource number 0x00000000
03-14 14:22:29.667  1519  1519 W ResourceType: No package identifier when getting value for resource number 0x00000000
03-14 14:22:29.677  1519  1519 W ResourceType: No package identifier when getting value for resource number 0x00000000
03-14 14:22:29.677  1519  1519 W ResourceType: No package identifier when getting value for resource number 0x00000000
03-14 14:22:29.687  1519  1519 W ResourceType: No package identifier when getting value for resource number 0x00000000
03-14 14:22:29.687  1519  1519 W ResourceType: No package identifier when getting value for resource number 0x00000000
03-14 14:22:29.687  1519  1519 W ResourceType: No package identifier when getting value for resource number 0x00000000
03-14 14:22:29.697  1519  1519 W ResourceType: No package identifier when getting value for resource number 0x00000000
03-14 14:22:29.697  1519  1519 W ResourceType: No package identifier when getting value for resource number 0x00000000
03-14 14:22:29.707  1519  1519 W ResourceType: No package identifier when getting value for resource number 0x00000000
03-14 14:22:29.707  1519  1519 W ResourceType: No package identifier when getting value for resource number 0x00000000
03-14 14:22:29.717  1519  1519 W ResourceType: No package identifier when getting value for resource number 0x00000000
03-14 14:22:29.717  1519  1519 W ResourceType: No package identifier when getting value for resource number 0x00000000
03-14 14:22:29.727  1519  1519 W ResourceType: No package identifier when getting value for resource number 0x00000000
03-14 14:22:29.727  1519  1519 W ResourceType: No package identifier when getting value for resource number 0x00000000
03-14 14:22:29.737  1519  1519 W ResourceType: No package identifier when getting value for resource number 0x00000000
03-14 14:22:29.737  1519  1519 W ResourceType: No package identifier when getting value for resource number 0x00000000
03-14 14:22:29.737  1519  1519 W ResourceType: No package identifier when getting value for resource number 0x00000000
03-14 14:22:29.747  1519  1519 W ResourceType: No package identifier when getting value for resource number 0x00000000
03-14 14:22:29.747  1519  1519 W ResourceType: No package identifier when getting value for resource number 0x00000000
03-14 14:22:29.757  1519  1519 W ResourceType: No package identifier when getting value for resource number 0x00000000
03-14 14:22:29.767  1519  1519 W ResourceType: No package identifier when getting value for resource number 0x00000000
03-14 14:22:29.767  1519  1519 W ResourceType: No package identifier when getting value for resource number 0x00000000
03-14 14:22:29.777  1519  1519 W ResourceType: No package identifier when getting value for resource number 0x00000000
03-14 14:22:29.777  1519  1519 W ResourceType: No package identifier when getting value for resource number 0x00000000
03-14 14:22:29.777  1519  1519 W ResourceType: No package identifier when getting value for resource number 0x00000000
03-14 14:22:29.787  1519  1519 W ResourceType: No package identifier when getting value for resource number 0x00000000
03-14 14:22:29.787  1519  1519 W ResourceType: No package identifier when getting value for resource number 0x00000000
03-14 14:22:29.797  1519  1519 W ResourceType: No package identifier when getting value for resource number 0x00000000
03-14 14:22:29.797  1519  1519 W ResourceType: No package identifier when getting value for resource number 0x00000000
03-14 14:22:29.807  1519  1519 W ResourceType: No package identifier when getting value for resource number 0x00000000
03-14 14:22:29.807  1519  1519 W ResourceType: No package identifier when getting value for resource number 0x00000000
03-14 14:22:29.817  1519  1519 W ResourceType: No package identifier when getting value for resource number 0x00000000
03-14 14:22:29.817  1519  1519 W ResourceType: No package identifier when getting value for resource number 0x00000000
03-14 14:22:29.827  1519  1519 W ResourceType: No package identifier when getting value for resource number 0x00000000
03-14 14:22:29.827  1519  1519 W ResourceType: No package identifier when getting value for resource number 0x00000000
03-14 14:22:29.827   709   725 W ActivityManager: Activity pause timeout for ActivityRecord{42122000 com.motorola.homescreen/.Launcher}
03-14 14:22:29.837  1519  1519 W ResourceType: No package identifier when getting value for resource number 0x00000000
03-14 14:22:29.837  1519  1519 W ResourceType: No package identifier when getting value for resource number 0x00000000
03-14 14:22:29.847  1519  1519 I Launcher: onPause
03-14 14:22:29.847  1519  1519 I Adreno200-EGLSUB: <ConfigWindowMatch:2087>: Format RGBA_8888.
03-14 14:22:29.937   344   506 I Adreno200-EGLSUB: <CreateImage:897>: Android Image
03-14 14:22:29.937   344   506 I Adreno200-EGLSUB: <GetImageAttributes:1106>: RGBA_8888
03-14 14:22:30.288 25214 25214 D dalvikvm: DexOpt: load 110ms, verify+opt 320ms, 1584484 bytes
03-14 14:22:30.428   709   730 I ActivityManager: Force stopping package cs240.benjamin.familymap uid=10117
03-14 14:22:30.428   709   734 W PackageManager: Code path for pkg : cs240.benjamin.familymap changing from /data/app/cs240.benjamin.familymap-2.apk to /data/app/cs240.benjamin.familymap-1.apk
03-14 14:22:30.428   709   734 W PackageManager: Resource path for pkg : cs240.benjamin.familymap changing from /data/app/cs240.benjamin.familymap-2.apk to /data/app/cs240.benjamin.familymap-1.apk
03-14 14:22:30.538   709   734 D PackageManager: New package installed in /data/app/cs240.benjamin.familymap-1.apk
03-14 14:22:30.628   709   735 I BootReceiver: Copying /data/tombstones/tombstone_05 to DropBox (SYSTEM_TOMBSTONE)
03-14 14:22:30.628   709   734 I ActivityManager: Force stopping package cs240.benjamin.familymap uid=10117
03-14 14:22:30.658   709   784 I InputManager-JNI: Setting pointerVelocityControlParameters.acceleration 3.000000 2.
03-14 14:22:30.658   709   784 I InputReader: Reconfiguring input devices.  changes=0x00000010
03-14 14:22:30.678  1046  1046 I RegisteredComponentCache: ComponentInfo: ResolveInfo{421c4318 com.android.apps.tag.TagViewer p=0 o=0 m=0x108000}, techs: android.nfc.tech.Ndef, 
03-14 14:22:30.688   709   725 D PackageManager: generateServicesMap(android.accounts.AccountAuthenticator): 8 services unchanged
03-14 14:22:30.698  1001  1001 D ModemStatsService: receive intent android.intent.action.DROPBOX_ENTRY_ADDED
03-14 14:22:30.728  1001  1001 D ModemStatsService: receive intent, tagname is SYSTEM_TOMBSTONE time is 1457986950659 isMobileDataConnected : false
03-14 14:22:30.748   972  1267 D AccountTypeManager: Registering external account type=com.motorola.contacts.preloaded, packageName=com.motorola.contacts.preloadcontacts
03-14 14:22:30.748   972  1267 D AccountTypeManager: find card account type,com.android.contacts
03-14 14:22:30.748   972  1267 D AccountTypeManager: Registering 1 extension packages
03-14 14:22:30.758   972  1267 E ExternalAccountType: Unsupported attribute readOnly
03-14 14:22:30.778  1046  1048 D dalvikvm: GC_CONCURRENT freed 1850K, 50% free 8551K/16963K, paused 12ms+3ms, total 79ms
03-14 14:22:30.788   972  1267 D AccountTypeManager: Registering extension package account type=com.google, dataSet=plus, packageName=com.google.android.apps.plus
03-14 14:22:30.788   972  1267 I AccountTypeManager: Loaded meta-data for 5 account types, 2 accounts in 119ms(wall) 17ms(cpu)
03-14 14:22:30.798   709   725 D PackageManager: generateServicesMap(android.content.SyncAdapter): 40 services unchanged
03-14 14:22:30.798   709   784 I InputManager-JNI: Setting pointerVelocityControlParameters.acceleration 3.000000 2.
03-14 14:22:30.798   709   784 I InputReader: Reconfiguring input devices.  changes=0x00000010
03-14 14:22:30.808  1046  1046 I RegisteredComponentCache: ComponentInfo: ResolveInfo{42092838 com.android.apps.tag.TagViewer p=0 o=0 m=0x108000}, techs: android.nfc.tech.Ndef, 
03-14 14:22:30.818 19309 19309 V PackageMonitor: onReceive - android.intent.action.PACKAGE_REMOVED
03-14 14:22:30.828  1519  1519 W ResourceType: No package identifier when getting value for resource number 0x00000000
03-14 14:22:30.838   972  1267 D AccountTypeManager: Registering external account type=com.motorola.contacts.preloaded, packageName=com.motorola.contacts.preloadcontacts
03-14 14:22:30.838   709   734 D dalvikvm: WAIT_FOR_CONCURRENT_GC blocked 0ms
03-14 14:22:30.838   709   725 D BackupManagerService: Received broadcast Intent { act=android.intent.action.PACKAGE_REMOVED dat=package:cs240.benjamin.familymap flg=0x8000010 (has extras) }
03-14 14:22:30.848   709   725 D PackageManager: generateServicesMap(android.accounts.AccountAuthenticator): 8 services unchanged
03-14 14:22:30.848   972  1267 D AccountTypeManager: find card account type,com.android.contacts
03-14 14:22:30.848   972  1267 D AccountTypeManager: Registering 1 extension packages
03-14 14:22:30.858  1519  1519 W ResourceType: No package identifier when getting value for resource number 0x00000000
03-14 14:22:30.868 19309 25223 V QuestTrackerService: Service started with android.intent.action.PACKAGE_REMOVED
03-14 14:22:30.868   972  1267 E ExternalAccountType: Unsupported attribute readOnly
03-14 14:22:30.868  1519  1519 W ResourceType: No package identifier when getting value for resource number 0x00000000
03-14 14:22:30.878  1519  1519 W ResourceType: No package identifier when getting value for resource number 0x00000000
03-14 14:22:30.878   709   725 D PackageManager: generateServicesMap(android.content.SyncAdapter): 40 services unchanged
03-14 14:22:30.878   709   725 D BackupManagerService: Received broadcast Intent { act=android.intent.action.PACKAGE_ADDED dat=package:cs240.benjamin.familymap flg=0x8000010 (has extras) }
03-14 14:22:30.878   709   725 V BackupManagerService: removePackageParticipantsLocked: uid=10117 #1
03-14 14:22:30.888 19309 25223 D QuestTrackerService: cs240.benjamin.familymapACTION_PACKAGE_REMOVEDIntent { act=android.intent.action.PACKAGE_REMOVED dat=package:cs240.benjamin.familymap flg=0x8000010 cmp=com.motorola.genie/.model.QuestTrackerService (has extras) }
03-14 14:22:30.898   972  1267 D AccountTypeManager: Registering extension package account type=com.google, dataSet=plus, packageName=com.google.android.apps.plus
03-14 14:22:30.898  1519  1519 W ResourceType: No package identifier when getting value for resource number 0x00000000
03-14 14:22:30.908  1519  1519 W ResourceType: No package identifier when getting value for resource number 0x00000000
03-14 14:22:30.908   972  1267 I AccountTypeManager: Loaded meta-data for 5 account types, 2 accounts in 112ms(wall) 17ms(cpu)
03-14 14:22:30.908  1519  1519 W ResourceType: No package identifier when getting value for resource number 0x00000000
03-14 14:22:30.918  1519  1519 W ResourceType: No package identifier when getting value for resource number 0x00000000
03-14 14:22:30.918  1519  1519 W ResourceType: No package identifier when getting value for resource number 0x00000000
03-14 14:22:30.928  1519  1519 W ResourceType: No package identifier when getting value for resource number 0x00000000
03-14 14:22:30.938  1519  1519 W ResourceType: No package identifier when getting value for resource number 0x00000000
03-14 14:22:30.938   709   725 V BackupManagerService: addPackageParticipantsLocked: #1
03-14 14:22:30.948  1519  1519 W ResourceType: No package identifier when getting value for resource number 0x00000000
03-14 14:22:30.948 10563 10563 D PackageChangeReceiver: onReceive(), action=android.intent.action.PACKAGE_REMOVED
03-14 14:22:30.948 10563 10563 D PackageChangeReceiver: ACTION_PACKAGE_REMOVED: cs240.benjamin.familymap
03-14 14:22:30.948 10563 10563 D PackageChangeReceiver: uninstallPackage
03-14 14:22:30.948 10563 10563 D PackageChangeReceiver: Sending out UPDATE_UI intent
03-14 14:22:30.948   709  1339 D MotDevicePolicyManagerService: Package cs240.benjamin.familymap, package state=0, action=android.intent.action.PACKAGE_ADDED
03-14 14:22:30.948   709  1339 D MotDevicePolicyManagerService: getAllAppBlackLists - no app blacklist set for all administrators
03-14 14:22:30.948   709  1339 D MotDevicePolicyManagerService: App WhiteList is disabled by all admins.
03-14 14:22:30.948   709  1339 D MotDevicePolicyManagerService: isPolicyAllowed - policy=AllowBrowserStrategy allowed by all admin.
03-14 14:22:30.948   709  1339 D MotDevicePolicyManagerService: isPolicyAllowed - policy=AllowConsumerEmailStrategy allowed by all admin.
03-14 14:22:30.948   709  1339 D MotDevicePolicyManagerService: isPolicyAllowed - policy=AllowTextMessagingStrategy allowed by all admin.
03-14 14:22:30.948   709  1339 D MotDevicePolicyManagerService: Package cs240.benjamin.familymap does NOT conflict with any policy.
03-14 14:22:30.958  1519  1519 W ResourceType: No package identifier when getting value for resource number 0x00000000
03-14 14:22:30.958 19358 19358 D Guardian: Package: cs240.benjamin.familymap action=android.intent.action.PACKAGE_REMOVED, status=null
03-14 14:22:30.958  1519  1519 W ResourceType: No package identifier when getting value for resource number 0x00000000
03-14 14:22:30.968  1519  1519 W ResourceType: No package identifier when getting value for resource number 0x00000000
03-14 14:22:30.968  1519  1519 W ResourceType: No package identifier when getting value for resource number 0x00000000
03-14 14:22:30.968   709  1109 D MotDevicePolicyManagerService: Package cs240.benjamin.familymap, package state=0, action=android.intent.action.PACKAGE_REPLACED
03-14 14:22:30.968   709  1109 D MotDevicePolicyManagerService: getAllAppBlackLists - no app blacklist set for all administrators
03-14 14:22:30.968   709  1109 D MotDevicePolicyManagerService: App WhiteList is disabled by all admins.
03-14 14:22:30.968   709  1109 D MotDevicePolicyManagerService: isPolicyAllowed - policy=AllowBrowserStrategy allowed by all admin.
03-14 14:22:30.968   709  1109 D MotDevicePolicyManagerService: isPolicyAllowed - policy=AllowConsumerEmailStrategy allowed by all admin.
03-14 14:22:30.968   709  1109 D MotDevicePolicyManagerService: isPolicyAllowed - policy=AllowTextMessagingStrategy allowed by all admin.
03-14 14:22:30.968   709  1109 D MotDevicePolicyManagerService: Package cs240.benjamin.familymap does NOT conflict with any policy.
03-14 14:22:30.978  1519  1519 W ResourceType: No package identifier when getting value for resource number 0x00000000
03-14 14:22:30.978  1519  1519 W ResourceType: No package identifier when getting value for resource number 0x00000000
03-14 14:22:30.988  1519  1519 W ResourceType: No package identifier when getting value for resource number 0x00000000
03-14 14:22:30.998  1519  1519 W ResourceType: No package identifier when getting value for resource number 0x00000000
03-14 14:22:30.998  1519  1519 W ResourceType: No package identifier when getting value for resource number 0x00000000
03-14 14:22:30.998 19388 25227 I PsfIntentHandler: android.intent.action.PACKAGE_REMOVED
03-14 14:22:31.008  1519  1519 W ResourceType: No package identifier when getting value for resource number 0x00000000
03-14 14:22:31.018  1519  1519 W ResourceType: No package identifier when getting value for resource number 0x00000000
03-14 14:22:31.018  1519  1519 W ResourceType: No package identifier when getting value for resource number 0x00000000
03-14 14:22:31.028  1519  1519 W ResourceType: No package identifier when getting value for resource number 0x00000000
03-14 14:22:31.038  1519  1519 W ResourceType: No package identifier when getting value for resource number 0x00000000
03-14 14:22:31.038  1519  1519 W ResourceType: No package identifier when getting value for resource number 0x00000000
03-14 14:22:31.048  1519  1519 W ResourceType: No package identifier when getting value for resource number 0x00000000
03-14 14:22:31.048  1519  1519 W ResourceType: No package identifier when getting value for resource number 0x00000000
03-14 14:22:31.058  1519  1519 W ResourceType: No package identifier when getting value for resource number 0x00000000
03-14 14:22:31.058  1519  1519 W ResourceType: No package identifier when getting value for resource number 0x00000000
03-14 14:22:31.058  1519  1519 W ResourceType: No package identifier when getting value for resource number 0x00000000
03-14 14:22:31.068  1519  1519 W ResourceType: No package identifier when getting value for resource number 0x00000000
03-14 14:22:31.068  1519  1519 W ResourceType: No package identifier when getting value for resource number 0x00000000
03-14 14:22:31.078  1519  1519 W ResourceType: No package identifier when getting value for resource number 0x00000000
03-14 14:22:31.078  1519  1519 W ResourceType: No package identifier when getting value for resource number 0x00000000
03-14 14:22:31.088  1519  1519 W ResourceType: No package identifier when getting value for resource number 0x00000000
03-14 14:22:31.088  1519  1519 W ResourceType: No package identifier when getting value for resource number 0x00000000
03-14 14:22:31.098  1519  1519 W ResourceType: No package identifier when getting value for resource number 0x00000000
03-14 14:22:31.098  1519  1519 W ResourceType: No package identifier when getting value for resource number 0x00000000
03-14 14:22:31.108  1704 25230 D PkgBroadcastIntentOp: Received broadcast action=android.intent.action.PACKAGE_REMOVED and uri=cs240.benjamin.familymap
03-14 14:22:31.128  1231  1231 E NetworkScheduler.SchedulerReceiver: Invalid parameter app
03-14 14:22:31.128  1231  1231 E NetworkScheduler.SchedulerReceiver: Invalid package name : Perhaps you didn't include a PendingIntent in the extras?
03-14 14:22:31.209  1704 25230 D WearableController: Received broadcast action=android.intent.action.PACKAGE_REMOVED and uri=cs240.benjamin.familymap
03-14 14:22:31.239   709   734 D dalvikvm: GC_EXPLICIT freed 3523K, 18% free 23590K/28423K, paused 4ms+27ms, total 391ms
03-14 14:22:31.239 25181 25181 D AndroidRuntime: Shutting down VM
03-14 14:22:31.249 25181 25187 D dalvikvm: GC_CONCURRENT freed 103K, 87% free 550K/4096K, paused 0ms+1ms, total 3ms
03-14 14:22:31.249 25181 25189 D jdwp    : Got wake-up signal, bailing out of select
03-14 14:22:31.249 25181 25189 D dalvikvm: Debugger has detached; object registry had 1 entries
03-14 14:22:31.249 25181 25236 I AndroidRuntime: NOTE: attach of thread 'Binder_3' failed
03-14 14:22:31.249  1704 25234 D gH_CompatibleDatabase: Open SQLiteDatabase: /data/data/com.google.android.gms/databases/metrics.db, release reference: 1
03-14 14:22:31.249  1704 25234 D gH_CompatibleDatabase: Acquire reference of SQLiteDatabase: /data/data/com.google.android.gms/databases/metrics.db: 2
03-14 14:22:31.259  1704 25234 D gH_MetricsDatabase: 0 metrics were deleted when clearing package cs240.benjamin.familymap.
03-14 14:22:31.259  1704 25234 D gH_CompatibleDatabase: Release reference of SQLiteDatabase: /data/data/com.google.android.gms/databases/metrics.db: 1
03-14 14:22:31.269  1704 25234 D gH_CompatibleDatabase: Open SQLiteDatabase: /data/data/com.google.android.gms/databases/help_responses.db, release reference: 1
03-14 14:22:31.269  1704 25234 D gH_CompatibleDatabase: Acquire reference of SQLiteDatabase: /data/data/com.google.android.gms/databases/help_responses.db: 2
03-14 14:22:31.269  1704 25234 D gH_CompatibleDatabase: Release reference of SQLiteDatabase: /data/data/com.google.android.gms/databases/help_responses.db: 1
03-14 14:22:31.269  1704 25234 D gH_CompatibleDatabase: Open SQLiteDatabase: /data/data/com.google.android.gms/databases/auto_complete_suggestions.db, release reference: 1
03-14 14:22:31.269  1704 25234 D gH_CompatibleDatabase: Acquire reference of SQLiteDatabase: /data/data/com.google.android.gms/databases/auto_complete_suggestions.db: 2
03-14 14:22:31.269  1704 25234 D gH_CompatibleDatabase: Release reference of SQLiteDatabase: /data/data/com.google.android.gms/databases/auto_complete_suggestions.db: 1
03-14 14:22:31.269  1704 25234 D gH_CompatibleDatabase: Close SQLiteDatabase: /data/data/com.google.android.gms/databases/metrics.db, release reference: 0
03-14 14:22:31.269  1704 25234 D gH_CompatibleDatabase: Close SQLiteDatabase: /data/data/com.google.android.gms/databases/help_responses.db, release reference: 0
03-14 14:22:31.279  1704 25234 D gH_CompatibleDatabase: Close SQLiteDatabase: /data/data/com.google.android.gms/databases/auto_complete_suggestions.db, release reference: 0
03-14 14:22:31.329 19309 19309 V PackageMonitor: onReceive - android.intent.action.PACKAGE_ADDED
